<!-- Generated by jmldoc -->
<!DOCTYPE HTML PUBLIC "-//W3C//DTD HTML 4.01 Transitional//EN" "http://www.w3.org/TR/html4/loose.dtd">
<!--NewPage-->
<HTML lang="en">
<HEAD>
<TITLE>
A
</TITLE>


<LINK REL ="stylesheet" TYPE="text/css" HREF="stylesheet.css" TITLE="Style">

<SCRIPT type="text/javascript">
function windowTitle()
{
    if (location.href.indexOf('is-external=true') == -1) {
        parent.document.title="A";
    }
}
</SCRIPT>
<NOSCRIPT>
</NOSCRIPT>

</HEAD>

<BODY BGCOLOR="white" onload="windowTitle();">
<HR>


<!-- ========= START OF TOP NAVBAR ======= -->
<A NAME="navbar_top"><!-- --></A>
<A HREF="#skip-navbar_top" title="Skip navigation links"></A>
<TABLE BORDER="0" WIDTH="100%" CELLPADDING="1" CELLSPACING="0" SUMMARY="">
<TR>
<TD COLSPAN=2 BGCOLOR="#EEEEFF" CLASS="NavBarCell1">
<A NAME="navbar_top_firstrow"><!-- --></A>
<TABLE BORDER="0" CELLPADDING="0" CELLSPACING="3" SUMMARY="">
  <TR ALIGN="center" VALIGN="top">
  <TD BGCOLOR="#EEEEFF" CLASS="NavBarCell1">    <A HREF="package-summary.html"><FONT CLASS="NavBarFont1"><STRONG>Package</STRONG></FONT></A>&nbsp;</TD>
  <TD BGCOLOR="#FFFFFF" CLASS="NavBarCell1Rev"> &nbsp;<FONT CLASS="NavBarFont1Rev"><STRONG>Class</STRONG></FONT>&nbsp;</TD>
  <TD BGCOLOR="#EEEEFF" CLASS="NavBarCell1">    <A HREF="package-tree.html"><FONT CLASS="NavBarFont1"><STRONG>Tree</STRONG></FONT></A>&nbsp;</TD>
  <TD BGCOLOR="#EEEEFF" CLASS="NavBarCell1">    <A HREF="deprecated-list.html"><FONT CLASS="NavBarFont1"><STRONG>Deprecated</STRONG></FONT></A>&nbsp;</TD>
  <TD BGCOLOR="#EEEEFF" CLASS="NavBarCell1">    <A HREF="index-all.html"><FONT CLASS="NavBarFont1"><STRONG>Index</STRONG></FONT></A>&nbsp;</TD>
  <TD BGCOLOR="#EEEEFF" CLASS="NavBarCell1">    <A HREF="help-doc.html"><FONT CLASS="NavBarFont1"><STRONG>Help</STRONG></FONT></A>&nbsp;</TD>
  </TR>
</TABLE>
</TD>
<TD ALIGN="right" VALIGN="top" ROWSPAN=3><EM>
</EM>
</TD>
</TR>

<TR>
<TD BGCOLOR="white" CLASS="NavBarCell2"><FONT SIZE="-2">
&nbsp;PREV CLASS&nbsp;
&nbsp;<A HREF="A.Annot.html" title="annotation in &lt;Unnamed&gt;"><STRONG>NEXT CLASS</STRONG></A></FONT></TD>
<TD BGCOLOR="white" CLASS="NavBarCell2"><FONT SIZE="-2">
  <A HREF="index.html?A.html" target="_top"><STRONG>FRAMES</STRONG></A>  &nbsp;
&nbsp;<A HREF="A.html" target="_top"><STRONG>NO FRAMES</STRONG></A>  &nbsp;
&nbsp;<SCRIPT type="text/javascript">
  <!--
  if(window==top) {
    document.writeln('<A HREF="allclasses-noframe.html"><STRONG>All Classes</STRONG></A>');
  }
  //-->
</SCRIPT>
<NOSCRIPT>
  <A HREF="allclasses-noframe.html"><STRONG>All Classes</STRONG></A>
</NOSCRIPT>


</FONT></TD>
</TR>
<TR>
<TD VALIGN="top" CLASS="NavBarCell3"><FONT SIZE="-2">
  SUMMARY:&nbsp;<A HREF="#nested_class_summary">NESTED</A>&nbsp;|&nbsp;<A HREF="#field_summary">FIELD</A>&nbsp;|&nbsp;<A HREF="#constructor_summary">CONSTR</A>&nbsp;|&nbsp;<A HREF="#method_summary">METHOD</A></FONT></TD>
<TD VALIGN="top" CLASS="NavBarCell3"><FONT SIZE="-2">
DETAIL:&nbsp;<A HREF="#field_detail">FIELD</A>&nbsp;|&nbsp;<A HREF="#constructor_detail">CONSTR</A>&nbsp;|&nbsp;<A HREF="#method_detail">METHOD</A></FONT></TD>
</TR>
</TABLE>
<A NAME="skip-navbar_top"></A>
<!-- ========= END OF TOP NAVBAR ========= -->

<HR>
<!-- ======== START OF CLASS DATA ======== -->
<H2>
Class A</H2>
<PRE>
java.lang.Object
  <IMG SRC="./resources/inherit.gif" ALT="extended by "><STRONG>A</STRONG>
</PRE>
<HR>
<PRE><FONT SIZE="-1">@Pure
</FONT>public class <STRONG>A</STRONG>
extends java.lang.Object</PRE>

<P>
Documentation of class A
<P>

<P>

<TABLE BORDER="1" WIDTH="100%" CELLPADDING="3" CELLSPACING="0" SUMMARY="">
<TR BGCOLOR="#CCCCFF" CLASS="TableHeadingColor">
<TH ALIGN="left" COLSPAN="1"><FONT SIZE="+2">
<CAPTION CLASS="TableCaption">
<STRONG>JML Specifications</STRONG></FONT></TH>
</TR>
</CAPTION>
<TR BGCOLOR="white" CLASS="TableRowColor">
<TD ALIGN="left" VALIGN="top" WIDTH="1%">
<PRE>    invariant true; 
    constraint false; 
    initially true; 
    axiom true; 
</PRE>
<STRONG>JML Specifications inherited from BB: </STRONG><PRE>    invariant false; 
</PRE>
<STRONG>JML Specifications inherited from BInterface: </STRONG><PRE>    invariant false; 
</PRE>
<STRONG>JML Specifications inherited from BEInterface: </STRONG><PRE>    invariant false && false; 
</PRE>
</TD></TR>
</TABLE>
&nbsp;
<P>
<HR>

<P>
<!-- ======== NESTED CLASS SUMMARY ======== -->

<A NAME="nested_class_summary"><!-- --></A>
<TABLE BORDER="1" WIDTH="100%" CELLPADDING="3" CELLSPACING="0" SUMMARY="Nested Class Summary table, listing nested classes, and an explanation">
<CAPTION CLASS="TableCaption">
Nested Class Summary</CAPTION>
<TR>
<TH CLASS="TableHeader" SCOPE="col" NOWRAP>Modifier and Type</TH>
<TH CLASS="TableHeader" SCOPE="col" NOWRAP>Class and Description</TH>
</TR>
<TR BGCOLOR="white" CLASS="TableRowColor">
<TD ALIGN="right" VALIGN="top" WIDTH="1%"><FONT SIZE="-1">
<CODE>static&nbsp;interface</CODE></FONT></TD>
<TD><CODE><STRONG><A HREF="A.Annot.html" title="annotation in &lt;Unnamed&gt;">A.Annot</A></STRONG></CODE>

<BR>
&nbsp;&nbsp;&nbsp;&nbsp;&nbsp;&nbsp;&nbsp;&nbsp;&nbsp;&nbsp;&nbsp;</TD>
</TR>
<TR BGCOLOR="white" CLASS="TableRowColor">
<TD ALIGN="right" VALIGN="top" WIDTH="1%"><FONT SIZE="-1">
<CODE><FONT SIZE="-1">@Pure
</FONT>static&nbsp;class</CODE></FONT></TD>
<TD><CODE><STRONG><A HREF="A.B.html" title="class in &lt;Unnamed&gt;">A.B</A></STRONG></CODE>

<BR>
&nbsp;&nbsp;&nbsp;&nbsp;&nbsp;&nbsp;&nbsp;&nbsp;&nbsp;&nbsp;DOcumentation for class B.</TD>
</TR>
<TR BGCOLOR="white" CLASS="TableRowColor">
<TD ALIGN="right" VALIGN="top" WIDTH="1%"><FONT SIZE="-1">
<CODE><FONT SIZE="-1">@Pure
</FONT>static&nbsp;interface</CODE></FONT></TD>
<TD><CODE><STRONG><A HREF="A.BNInterface_nodoc.html" title="interface in &lt;Unnamed&gt;">A.BNInterface_nodoc</A></STRONG></CODE>

<BR>
&nbsp;&nbsp;&nbsp;&nbsp;&nbsp;&nbsp;&nbsp;&nbsp;&nbsp;&nbsp;&nbsp;</TD>
</TR>
<TR BGCOLOR="white" CLASS="TableRowColor">
<TD ALIGN="right" VALIGN="top" WIDTH="1%"><FONT SIZE="-1">
<CODE>static&nbsp;class</CODE></FONT></TD>
<TD><CODE><STRONG><A HREF="A.consts.html" title="enum in &lt;Unnamed&gt;">A.consts</A></STRONG></CODE>

<BR>
&nbsp;&nbsp;&nbsp;&nbsp;&nbsp;&nbsp;&nbsp;&nbsp;&nbsp;&nbsp;&nbsp;</TD>
</TR>
<TR BGCOLOR="white" CLASS="TableRowColor">
<TD ALIGN="right" VALIGN="top" WIDTH="1%"><FONT SIZE="-1">
<CODE>static&nbsp;class</CODE></FONT></TD>
<TD><CODE><STRONG>BB.BBB</STRONG></CODE>

<BR>
&nbsp;&nbsp;&nbsp;&nbsp;&nbsp;&nbsp;&nbsp;&nbsp;&nbsp;&nbsp;&nbsp;</TD>
</TR>
</TABLE>
&nbsp;
<TABLE BORDER="1" WIDTH="100%" CELLPADDING="3" CELLSPACING="0" SUMMARY="">
<TR BGCOLOR="#CCCCFF" CLASS="TableHeadingColor">
<TH ALIGN="left" COLSPAN="2"><FONT SIZE="+2">
<CAPTION CLASS="TableCaption">
<STRONG>JML Nested Model Class Summary</STRONG></FONT></TH>
</TR>
</CAPTION>
<TR>
<TH CLASS="TableHeader" SCOPE="col" NOWRAP>Modifier and Type</TH>
<TH CLASS="TableHeader" SCOPE="col" NOWRAP>Class and Description</TH>
</TR>
<TR BGCOLOR="white" CLASS="TableRowColor">
<TD ALIGN="right" VALIGN="top" WIDTH="1%"><FONT SIZE="-1">
<CODE><FONT SIZE="-1">@Model
</FONT>static&nbsp;interface</CODE></FONT></TD>
<TD><CODE><STRONG>A.BMInterface</STRONG></CODE>

<BR>
&nbsp;&nbsp;&nbsp;&nbsp;&nbsp;&nbsp;&nbsp;&nbsp;&nbsp;&nbsp;Documentation for a model nested interface.</TD>
</TR>
<TR BGCOLOR="white" CLASS="TableRowColor">
<TD ALIGN="right" VALIGN="top" WIDTH="1%"><FONT SIZE="-1">
<CODE><FONT SIZE="-1">@Model
</FONT>static&nbsp;interface</CODE></FONT></TD>
<TD><CODE><STRONG>A.MAnnot</STRONG></CODE>

<BR>
&nbsp;&nbsp;&nbsp;&nbsp;&nbsp;&nbsp;&nbsp;&nbsp;&nbsp;&nbsp;Model annotation</TD>
</TR>
<TR BGCOLOR="white" CLASS="TableRowColor">
<TD ALIGN="right" VALIGN="top" WIDTH="1%"><FONT SIZE="-1">
<CODE><FONT SIZE="-1">@Model
</FONT>static&nbsp;class</CODE></FONT></TD>
<TD><CODE><STRONG>A.MB</STRONG></CODE>

<BR>
&nbsp;&nbsp;&nbsp;&nbsp;&nbsp;&nbsp;&nbsp;&nbsp;&nbsp;&nbsp;Documentation for a model nested class but not BNInterface.</TD>
</TR>
<TR BGCOLOR="white" CLASS="TableRowColor">
<TD ALIGN="right" VALIGN="top" WIDTH="1%"><FONT SIZE="-1">
<CODE><FONT SIZE="-1">@Model
</FONT>static&nbsp;class</CODE></FONT></TD>
<TD><CODE><STRONG>A.MC</STRONG></CODE>

<BR>
&nbsp;&nbsp;&nbsp;&nbsp;&nbsp;&nbsp;&nbsp;&nbsp;&nbsp;&nbsp;&nbsp;</TD>
</TR>
</TABLE>
&nbsp;<!-- =========== FIELD SUMMARY =========== -->

<A NAME="field_summary"><!-- --></A>
<TABLE BORDER="1" WIDTH="100%" CELLPADDING="3" CELLSPACING="0" SUMMARY="Field Summary table, listing fields, and an explanation">
<CAPTION CLASS="TableCaption">
Field Summary</CAPTION>
<TR>
<TH CLASS="TableHeader" SCOPE="col" NOWRAP>Modifier and Type</TH>
<TH CLASS="TableHeader" SCOPE="col" NOWRAP>Field and Description</TH>
</TR>
<TR BGCOLOR="white" CLASS="TableRowColor">
<TD ALIGN="right" VALIGN="top" WIDTH="1%"><FONT SIZE="-1">
<CODE>&nbsp;<A HREF="A.html" title="class in &lt;Unnamed&gt;">A</A></CODE></FONT></TD>
<TD><CODE><STRONG><A HREF="A.html#a">a</A></STRONG></CODE>

<BR>
&nbsp;&nbsp;&nbsp;&nbsp;&nbsp;&nbsp;&nbsp;&nbsp;&nbsp;&nbsp;Documentatino for a ghost field and for fboth</TD>
</TR>
<TR BGCOLOR="white" CLASS="TableRowColor">
<TD ALIGN="right" VALIGN="top" WIDTH="1%"><FONT SIZE="-1">
<CODE><FONT SIZE="-1">@Secret
</FONT>&nbsp;java.lang.Object</CODE></FONT></TD>
<TD><CODE><STRONG><A HREF="A.html#fannot_nodocs">fannot_nodocs</A></STRONG></CODE>

<BR>
&nbsp;&nbsp;&nbsp;&nbsp;&nbsp;&nbsp;&nbsp;&nbsp;&nbsp;&nbsp;&nbsp;</TD>
</TR>
<TR BGCOLOR="white" CLASS="TableRowColor">
<TD ALIGN="right" VALIGN="top" WIDTH="1%"><FONT SIZE="-1">
<CODE><FONT SIZE="-1">@Secret
</FONT>&nbsp;java.lang.Object</CODE></FONT></TD>
<TD><CODE><STRONG><A HREF="A.html#fboth">fboth</A></STRONG></CODE>

<BR>
&nbsp;&nbsp;&nbsp;&nbsp;&nbsp;&nbsp;&nbsp;&nbsp;&nbsp;&nbsp;&nbsp;</TD>
</TR>
<TR BGCOLOR="white" CLASS="TableRowColor">
<TD ALIGN="right" VALIGN="top" WIDTH="1%"><FONT SIZE="-1">
<CODE><FONT SIZE="-1">@Secret
</FONT>&nbsp;java.lang.Object</CODE></FONT></TD>
<TD><CODE><STRONG><A HREF="A.html#fclauses_nodocs">fclauses_nodocs</A></STRONG></CODE>

<BR>
&nbsp;&nbsp;&nbsp;&nbsp;&nbsp;&nbsp;&nbsp;&nbsp;&nbsp;&nbsp;&nbsp;</TD>
</TR>
<TR BGCOLOR="white" CLASS="TableRowColor">
<TD ALIGN="right" VALIGN="top" WIDTH="1%"><FONT SIZE="-1">
<CODE>protected &nbsp;java.lang.Object</CODE></FONT></TD>
<TD><CODE><STRONG><A HREF="A.html#fnone_nodocs">fnone_nodocs</A></STRONG></CODE>

<BR>
&nbsp;&nbsp;&nbsp;&nbsp;&nbsp;&nbsp;&nbsp;&nbsp;&nbsp;&nbsp;&nbsp;</TD>
</TR>
<TR BGCOLOR="white" CLASS="TableRowColor">
<TD ALIGN="right" VALIGN="top" WIDTH="1%"><FONT SIZE="-1">
<CODE>&nbsp;int</CODE></FONT></TD>
<TD><CODE><STRONG><A HREF="A.html#z_public">z_public</A></STRONG></CODE>

<BR>
&nbsp;&nbsp;&nbsp;&nbsp;&nbsp;&nbsp;&nbsp;&nbsp;&nbsp;&nbsp;&nbsp;</TD>
</TR>
</TABLE>
&nbsp;
<TABLE BORDER="1" WIDTH="100%" CELLPADDING="3" CELLSPACING="0" SUMMARY="">
<TR BGCOLOR="#CCCCFF" CLASS="TableHeadingColor">
<TH ALIGN="left" COLSPAN="2"><FONT SIZE="+2">
<CAPTION CLASS="TableCaption">
<STRONG>JML Ghost and Model Field Summary</STRONG></FONT></TH>
</TR>
</CAPTION>
<TR>
<TH CLASS="TableHeader" SCOPE="col" NOWRAP>Modifier and Type</TH>
<TH CLASS="TableHeader" SCOPE="col" NOWRAP>Field and Description</TH>
</TR>
<TR BGCOLOR="white" CLASS="TableRowColor">
<TD ALIGN="right" VALIGN="top" WIDTH="1%"><FONT SIZE="-1">
<CODE><FONT SIZE="-1">@Secret
@Model
</FONT>&nbsp;int</CODE></FONT></TD>
<TD><CODE><STRONG><A HREF="A.html#i">i</A></STRONG></CODE>

<BR>
&nbsp;&nbsp;&nbsp;&nbsp;&nbsp;&nbsp;&nbsp;&nbsp;&nbsp;&nbsp;Documentation for a model field</TD>
</TR>
<TR BGCOLOR="white" CLASS="TableRowColor">
<TD ALIGN="right" VALIGN="top" WIDTH="1%"><FONT SIZE="-1">
<CODE><FONT SIZE="-1">@Model
@Secret
</FONT>&nbsp;org.jmlspecs.lang.JMLDataGroup</CODE></FONT></TD>
<TD><CODE><STRONG><A HREF="A.html#q">q</A></STRONG></CODE>

<BR>
&nbsp;&nbsp;&nbsp;&nbsp;&nbsp;&nbsp;&nbsp;&nbsp;&nbsp;&nbsp;&nbsp;</TD>
</TR>
</TABLE>
&nbsp;
<!-- ======== CONSTRUCTOR SUMMARY ======== -->

<A NAME="constructor_summary"><!-- --></A>
<TABLE BORDER="1" WIDTH="100%" CELLPADDING="3" CELLSPACING="0" SUMMARY="Constructor Summary table, listing constructors, and an explanation">
<CAPTION CLASS="TableCaption">
Constructor Summary</CAPTION>
<TR>
<TH CLASS="TableHeader" SCOPE="col" NOWRAP>Constructor and Description</TH>
</TR>
<TR BGCOLOR="white" CLASS="TableRowColor">
<TD><CODE><STRONG><A HREF="A.html#A()">A</A></STRONG>()</CODE>

<BR>
&nbsp;&nbsp;&nbsp;&nbsp;&nbsp;&nbsp;&nbsp;&nbsp;&nbsp;&nbsp;Documentation of a constructor with specs</TD>
</TR>
<TR BGCOLOR="white" CLASS="TableRowColor">
<TD><CODE><STRONG><A HREF="A.html#A(java.lang.Object, java.lang.Object)">A</A></STRONG>(<FONT SIZE="-1">@Nullable</FONT>
  java.lang.Object&nbsp;o,
  java.lang.Object&nbsp;oo)</CODE>

<BR>
&nbsp;&nbsp;&nbsp;&nbsp;&nbsp;&nbsp;&nbsp;&nbsp;&nbsp;&nbsp;Documentation of a constructor without specs</TD>
</TR>
</TABLE>
&nbsp;
<TABLE BORDER="1" WIDTH="100%" CELLPADDING="3" CELLSPACING="0" SUMMARY="">
<TR BGCOLOR="#CCCCFF" CLASS="TableHeadingColor">
<TH ALIGN="left" COLSPAN="1"><FONT SIZE="+2">
<CAPTION CLASS="TableCaption">
<STRONG>JML Model Constructor Summary</STRONG></FONT></TH>
</TR>
</CAPTION>
<TR>
<TH CLASS="TableHeader" SCOPE="col" NOWRAP>Constructor and Description</TH>
</TR>
<TR BGCOLOR="white" CLASS="TableRowColor">
<TD><CODE><STRONG><A HREF="A.html#A(float)">A</A></STRONG>(float&nbsp;i)</CODE>

<BR>
&nbsp;&nbsp;&nbsp;&nbsp;&nbsp;&nbsp;&nbsp;&nbsp;&nbsp;&nbsp;&nbsp;</TD>
</TR>
<TR BGCOLOR="white" CLASS="TableRowColor">
<TD><CODE><STRONG><A HREF="A.html#A(float, int, int)">A</A></STRONG>(float&nbsp;nodocs,
  int&nbsp;j,
  int&nbsp;k)</CODE>

<BR>
&nbsp;&nbsp;&nbsp;&nbsp;&nbsp;&nbsp;&nbsp;&nbsp;&nbsp;&nbsp;&nbsp;</TD>
</TR>
<TR BGCOLOR="white" CLASS="TableRowColor">
<TD><CODE><STRONG><A HREF="A.html#A(int)">A</A></STRONG>(int&nbsp;i)</CODE>

<BR>
&nbsp;&nbsp;&nbsp;&nbsp;&nbsp;&nbsp;&nbsp;&nbsp;&nbsp;&nbsp;Documentation for a model constructor with specs.</TD>
</TR>
<TR BGCOLOR="white" CLASS="TableRowColor">
<TD><CODE><STRONG><A HREF="A.html#A(int, int, java.lang.Object, java.lang.Object)">A</A></STRONG>(int&nbsp;i,
  int&nbsp;j,
  <FONT SIZE="-1">@NonNull</FONT>
  java.lang.Object&nbsp;k,
  <FONT SIZE="-1">@NonNull</FONT>
  java.lang.Object&nbsp;m)</CODE>

<BR>
&nbsp;&nbsp;&nbsp;&nbsp;&nbsp;&nbsp;&nbsp;&nbsp;&nbsp;&nbsp;Documentation for a model constructor with no specs.</TD>
</TR>
<TR BGCOLOR="white" CLASS="TableRowColor">
<TD><CODE><STRONG><A HREF="A.html#A(java.lang.Object)">A</A></STRONG>(java.lang.Object&nbsp;i)</CODE>

<BR>
&nbsp;&nbsp;&nbsp;&nbsp;&nbsp;&nbsp;&nbsp;&nbsp;&nbsp;&nbsp;&nbsp;</TD>
</TR>
</TABLE>
&nbsp;
<!-- ========== METHOD SUMMARY =========== -->

<A NAME="method_summary"><!-- --></A>
<TABLE BORDER="1" WIDTH="100%" CELLPADDING="3" CELLSPACING="0" SUMMARY="Method Summary table, listing methods, and an explanation">
<CAPTION CLASS="TableCaption">
Method Summary</CAPTION>
<TR>
<TH CLASS="TableHeader" SCOPE="col" NOWRAP>Modifier and Type</TH>
<TH CLASS="TableHeader" SCOPE="col" NOWRAP>Method and Description</TH>
</TR>
<TR BGCOLOR="white" CLASS="TableRowColor">
<TD ALIGN="right" VALIGN="top" WIDTH="1%"><FONT SIZE="-1">
<CODE>&nbsp;void</CODE></FONT></TD>
<TD><CODE><STRONG><A HREF="A.html#docnospecs()">docnospecs</A></STRONG>()</CODE>

<BR>
&nbsp;&nbsp;&nbsp;&nbsp;&nbsp;&nbsp;&nbsp;&nbsp;&nbsp;&nbsp;Doc but no specs</TD>
</TR>
<TR BGCOLOR="white" CLASS="TableRowColor">
<TD ALIGN="right" VALIGN="top" WIDTH="1%"><FONT SIZE="-1">
<CODE><FONT SIZE="-1">@Pure
</FONT>&nbsp;int</CODE></FONT></TD>
<TD><CODE><STRONG><A HREF="A.html#m(java.lang.Object)">m</A></STRONG>(<FONT SIZE="-1">@NonNull</FONT>
  java.lang.Object&nbsp;o)</CODE>

<BR>
&nbsp;&nbsp;&nbsp;&nbsp;&nbsp;&nbsp;&nbsp;&nbsp;&nbsp;&nbsp;Documentation of method m with specs.</TD>
</TR>
<TR BGCOLOR="white" CLASS="TableRowColor">
<TD ALIGN="right" VALIGN="top" WIDTH="1%"><FONT SIZE="-1">
<CODE>&nbsp;int</CODE></FONT></TD>
<TD><CODE><STRONG><A HREF="A.html#mm()">mm</A></STRONG>()</CODE>

<BR>
&nbsp;&nbsp;&nbsp;&nbsp;&nbsp;&nbsp;&nbsp;&nbsp;&nbsp;&nbsp;&nbsp;</TD>
</TR>
<TR BGCOLOR="white" CLASS="TableRowColor">
<TD ALIGN="right" VALIGN="top" WIDTH="1%"><FONT SIZE="-1">
<CODE><FONT SIZE="-1">@Pure
</FONT>&nbsp;int</CODE></FONT></TD>
<TD><CODE><STRONG><A HREF="A.html#mm(java.lang.Object)">mm</A></STRONG>(java.lang.Object&nbsp;o)</CODE>

<BR>
&nbsp;&nbsp;&nbsp;&nbsp;&nbsp;&nbsp;&nbsp;&nbsp;&nbsp;&nbsp;&nbsp;</TD>
</TR>
<TR BGCOLOR="white" CLASS="TableRowColor">
<TD ALIGN="right" VALIGN="top" WIDTH="1%"><FONT SIZE="-1">
<CODE>&nbsp;int</CODE></FONT></TD>
<TD><CODE><STRONG><A HREF="A.html#mmod(java.lang.Object)">mmod</A></STRONG>(<FONT SIZE="-1">@NonNull</FONT>
     java.lang.Object&nbsp;o)</CODE>

<BR>
&nbsp;&nbsp;&nbsp;&nbsp;&nbsp;&nbsp;&nbsp;&nbsp;&nbsp;&nbsp;Documentation of method m with specs.</TD>
</TR>
<TR BGCOLOR="white" CLASS="TableRowColor">
<TD ALIGN="right" VALIGN="top" WIDTH="1%"><FONT SIZE="-1">
<CODE><FONT SIZE="-1">@NonNull
</FONT>&nbsp;java.lang.Object</CODE></FONT></TD>
<TD><CODE><STRONG><A HREF="A.html#n(java.lang.String)">n</A></STRONG>(java.lang.String&nbsp;s)</CODE>

<BR>
&nbsp;&nbsp;&nbsp;&nbsp;&nbsp;&nbsp;&nbsp;&nbsp;&nbsp;&nbsp;&nbsp;</TD>
</TR>
<TR BGCOLOR="white" CLASS="TableRowColor">
<TD ALIGN="right" VALIGN="top" WIDTH="1%"><FONT SIZE="-1">
<CODE>&nbsp;java.lang.Object</CODE></FONT></TD>
<TD><CODE><STRONG><A HREF="A.html#nn(java.lang.String)">nn</A></STRONG>(java.lang.String&nbsp;s)</CODE>

<BR>
&nbsp;&nbsp;&nbsp;&nbsp;&nbsp;&nbsp;&nbsp;&nbsp;&nbsp;&nbsp;&nbsp;</TD>
</TR>
<TR BGCOLOR="white" CLASS="TableRowColor">
<TD ALIGN="right" VALIGN="top" WIDTH="1%"><FONT SIZE="-1">
<CODE><FONT SIZE="-1">@Deprecated
</FONT>&nbsp;void</CODE></FONT></TD>
<TD><CODE><STRONG><A HREF="A.html#nodocnospecs()">nodocnospecs</A></STRONG>()</CODE>

<BR>
&nbsp;&nbsp;&nbsp;&nbsp;&nbsp;&nbsp;&nbsp;&nbsp;&nbsp;&nbsp;<STRONG>Deprecated.</STRONG>&nbsp;</TD>
</TR>
<TR BGCOLOR="white" CLASS="TableRowColor">
<TD ALIGN="right" VALIGN="top" WIDTH="1%"><FONT SIZE="-1">
<CODE><FONT SIZE="-1">@Query
</FONT>&nbsp;void</CODE></FONT></TD>
<TD><CODE><STRONG><A HREF="A.html#q()">q</A></STRONG>()</CODE>

<BR>
&nbsp;&nbsp;&nbsp;&nbsp;&nbsp;&nbsp;&nbsp;&nbsp;&nbsp;&nbsp;&nbsp;</TD>
</TR>
<TR BGCOLOR="white" CLASS="TableRowColor">
<TD ALIGN="right" VALIGN="top" WIDTH="1%"><FONT SIZE="-1">
<CODE>&nbsp;void</CODE></FONT></TD>
<TD><CODE><STRONG><A HREF="A.html#tttt(java.lang.Object, java.lang.Object, java.lang.Object, java.lang.Object)">tttt</A></STRONG>(<FONT SIZE="-1">@NonNull</FONT>
     java.lang.Object&nbsp;a,
     java.lang.Object&nbsp;b,
     java.lang.Object&nbsp;c,
     <FONT SIZE="-1">@Nullable</FONT>
     java.lang.Object&nbsp;d)</CODE>

<BR>
&nbsp;&nbsp;&nbsp;&nbsp;&nbsp;&nbsp;&nbsp;&nbsp;&nbsp;&nbsp;&nbsp;</TD>
</TR>
</TABLE>
&nbsp;<A NAME="methods_inherited_from_class_java.lang.Object"><!-- --></A>
<TABLE BORDER="1" WIDTH="100%" CELLPADDING="3" CELLSPACING="0" SUMMARY="">
<TR BGCOLOR="#EEEEFF" CLASS="TableSubHeadingColor">
<TH ALIGN="left"><STRONG>Methods inherited from class java.lang.Object</STRONG></TH>
</TR>
<TR BGCOLOR="white" CLASS="TableRowColor">
<TD><CODE>clone, equals, finalize, getClass, hashCode, notify, notifyAll, toString, wait, wait, wait</CODE></TD>
</TR>
</TABLE>
&nbsp;
<P>

<!-- ============ FIELD DETAIL =========== -->

<A NAME="field_detail"><!-- --></A>
<TABLE BORDER="1" WIDTH="100%" CELLPADDING="3" CELLSPACING="0" SUMMARY="">
<TR BGCOLOR="#CCCCFF" CLASS="TableHeadingColor">
<TH ALIGN="left" COLSPAN="1"><FONT SIZE="+2">
<STRONG>Field Detail</STRONG></FONT></TH>
</TR>
</TABLE>

<A NAME="a"><!-- --></A><H3>
a</H3>
<PRE>
public <A HREF="A.html" title="class in &lt;Unnamed&gt;">A</A> <STRONG>a</STRONG></PRE>
<DL>
<DD>Documentatino for a ghost field and for fboth
<P>
</DD>
</DL>
<HR>

<A NAME="fboth"><!-- --></A><H3>
fboth</H3>
<PRE>
<FONT SIZE="-1">@Secret
</FONT>public java.lang.Object <STRONG>fboth</STRONG></PRE>
<STRONG>JML Specifications: </STRONG> @NonNull @Secret<DL>
<PRE>    in i; 
    maps a.i \into i; 
</PRE>
</DL>
<HR>

<A NAME="fannot_nodocs"><!-- --></A><H3>
fannot_nodocs</H3>
<PRE>
<FONT SIZE="-1">@Secret
</FONT>public java.lang.Object <STRONG>fannot_nodocs</STRONG></PRE>
<STRONG>JML Specifications: </STRONG> @NonNull @Secret<DL>
<PRE>    in i; 
</PRE>
</DL>
<HR>

<A NAME="fnone_nodocs"><!-- --></A><H3>
fnone_nodocs</H3>
<PRE>
protected java.lang.Object <STRONG>fnone_nodocs</STRONG></PRE>
<HR>

<A NAME="fclauses_nodocs"><!-- --></A><H3>
fclauses_nodocs</H3>
<PRE>
<FONT SIZE="-1">@Secret
</FONT>public java.lang.Object <STRONG>fclauses_nodocs</STRONG></PRE>
<STRONG>JML Specifications: </STRONG> @Secret<DL>
<PRE>    in i; 
    maps a.i \into i; 
</PRE>
</DL>
<HR>

<A NAME="z_public"><!-- --></A><H3>
z_public</H3>
<PRE>
public int <STRONG>z_public</STRONG></PRE>

<TABLE BORDER="1" WIDTH="100%" CELLPADDING="3" CELLSPACING="0" SUMMARY="">
<TR BGCOLOR="#CCCCFF" CLASS="TableHeadingColor">
<TH ALIGN="left" COLSPAN="1"><FONT SIZE="+2">
<STRONG>JML Model Field Detail</STRONG></FONT></TH>
</TR>
</TABLE>

<A NAME="i"><!-- --></A><H3>
i</H3>
<PRE>
<FONT SIZE="-1">@Secret
@Model
</FONT>public int <STRONG>i</STRONG></PRE>
<DD>Documentation for a model field
<P>
<STRONG>JML Specifications: </STRONG> @Secret @Model<DL>
<PRE>    @Secret 
represents i = 0; 
</PRE>
</DL>
</DD>
<HR>

<A NAME="q"><!-- --></A><H3>
q</H3>
<PRE>
<FONT SIZE="-1">@Model
@Secret
</FONT>public org.jmlspecs.lang.JMLDataGroup <STRONG>q</STRONG></PRE>
<DD>&nbsp;
<P>
<STRONG>JML Specifications: </STRONG> @Model @Secret<DL>
<PRE></PRE>
</DL>
</DD>
<A NAME="JmlRepresentsClauses"><!-- --></A>
<TABLE BORDER="1" WIDTH="100%" CELLPADDING="3" CELLSPACING="0" SUMMARY="">
<TR BGCOLOR="#CCCCFF" CLASS="TableHeadingColor">
<TH ALIGN="left" COLSPAN="1"><FONT SIZE="+2">
<STRONG>Represents clauses for parent class model fields</STRONG></FONT></TH>
</TR>
</TABLE>

<CODE>
<BR>
&nbsp;&nbsp;&nbsp;&nbsp;<A HREF="   ">bb_model</A>: represents bb_model = 0; 

<BR>

<BR>
</CODE>
<!-- ========= CONSTRUCTOR DETAIL ======== -->

<A NAME="constructor_detail"><!-- --></A>
<TABLE BORDER="1" WIDTH="100%" CELLPADDING="3" CELLSPACING="0" SUMMARY="">
<TR BGCOLOR="#CCCCFF" CLASS="TableHeadingColor">
<TH ALIGN="left" COLSPAN="1"><FONT SIZE="+2">
<STRONG>Constructor Detail</STRONG></FONT></TH>
</TR>
</TABLE>

<A NAME="A()"><!-- --></A><H3>
A</H3>
<PRE>
public <STRONG>A</STRONG>()</PRE>
<DL>
<DD>Documentation of a constructor with specs
<P>
</DD>

<BR>
<STRONG>JML Constructor Specifications: </STRONG><PRE>    requires true; 
</PRE>
</DL>
<HR>

<A NAME="A(java.lang.Object, java.lang.Object)"><!-- --></A><H3>
A</H3>
<PRE>
public <STRONG>A</STRONG>(<FONT SIZE="-1">@Nullable</FONT>
         java.lang.Object&nbsp;o,
         java.lang.Object&nbsp;oo)</PRE>
<DL>
<DD>Documentation of a constructor without specs
<P>
</DD>

<BR>
</DL>

<TABLE BORDER="1" WIDTH="100%" CELLPADDING="3" CELLSPACING="0" SUMMARY="">
<TR BGCOLOR="#CCCCFF" CLASS="TableHeadingColor">
<TH ALIGN="left" COLSPAN="1"><FONT SIZE="+2">
<STRONG>JML Model Constructor Detail</STRONG></FONT></TH>
</TR>
</TABLE>


<A NAME="A(int)"><!-- --></A><H3>
A</H3>
<PRE>
<FONT SIZE="-1">@Model
</FONT>public <STRONG>A</STRONG>(int&nbsp;i)</PRE>
<DL>
<DD>Documentation for a model constructor with specs.
<P>
</DD>

<BR>
<STRONG>JML Constructor Specifications: </STRONG> @Model<PRE>    requires i == 0; 
</PRE>
</DL>
<HR>

<A NAME="A(float)"><!-- --></A><H3>
A</H3>
<PRE>
<FONT SIZE="-1">@Model
</FONT>public <STRONG>A</STRONG>(float&nbsp;i)</PRE>

<BR>
<STRONG>JML Constructor Specifications: </STRONG> @Model<PRE>    requires i == 0.0; 
</PRE>
<HR>

<A NAME="A(java.lang.Object)"><!-- --></A><H3>
A</H3>
<PRE>
<FONT SIZE="-1">@Model
</FONT>public <STRONG>A</STRONG>(java.lang.Object&nbsp;i)</PRE>

<BR>
<STRONG>JML Constructor Specifications: </STRONG> @Model<PRE>    requires i == null; 
</PRE>
<HR>

<A NAME="A(int, int, java.lang.Object, java.lang.Object)"><!-- --></A><H3>
A</H3>
<PRE>
<FONT SIZE="-1">@Model
</FONT>public <STRONG>A</STRONG>(int&nbsp;i,
               int&nbsp;j,
               <FONT SIZE="-1">@NonNull</FONT>
               java.lang.Object&nbsp;k,
               <FONT SIZE="-1">@NonNull</FONT>
               java.lang.Object&nbsp;m)</PRE>
<DL>
<DD>Documentation for a model constructor with no specs.
<P>
</DD>

<BR>
<STRONG>JML Constructor Specifications: </STRONG> @Model<PRE></PRE>
</DL>
<HR>

<A NAME="A(float, int, int)"><!-- --></A><H3>
A</H3>
<PRE>
<FONT SIZE="-1">@Model
</FONT>public <STRONG>A</STRONG>(float&nbsp;nodocs,
               int&nbsp;j,
               int&nbsp;k)</PRE>

<BR>
<STRONG>JML Constructor Specifications: </STRONG> @Model<PRE>    requires j >= 0; 
</PRE>

<!-- ============ METHOD DETAIL ========== -->

<A NAME="method_detail"><!-- --></A>
<TABLE BORDER="1" WIDTH="100%" CELLPADDING="3" CELLSPACING="0" SUMMARY="">
<TR BGCOLOR="#CCCCFF" CLASS="TableHeadingColor">
<TH ALIGN="left" COLSPAN="1"><FONT SIZE="+2">
<STRONG>Method Detail</STRONG></FONT></TH>
</TR>
</TABLE>

<A NAME="nodocnospecs()"><!-- --></A><H3>
nodocnospecs</H3>
<PRE>
<FONT SIZE="-1">@Deprecated
</FONT>public void <STRONG>nodocnospecs</STRONG>()</PRE>
<DL>
<DD><STRONG>Deprecated.</STRONG>&nbsp;
<P>
</DD><DD>Documentation for a model method mdl_nospecs and for nodocnospecs
<P>
</DD>

<BR>
</DL>
<HR>

<A NAME="docnospecs()"><!-- --></A><H3>
docnospecs</H3>
<PRE>
public void <STRONG>docnospecs</STRONG>()</PRE>
<DL>
<DD>Doc but no specs
<P>
</DD>

<BR>
</DL>
<HR>

<A NAME="m(java.lang.Object)"><!-- --></A><H3>
m</H3>
<PRE>
<FONT SIZE="-1">@Pure
</FONT>public int <STRONG>m</STRONG>(<FONT SIZE="-1">@NonNull</FONT>
                  java.lang.Object&nbsp;o)</PRE>
<DL>
<DD>Documentation of method m with specs. More info.
<P>
</DD>

<BR>
<STRONG>JML Method Specifications: </STRONG> @Pure<PRE>    requires true; 
    ensures \result == 0; 
    signals (java.io.FileNotFoundException e) true; 
    signals_only java.io.FileNotFoundException; 
</PRE>
</DL>
<HR>

<A NAME="mmod(java.lang.Object)"><!-- --></A><H3>
mmod</H3>
<PRE>
public int <STRONG>mmod</STRONG>(<FONT SIZE="-1">@NonNull</FONT>
                java.lang.Object&nbsp;o)</PRE>
<DL>
<DD>Documentation of method m with specs. More info.
<P>
</DD>

<BR>
<STRONG>JML Method Specifications: </STRONG><PRE>    requires true; 
    ensures \result == 0; 
    assignable a; 
    signals (java.io.FileNotFoundException e) true; 
    signals_only java.io.FileNotFoundException; 
</PRE>
</DL>
<HR>

<A NAME="mm(java.lang.Object)"><!-- --></A><H3>
mm</H3>
<PRE>
<FONT SIZE="-1">@Pure
</FONT>public int <STRONG>mm</STRONG>(java.lang.Object&nbsp;o)</PRE>
<DL>
<DD><DL>
</DL>
</DD>

<BR>
<STRONG>JML Method Specifications: </STRONG> @Pure<PRE>    requires true; 
    ensures \result == 0; 
    signals (java.io.FileNotFoundException e) true; 
    signals_only java.io.FileNotFoundException; 
</PRE>
<STRONG>JML Specifications inherited from BB: </STRONG><PRE>    ensures z_public == 10; 
</PRE>
<STRONG>JML Specifications inherited from BInterface: </STRONG><PRE>    ensures false; 
</PRE>
<STRONG>JML Specifications inherited from BEInterface: </STRONG><PRE>    ensures false && false; 
</PRE>
</DL>
<HR>

<A NAME="n(java.lang.String)"><!-- --></A><H3>
n</H3>
<PRE>
<FONT SIZE="-1">@NonNull
</FONT>public java.lang.Object <STRONG>n</STRONG>(java.lang.String&nbsp;s)</PRE>

<BR>
<STRONG>JML Method Specifications: </STRONG> @NonNull<PRE></PRE>
<HR>

<A NAME="nn(java.lang.String)"><!-- --></A><H3>
nn</H3>
<PRE>
public java.lang.Object <STRONG>nn</STRONG>(java.lang.String&nbsp;s)</PRE>
<DL>
<DD><DL>
<DT><STRONG>Parameters:</STRONG></DT><DD><CODE>s</CODE> - input</DD>
<DT><STRONG>Returns:</STRONG></DT><DD>output</DD></DL>
</DD>

<BR>
<STRONG>JML Method Specifications: </STRONG> @NonNull<PRE></PRE>
</DL>
<HR>

<A NAME="q()"><!-- --></A><H3>
q</H3>
<PRE>
<FONT SIZE="-1">@Query
</FONT>public void <STRONG>q</STRONG>()</PRE>

<BR>
<STRONG>JML Method Specifications: </STRONG> @Query<PRE>  public normal_behavior
    requires true; 
    ensures true; 
  public behavior
    requires false; 
    ensures false; 
</PRE>
<HR>

<A NAME="tttt(java.lang.Object, java.lang.Object, java.lang.Object, java.lang.Object)"><!-- --></A><H3>
tttt</H3>
<PRE>
public void <STRONG>tttt</STRONG>(<FONT SIZE="-1">@NonNull</FONT>
                 java.lang.Object&nbsp;a,
                 java.lang.Object&nbsp;b,
                 java.lang.Object&nbsp;c,
                 <FONT SIZE="-1">@Nullable</FONT>
                 java.lang.Object&nbsp;d)</PRE>

<BR>
<HR>

<A NAME="mm()"><!-- --></A><H3>
mm</H3>
<PRE>
public int <STRONG>mm</STRONG>()</PRE>
<!-- ========= END OF CLASS DATA ========= -->
<HR>


<!-- ======= START OF BOTTOM NAVBAR ====== -->
<A NAME="navbar_bottom"><!-- --></A>
<A HREF="#skip-navbar_bottom" title="Skip navigation links"></A>
<TABLE BORDER="0" WIDTH="100%" CELLPADDING="1" CELLSPACING="0" SUMMARY="">
<TR>
<TD COLSPAN=2 BGCOLOR="#EEEEFF" CLASS="NavBarCell1">
<A NAME="navbar_bottom_firstrow"><!-- --></A>
<TABLE BORDER="0" CELLPADDING="0" CELLSPACING="3" SUMMARY="">
  <TR ALIGN="center" VALIGN="top">
  <TD BGCOLOR="#EEEEFF" CLASS="NavBarCell1">    <A HREF="package-summary.html"><FONT CLASS="NavBarFont1"><STRONG>Package</STRONG></FONT></A>&nbsp;</TD>
  <TD BGCOLOR="#FFFFFF" CLASS="NavBarCell1Rev"> &nbsp;<FONT CLASS="NavBarFont1Rev"><STRONG>Class</STRONG></FONT>&nbsp;</TD>
  <TD BGCOLOR="#EEEEFF" CLASS="NavBarCell1">    <A HREF="package-tree.html"><FONT CLASS="NavBarFont1"><STRONG>Tree</STRONG></FONT></A>&nbsp;</TD>
  <TD BGCOLOR="#EEEEFF" CLASS="NavBarCell1">    <A HREF="deprecated-list.html"><FONT CLASS="NavBarFont1"><STRONG>Deprecated</STRONG></FONT></A>&nbsp;</TD>
  <TD BGCOLOR="#EEEEFF" CLASS="NavBarCell1">    <A HREF="index-all.html"><FONT CLASS="NavBarFont1"><STRONG>Index</STRONG></FONT></A>&nbsp;</TD>
  <TD BGCOLOR="#EEEEFF" CLASS="NavBarCell1">    <A HREF="help-doc.html"><FONT CLASS="NavBarFont1"><STRONG>Help</STRONG></FONT></A>&nbsp;</TD>
  </TR>
</TABLE>
</TD>
<TD ALIGN="right" VALIGN="top" ROWSPAN=3><EM>
</EM>
</TD>
</TR>

<TR>
<TD BGCOLOR="white" CLASS="NavBarCell2"><FONT SIZE="-2">
&nbsp;PREV CLASS&nbsp;
&nbsp;<A HREF="A.Annot.html" title="annotation in &lt;Unnamed&gt;"><STRONG>NEXT CLASS</STRONG></A></FONT></TD>
<TD BGCOLOR="white" CLASS="NavBarCell2"><FONT SIZE="-2">
  <A HREF="index.html?A.html" target="_top"><STRONG>FRAMES</STRONG></A>  &nbsp;
&nbsp;<A HREF="A.html" target="_top"><STRONG>NO FRAMES</STRONG></A>  &nbsp;
&nbsp;<SCRIPT type="text/javascript">
  <!--
  if(window==top) {
    document.writeln('<A HREF="allclasses-noframe.html"><STRONG>All Classes</STRONG></A>');
  }
  //-->
</SCRIPT>
<NOSCRIPT>
  <A HREF="allclasses-noframe.html"><STRONG>All Classes</STRONG></A>
</NOSCRIPT>


</FONT></TD>
</TR>
<TR>
<TD VALIGN="top" CLASS="NavBarCell3"><FONT SIZE="-2">
  SUMMARY:&nbsp;<A HREF="#nested_class_summary">NESTED</A>&nbsp;|&nbsp;<A HREF="#field_summary">FIELD</A>&nbsp;|&nbsp;<A HREF="#constructor_summary">CONSTR</A>&nbsp;|&nbsp;<A HREF="#method_summary">METHOD</A></FONT></TD>
<TD VALIGN="top" CLASS="NavBarCell3"><FONT SIZE="-2">
DETAIL:&nbsp;<A HREF="#field_detail">FIELD</A>&nbsp;|&nbsp;<A HREF="#constructor_detail">CONSTR</A>&nbsp;|&nbsp;<A HREF="#method_detail">METHOD</A></FONT></TD>
</TR>
</TABLE>
<A NAME="skip-navbar_bottom"></A>
<!-- ======== END OF BOTTOM NAVBAR ======= -->

<HR>

</BODY>
</HTML>
