<!DOCTYPE HTML PUBLIC "-//W3C//DTD HTML 4.01 Transitional//EN" "http://www.w3.org/TR/html4/loose.dtd">
<!--NewPage-->
<HTML lang="en">
<HEAD>
<TITLE>
Index
</TITLE>


<LINK REL ="stylesheet" TYPE="text/css" HREF="./stylesheet.css" TITLE="Style">

<SCRIPT type="text/javascript">
function windowTitle()
{
    if (location.href.indexOf('is-external=true') == -1) {
        parent.document.title="Index";
    }
}
</SCRIPT>
<NOSCRIPT>
</NOSCRIPT>

</HEAD>

<BODY BGCOLOR="white" onload="windowTitle();">
<HR>


<!-- ========= START OF TOP NAVBAR ======= -->
<A NAME="navbar_top"><!-- --></A>
<A HREF="#skip-navbar_top" title="Skip navigation links"></A>
<TABLE BORDER="0" WIDTH="100%" CELLPADDING="1" CELLSPACING="0" SUMMARY="">
<TR>
<TD COLSPAN=2 BGCOLOR="#EEEEFF" CLASS="NavBarCell1">
<A NAME="navbar_top_firstrow"><!-- --></A>
<TABLE BORDER="0" CELLPADDING="0" CELLSPACING="3" SUMMARY="">
  <TR ALIGN="center" VALIGN="top">
  <TD BGCOLOR="#EEEEFF" CLASS="NavBarCell1">    <A HREF="./package-summary.html"><FONT CLASS="NavBarFont1"><STRONG>Package</STRONG></FONT></A>&nbsp;</TD>
  <TD BGCOLOR="#EEEEFF" CLASS="NavBarCell1">    <FONT CLASS="NavBarFont1">Class</FONT>&nbsp;</TD>
  <TD BGCOLOR="#EEEEFF" CLASS="NavBarCell1">    <A HREF="./overview-tree.html"><FONT CLASS="NavBarFont1"><STRONG>Tree</STRONG></FONT></A>&nbsp;</TD>
  <TD BGCOLOR="#EEEEFF" CLASS="NavBarCell1">    <A HREF="./deprecated-list.html"><FONT CLASS="NavBarFont1"><STRONG>Deprecated</STRONG></FONT></A>&nbsp;</TD>
  <TD BGCOLOR="#FFFFFF" CLASS="NavBarCell1Rev"> &nbsp;<FONT CLASS="NavBarFont1Rev"><STRONG>Index</STRONG></FONT>&nbsp;</TD>
  <TD BGCOLOR="#EEEEFF" CLASS="NavBarCell1">    <A HREF="./help-doc.html"><FONT CLASS="NavBarFont1"><STRONG>Help</STRONG></FONT></A>&nbsp;</TD>
  </TR>
</TABLE>
</TD>
<TD ALIGN="right" VALIGN="top" ROWSPAN=3><EM>
</EM>
</TD>
</TR>

<TR>
<TD BGCOLOR="white" CLASS="NavBarCell2"><FONT SIZE="-2">
&nbsp;PREV&nbsp;
&nbsp;NEXT</FONT></TD>
<TD BGCOLOR="white" CLASS="NavBarCell2"><FONT SIZE="-2">
  <A HREF="./index.html?index-all.html" target="_top"><STRONG>FRAMES</STRONG></A>  &nbsp;
&nbsp;<A HREF="index-all.html" target="_top"><STRONG>NO FRAMES</STRONG></A>  &nbsp;
&nbsp;<SCRIPT type="text/javascript">
  <!--
  if(window==top) {
    document.writeln('<A HREF="./allclasses-noframe.html"><STRONG>All Classes</STRONG></A>');
  }
  //-->
</SCRIPT>
<NOSCRIPT>
  <A HREF="./allclasses-noframe.html"><STRONG>All Classes</STRONG></A>
</NOSCRIPT>


</FONT></TD>
</TR>
</TABLE>
<A NAME="skip-navbar_top"></A>
<!-- ========= END OF TOP NAVBAR ========= -->

<A HREF="#_A_">A</A> <A HREF="#_D_">D</A> <A HREF="#_F_">F</A> <A HREF="#_M_">M</A> <A HREF="#_N_">N</A> <A HREF="#_Q_">Q</A> <A HREF="#_T_">T</A> <A HREF="#_V_">V</A> <HR>
<A NAME="_A_"><!-- --></A><H2>
<STRONG>A</STRONG></H2>
<DL>
<DT><A HREF="./A.html" title="class in &lt;Unnamed&gt;"><STRONG>A</STRONG></A> - Class in <A HREF="./package-summary.html">&lt;Unnamed&gt;</A></DT><DD>Documentation of class A</DD>
<DT><A HREF="./A.html#A()"><STRONG>A()</STRONG></A> - 
Constructor for class <A HREF="./A.html" title="class in &lt;Unnamed&gt;">A</A>
</DT><DD>Documentation of a constructor with specs</DD>

<DT><A HREF="./A.html#A(java.lang.Object, java.lang.Object)"><STRONG>A(Object, Object)</STRONG></A> - 
Constructor for class <A HREF="./A.html" title="class in &lt;Unnamed&gt;">A</A>
</DT><DD>Documentation of a constructor without specs</DD>

<DT><A HREF="./A.html#a"><STRONG>a</STRONG></A> - 
Variable in class <A HREF="./A.html" title="class in &lt;Unnamed&gt;">A</A>
</DT><DD>Documentatino for a ghost field and for fboth</DD>

<DT><A HREF="./A.Annot.html" title="annotation in &lt;Unnamed&gt;"><STRONG>A.Annot</STRONG></A> - Annotation Type in <A HREF="./package-summary.html">&lt;Unnamed&gt;</A></DT><DD>&nbsp;</DD>
<DT><A HREF="./A.B.html" title="class in &lt;Unnamed&gt;"><STRONG>A.B</STRONG></A> - Class in <A HREF="./package-summary.html">&lt;Unnamed&gt;</A></DT><DD>DOcumentation for class B.</DD>
<DT><A HREF="./A.B.html#A.B()"><STRONG>A.B()</STRONG></A> - 
Constructor for class <A HREF="./A.B.html" title="class in &lt;Unnamed&gt;">A.B</A>
</DT><DD>&nbsp;</DD>

<DT><A HREF="./A.BNInterface_nodoc.html" title="interface in &lt;Unnamed&gt;"><STRONG>A.BNInterface_nodoc</STRONG></A> - Interface in <A HREF="./package-summary.html">&lt;Unnamed&gt;</A></DT><DD>&nbsp;</DD>
<DT><A HREF="./A.consts.html" title="enum in &lt;Unnamed&gt;"><STRONG>A.consts</STRONG></A> - Enum in <A HREF="./package-summary.html">&lt;Unnamed&gt;</A></DT><DD>&nbsp;</DD>
<DT><A HREF="./AEnum.html" title="class in &lt;Unnamed&gt;"><STRONG>AEnum</STRONG></A> - Class in <A HREF="./package-summary.html">&lt;Unnamed&gt;</A></DT><DD>Documentation of class A</DD>
<DT><A HREF="./AEnum.html#AEnum()"><STRONG>AEnum()</STRONG></A> - 
Constructor for class <A HREF="./AEnum.html" title="class in &lt;Unnamed&gt;">AEnum</A>
</DT><DD>&nbsp;</DD>

<DT><A HREF="./AEnum.Annot.html" title="annotation in &lt;Unnamed&gt;"><STRONG>AEnum.Annot</STRONG></A> - Annotation Type in <A HREF="./package-summary.html">&lt;Unnamed&gt;</A></DT><DD>&nbsp;</DD>
<DT><A HREF="./AEnum.B.html" title="class in &lt;Unnamed&gt;"><STRONG>AEnum.B</STRONG></A> - Class in <A HREF="./package-summary.html">&lt;Unnamed&gt;</A></DT><DD>DOcumentation for class B.</DD>
<DT><A HREF="./AEnum.B.html#AEnum.B()"><STRONG>AEnum.B()</STRONG></A> - 
Constructor for class <A HREF="./AEnum.B.html" title="class in &lt;Unnamed&gt;">AEnum.B</A>
</DT><DD>&nbsp;</DD>

<DT><A HREF="./AEnum.consts.html" title="enum in &lt;Unnamed&gt;"><STRONG>AEnum.consts</STRONG></A> - Enum in <A HREF="./package-summary.html">&lt;Unnamed&gt;</A></DT><DD>&nbsp;</DD>
</DL>
<HR>
<A NAME="_D_"><!-- --></A><H2>
<STRONG>D</STRONG></H2>
<DL>
<DT><A HREF="./A.html#docnospecs()"><STRONG>docnospecs()</STRONG></A> - 
Method in class <A HREF="./A.html" title="class in &lt;Unnamed&gt;">A</A>
</DT><DD>Doc but no specs</DD>

</DL>
<HR>
<A NAME="_F_"><!-- --></A><H2>
<STRONG>F</STRONG></H2>
<DL>
<DT><A HREF="./A.html#fannot_nodocs"><STRONG>fannot_nodocs</STRONG></A> - 
Variable in class <A HREF="./A.html" title="class in &lt;Unnamed&gt;">A</A>
</DT><DD>&nbsp;</DD>

<DT><A HREF="./A.html#fboth"><STRONG>fboth</STRONG></A> - 
Variable in class <A HREF="./A.html" title="class in &lt;Unnamed&gt;">A</A>
</DT><DD>&nbsp;</DD>

<DT><A HREF="./A.html#fclauses_nodocs"><STRONG>fclauses_nodocs</STRONG></A> - 
Variable in class <A HREF="./A.html" title="class in &lt;Unnamed&gt;">A</A>
</DT><DD>&nbsp;</DD>

<DT><A HREF="./A.html#fnone_nodocs"><STRONG>fnone_nodocs</STRONG></A> - 
Variable in class <A HREF="./A.html" title="class in &lt;Unnamed&gt;">A</A>
</DT><DD>&nbsp;</DD>

</DL>
<HR>
<A NAME="_M_"><!-- --></A><H2>
<STRONG>M</STRONG></H2>
<DL>
<DT><A HREF="./A.html#m(java.lang.Object)"><STRONG>m(Object)</STRONG></A> - 
Method in class <A HREF="./A.html" title="class in &lt;Unnamed&gt;">A</A>
</DT><DD>Documentation of method m with specs.</DD>

<DT><A HREF="./A.html#mm(java.lang.Object)"><STRONG>mm(Object)</STRONG></A> - 
Method in class <A HREF="./A.html" title="class in &lt;Unnamed&gt;">A</A>
</DT><DD>&nbsp;</DD>

<DT><A HREF="./A.html#mmod(java.lang.Object)"><STRONG>mmod(Object)</STRONG></A> - 
Method in class <A HREF="./A.html" title="class in &lt;Unnamed&gt;">A</A>
</DT><DD>Documentation of method m with specs.</DD>

</DL>
<HR>
<A NAME="_N_"><!-- --></A><H2>
<STRONG>N</STRONG></H2>
<DL>
<DT><A HREF="./A.html#n(java.lang.String)"><STRONG>n(String)</STRONG></A> - 
Method in class <A HREF="./A.html" title="class in &lt;Unnamed&gt;">A</A>
</DT><DD>&nbsp;</DD>

<DT><A HREF="./A.html#nn(java.lang.String)"><STRONG>nn(String)</STRONG></A> - 
Method in class <A HREF="./A.html" title="class in &lt;Unnamed&gt;">A</A>
</DT><DD>&nbsp;</DD>

<DT><A HREF="./A.html#nodocnospecs()"><STRONG>nodocnospecs()</STRONG></A> - 
Method in class <A HREF="./A.html" title="class in &lt;Unnamed&gt;">A</A>
</DT><DD><STRONG>Deprecated.</STRONG>&nbsp;</DD>

</DL>
<HR>
<A NAME="_Q_"><!-- --></A><H2>
<STRONG>Q</STRONG></H2>
<DL>
<DT><A HREF="./A.html#q()"><STRONG>q()</STRONG></A> - 
Method in class <A HREF="./A.html" title="class in &lt;Unnamed&gt;">A</A>
</DT><DD>&nbsp;</DD>

<DT><A HREF="./Q.html" title="class in &lt;Unnamed&gt;"><STRONG>Q</STRONG></A> - Class in <A HREF="./package-summary.html">&lt;Unnamed&gt;</A></DT><DD>&nbsp;</DD>
<DT><A HREF="./Q.html#Q()"><STRONG>Q()</STRONG></A> - 
Constructor for class <A HREF="./Q.html" title="class in &lt;Unnamed&gt;">Q</A>
</DT><DD>&nbsp;</DD>

</DL>
<HR>
<A NAME="_T_"><!-- --></A><H2>
<STRONG>T</STRONG></H2>
<DL>
<DT><A HREF="./A.html#tttt(java.lang.Object, java.lang.Object, java.lang.Object, java.lang.Object)"><STRONG>tttt(Object, Object, Object, Object)</STRONG></A> - 
Method in class <A HREF="./A.html" title="class in &lt;Unnamed&gt;">A</A>
</DT><DD>&nbsp;</DD>

</DL>
<HR>
<A NAME="_V_"><!-- --></A><H2>
<STRONG>V</STRONG></H2>
<DL>
<DT><A HREF="./A.consts.html#valueOf(java.lang.String)"><STRONG>valueOf(String)</STRONG></A> - 
Static method in enum <A HREF="./A.consts.html" title="enum in &lt;Unnamed&gt;">A.consts</A>
</DT><DD>Returns the enum constant of this type with the specified name.</DD>

<DT><A HREF="./AEnum.consts.html#valueOf(java.lang.String)"><STRONG>valueOf(String)</STRONG></A> - 
Static method in enum <A HREF="./AEnum.consts.html" title="enum in &lt;Unnamed&gt;">AEnum.consts</A>
</DT><DD>Returns the enum constant of this type with the specified name.</DD>

<DT><A HREF="./A.consts.html#values()"><STRONG>values()</STRONG></A> - 
Static method in enum <A HREF="./A.consts.html" title="enum in &lt;Unnamed&gt;">A.consts</A>
</DT><DD>Returns an array containing the constants of this enum type, in
the order they are declared.</DD>

<DT><A HREF="./AEnum.consts.html#values()"><STRONG>values()</STRONG></A> - 
Static method in enum <A HREF="./AEnum.consts.html" title="enum in &lt;Unnamed&gt;">AEnum.consts</A>
</DT><DD>Returns an array containing the constants of this enum type, in
the order they are declared.</DD>

</DL>
<HR>
<A HREF="#_A_">A</A> <A HREF="#_D_">D</A> <A HREF="#_F_">F</A> <A HREF="#_M_">M</A> <A HREF="#_N_">N</A> <A HREF="#_Q_">Q</A> <A HREF="#_T_">T</A> <A HREF="#_V_">V</A> 

<!-- ======= START OF BOTTOM NAVBAR ====== -->
<A NAME="navbar_bottom"><!-- --></A>
<A HREF="#skip-navbar_bottom" title="Skip navigation links"></A>
<TABLE BORDER="0" WIDTH="100%" CELLPADDING="1" CELLSPACING="0" SUMMARY="">
<TR>
<TD COLSPAN=2 BGCOLOR="#EEEEFF" CLASS="NavBarCell1">
<A NAME="navbar_bottom_firstrow"><!-- --></A>
<TABLE BORDER="0" CELLPADDING="0" CELLSPACING="3" SUMMARY="">
  <TR ALIGN="center" VALIGN="top">
  <TD BGCOLOR="#EEEEFF" CLASS="NavBarCell1">    <A HREF="./package-summary.html"><FONT CLASS="NavBarFont1"><STRONG>Package</STRONG></FONT></A>&nbsp;</TD>
  <TD BGCOLOR="#EEEEFF" CLASS="NavBarCell1">    <FONT CLASS="NavBarFont1">Class</FONT>&nbsp;</TD>
  <TD BGCOLOR="#EEEEFF" CLASS="NavBarCell1">    <A HREF="./overview-tree.html"><FONT CLASS="NavBarFont1"><STRONG>Tree</STRONG></FONT></A>&nbsp;</TD>
  <TD BGCOLOR="#EEEEFF" CLASS="NavBarCell1">    <A HREF="./deprecated-list.html"><FONT CLASS="NavBarFont1"><STRONG>Deprecated</STRONG></FONT></A>&nbsp;</TD>
  <TD BGCOLOR="#FFFFFF" CLASS="NavBarCell1Rev"> &nbsp;<FONT CLASS="NavBarFont1Rev"><STRONG>Index</STRONG></FONT>&nbsp;</TD>
  <TD BGCOLOR="#EEEEFF" CLASS="NavBarCell1">    <A HREF="./help-doc.html"><FONT CLASS="NavBarFont1"><STRONG>Help</STRONG></FONT></A>&nbsp;</TD>
  </TR>
</TABLE>
</TD>
<TD ALIGN="right" VALIGN="top" ROWSPAN=3><EM>
</EM>
</TD>
</TR>

<TR>
<TD BGCOLOR="white" CLASS="NavBarCell2"><FONT SIZE="-2">
&nbsp;PREV&nbsp;
&nbsp;NEXT</FONT></TD>
<TD BGCOLOR="white" CLASS="NavBarCell2"><FONT SIZE="-2">
  <A HREF="./index.html?index-all.html" target="_top"><STRONG>FRAMES</STRONG></A>  &nbsp;
&nbsp;<A HREF="index-all.html" target="_top"><STRONG>NO FRAMES</STRONG></A>  &nbsp;
&nbsp;<SCRIPT type="text/javascript">
  <!--
  if(window==top) {
    document.writeln('<A HREF="./allclasses-noframe.html"><STRONG>All Classes</STRONG></A>');
  }
  //-->
</SCRIPT>
<NOSCRIPT>
  <A HREF="./allclasses-noframe.html"><STRONG>All Classes</STRONG></A>
</NOSCRIPT>


</FONT></TD>
</TR>
</TABLE>
<A NAME="skip-navbar_bottom"></A>
<!-- ======== END OF BOTTOM NAVBAR ======= -->

<HR>

</BODY>
</HTML>
