<!DOCTYPE HTML PUBLIC "-//W3C//DTD HTML 4.01 Transitional//EN" "http://www.w3.org/TR/html4/loose.dtd">
<!--NewPage-->
<HTML lang="en">
<HEAD>
<TITLE>
All Classes
</TITLE>


<LINK REL ="stylesheet" TYPE="text/css" HREF="stylesheet.css" TITLE="Style">


</HEAD>

<BODY BGCOLOR="white">
<FONT size="+1" CLASS="FrameHeadingFont">
<STRONG>All Classes</STRONG></FONT>
<BR>

<TABLE BORDER="0" WIDTH="100%" SUMMARY="">
<TR>
<TD NOWRAP><FONT CLASS="FrameItemFont"><A HREF="PP.html" title="class in &lt;Unnamed&gt;" target="classFrame">PP</A>
<BR>
<A HREF="QQ.html" title="class in &lt;Unnamed&gt;" target="classFrame">QQ</A>
<BR>
</FONT></TD>
</TR>
</TABLE>

</BODY>
</HTML>
