<!DOCTYPE HTML PUBLIC "-//W3C//DTD HTML 4.01 Transitional//EN" "http://www.w3.org/TR/html4/loose.dtd">
<!--NewPage-->
<HTML lang="en">
<HEAD>
<TITLE>
Index
</TITLE>


<LINK REL ="stylesheet" TYPE="text/css" HREF="./stylesheet.css" TITLE="Style">

<SCRIPT type="text/javascript">
function windowTitle()
{
    if (location.href.indexOf('is-external=true') == -1) {
        parent.document.title="Index";
    }
}
</SCRIPT>
<NOSCRIPT>
</NOSCRIPT>

</HEAD>

<BODY BGCOLOR="white" onload="windowTitle();">
<HR>


<!-- ========= START OF TOP NAVBAR ======= -->
<A NAME="navbar_top"><!-- --></A>
<A HREF="#skip-navbar_top" title="Skip navigation links"></A>
<TABLE BORDER="0" WIDTH="100%" CELLPADDING="1" CELLSPACING="0" SUMMARY="">
<TR>
<TD COLSPAN=2 BGCOLOR="#EEEEFF" CLASS="NavBarCell1">
<A NAME="navbar_top_firstrow"><!-- --></A>
<TABLE BORDER="0" CELLPADDING="0" CELLSPACING="3" SUMMARY="">
  <TR ALIGN="center" VALIGN="top">
  <TD BGCOLOR="#EEEEFF" CLASS="NavBarCell1">    <A HREF="./overview-summary.html"><FONT CLASS="NavBarFont1"><STRONG>Overview</STRONG></FONT></A>&nbsp;</TD>
  <TD BGCOLOR="#EEEEFF" CLASS="NavBarCell1">    <FONT CLASS="NavBarFont1">Package</FONT>&nbsp;</TD>
  <TD BGCOLOR="#EEEEFF" CLASS="NavBarCell1">    <FONT CLASS="NavBarFont1">Class</FONT>&nbsp;</TD>
  <TD BGCOLOR="#EEEEFF" CLASS="NavBarCell1">    <A HREF="./overview-tree.html"><FONT CLASS="NavBarFont1"><STRONG>Tree</STRONG></FONT></A>&nbsp;</TD>
  <TD BGCOLOR="#EEEEFF" CLASS="NavBarCell1">    <A HREF="./deprecated-list.html"><FONT CLASS="NavBarFont1"><STRONG>Deprecated</STRONG></FONT></A>&nbsp;</TD>
  <TD BGCOLOR="#FFFFFF" CLASS="NavBarCell1Rev"> &nbsp;<FONT CLASS="NavBarFont1Rev"><STRONG>Index</STRONG></FONT>&nbsp;</TD>
  <TD BGCOLOR="#EEEEFF" CLASS="NavBarCell1">    <A HREF="./help-doc.html"><FONT CLASS="NavBarFont1"><STRONG>Help</STRONG></FONT></A>&nbsp;</TD>
  </TR>
</TABLE>
</TD>
<TD ALIGN="right" VALIGN="top" ROWSPAN=3><EM>
</EM>
</TD>
</TR>

<TR>
<TD BGCOLOR="white" CLASS="NavBarCell2"><FONT SIZE="-2">
&nbsp;PREV&nbsp;
&nbsp;NEXT</FONT></TD>
<TD BGCOLOR="white" CLASS="NavBarCell2"><FONT SIZE="-2">
  <A HREF="./index.html?index-all.html" target="_top"><STRONG>FRAMES</STRONG></A>  &nbsp;
&nbsp;<A HREF="index-all.html" target="_top"><STRONG>NO FRAMES</STRONG></A>  &nbsp;
&nbsp;<SCRIPT type="text/javascript">
  <!--
  if(window==top) {
    document.writeln('<A HREF="./allclasses-noframe.html"><STRONG>All Classes</STRONG></A>');
  }
  //-->
</SCRIPT>
<NOSCRIPT>
  <A HREF="./allclasses-noframe.html"><STRONG>All Classes</STRONG></A>
</NOSCRIPT>


</FONT></TD>
</TR>
</TABLE>
<A NAME="skip-navbar_top"></A>
<!-- ========= END OF TOP NAVBAR ========= -->

<A HREF="#_I_">I</A> <A HREF="#_M_">M</A> <A HREF="#_P_">P</A> <A HREF="#_T_">T</A> <A HREF="#_V_">V</A> <HR>
<A NAME="_I_"><!-- --></A><H2>
<STRONG>I</STRONG></H2>
<DL>
<DT><A HREF="./Vis.html#i_public"><STRONG>i_public</STRONG></A> - 
Variable in class <A HREF="./Vis.html" title="class in &lt;Unnamed&gt;">Vis</A>
</DT><DD>public field</DD>

<DT><A HREF="./tp/PVis.html#ip_public"><STRONG>ip_public</STRONG></A> - 
Variable in class tp.<A HREF="./tp/PVis.html" title="class in tp">PVis</A>
</DT><DD>&nbsp;</DD>

</DL>
<HR>
<A NAME="_M_"><!-- --></A><H2>
<STRONG>M</STRONG></H2>
<DL>
<DT><A HREF="./Vis.html#m_public()"><STRONG>m_public()</STRONG></A> - 
Method in class <A HREF="./Vis.html" title="class in &lt;Unnamed&gt;">Vis</A>
</DT><DD>public method</DD>

<DT><A HREF="./tp/PVis.html#mp_public()"><STRONG>mp_public()</STRONG></A> - 
Method in class tp.<A HREF="./tp/PVis.html" title="class in tp">PVis</A>
</DT><DD>&nbsp;</DD>

</DL>
<HR>
<A NAME="_P_"><!-- --></A><H2>
<STRONG>P</STRONG></H2>
<DL>
<DT><A HREF="./tp/PVis.html" title="class in tp"><STRONG>PVis</STRONG></A> - Class in <A HREF="./tp/package-summary.html">tp</A></DT><DD>&nbsp;</DD>
<DT><A HREF="./tp/PVis.html#PVis()"><STRONG>PVis()</STRONG></A> - 
Constructor for class tp.<A HREF="./tp/PVis.html" title="class in tp">PVis</A>
</DT><DD>public constructor</DD>

<DT><A HREF="./tp/PVis.Ap_public.html" title="annotation in tp"><STRONG>PVis.Ap_public</STRONG></A> - Annotation Type in <A HREF="./tp/package-summary.html">tp</A></DT><DD>public nested annotation</DD>
<DT><A HREF="./tp/PVis.Cp_public.html" title="class in tp"><STRONG>PVis.Cp_public</STRONG></A> - Class in <A HREF="./tp/package-summary.html">tp</A></DT><DD>private model constructor</DD>
<DT><A HREF="./tp/PVis.Cp_public.html#PVis.Cp_public()"><STRONG>PVis.Cp_public()</STRONG></A> - 
Constructor for class tp.<A HREF="./tp/PVis.Cp_public.html" title="class in tp">PVis.Cp_public</A>
</DT><DD>&nbsp;</DD>

<DT><A HREF="./tp/PVis.EP_public.html" title="enum in tp"><STRONG>PVis.EP_public</STRONG></A> - Enum in <A HREF="./tp/package-summary.html">tp</A></DT><DD>&nbsp;</DD>
<DT><A HREF="./tp/PVis.Ip_public.html" title="interface in tp"><STRONG>PVis.Ip_public</STRONG></A> - Interface in <A HREF="./tp/package-summary.html">tp</A></DT><DD>public nested interface</DD>
</DL>
<HR>
<A NAME="_T_"><!-- --></A><H2>
<STRONG>T</STRONG></H2>
<DL>
<DT><A HREF="./tp/package-summary.html"><STRONG>tp</STRONG></A> - package tp</DT><DD>&nbsp;</DD>
</DL>
<HR>
<A NAME="_V_"><!-- --></A><H2>
<STRONG>V</STRONG></H2>
<DL>
<DT><A HREF="./tp/PVis.EP_public.html#valueOf(java.lang.String)"><STRONG>valueOf(String)</STRONG></A> - 
Static method in enum tp.<A HREF="./tp/PVis.EP_public.html" title="enum in tp">PVis.EP_public</A>
</DT><DD>Returns the enum constant of this type with the specified name.</DD>

<DT><A HREF="./Vis.E_public.html#valueOf(java.lang.String)"><STRONG>valueOf(String)</STRONG></A> - 
Static method in enum <A HREF="./Vis.E_public.html" title="enum in &lt;Unnamed&gt;">Vis.E_public</A>
</DT><DD>Returns the enum constant of this type with the specified name.</DD>

<DT><A HREF="./tp/PVis.EP_public.html#values()"><STRONG>values()</STRONG></A> - 
Static method in enum tp.<A HREF="./tp/PVis.EP_public.html" title="enum in tp">PVis.EP_public</A>
</DT><DD>Returns an array containing the constants of this enum type, in
the order they are declared.</DD>

<DT><A HREF="./Vis.E_public.html#values()"><STRONG>values()</STRONG></A> - 
Static method in enum <A HREF="./Vis.E_public.html" title="enum in &lt;Unnamed&gt;">Vis.E_public</A>
</DT><DD>Returns an array containing the constants of this enum type, in
the order they are declared.</DD>

<DT><A HREF="./Vis.html" title="class in &lt;Unnamed&gt;"><STRONG>Vis</STRONG></A> - Class in <A HREF="./package-summary.html">&lt;Unnamed&gt;</A></DT><DD>&nbsp;</DD>
<DT><A HREF="./Vis.html#Vis()"><STRONG>Vis()</STRONG></A> - 
Constructor for class <A HREF="./Vis.html" title="class in &lt;Unnamed&gt;">Vis</A>
</DT><DD>public constructor</DD>

<DT><A HREF="./Vis.A_public.html" title="annotation in &lt;Unnamed&gt;"><STRONG>Vis.A_public</STRONG></A> - Annotation Type in <A HREF="./package-summary.html">&lt;Unnamed&gt;</A></DT><DD>public nested annotation</DD>
<DT><A HREF="./Vis.C_public.html" title="class in &lt;Unnamed&gt;"><STRONG>Vis.C_public</STRONG></A> - Class in <A HREF="./package-summary.html">&lt;Unnamed&gt;</A></DT><DD>public nested class</DD>
<DT><A HREF="./Vis.C_public.html#Vis.C_public()"><STRONG>Vis.C_public()</STRONG></A> - 
Constructor for class <A HREF="./Vis.C_public.html" title="class in &lt;Unnamed&gt;">Vis.C_public</A>
</DT><DD>&nbsp;</DD>

<DT><A HREF="./Vis.E_public.html" title="enum in &lt;Unnamed&gt;"><STRONG>Vis.E_public</STRONG></A> - Enum in <A HREF="./package-summary.html">&lt;Unnamed&gt;</A></DT><DD>public nested enum</DD>
<DT><A HREF="./Vis.I_public.html" title="interface in &lt;Unnamed&gt;"><STRONG>Vis.I_public</STRONG></A> - Interface in <A HREF="./package-summary.html">&lt;Unnamed&gt;</A></DT><DD>public nested interface</DD>
</DL>
<HR>
<A HREF="#_I_">I</A> <A HREF="#_M_">M</A> <A HREF="#_P_">P</A> <A HREF="#_T_">T</A> <A HREF="#_V_">V</A> 

<!-- ======= START OF BOTTOM NAVBAR ====== -->
<A NAME="navbar_bottom"><!-- --></A>
<A HREF="#skip-navbar_bottom" title="Skip navigation links"></A>
<TABLE BORDER="0" WIDTH="100%" CELLPADDING="1" CELLSPACING="0" SUMMARY="">
<TR>
<TD COLSPAN=2 BGCOLOR="#EEEEFF" CLASS="NavBarCell1">
<A NAME="navbar_bottom_firstrow"><!-- --></A>
<TABLE BORDER="0" CELLPADDING="0" CELLSPACING="3" SUMMARY="">
  <TR ALIGN="center" VALIGN="top">
  <TD BGCOLOR="#EEEEFF" CLASS="NavBarCell1">    <A HREF="./overview-summary.html"><FONT CLASS="NavBarFont1"><STRONG>Overview</STRONG></FONT></A>&nbsp;</TD>
  <TD BGCOLOR="#EEEEFF" CLASS="NavBarCell1">    <FONT CLASS="NavBarFont1">Package</FONT>&nbsp;</TD>
  <TD BGCOLOR="#EEEEFF" CLASS="NavBarCell1">    <FONT CLASS="NavBarFont1">Class</FONT>&nbsp;</TD>
  <TD BGCOLOR="#EEEEFF" CLASS="NavBarCell1">    <A HREF="./overview-tree.html"><FONT CLASS="NavBarFont1"><STRONG>Tree</STRONG></FONT></A>&nbsp;</TD>
  <TD BGCOLOR="#EEEEFF" CLASS="NavBarCell1">    <A HREF="./deprecated-list.html"><FONT CLASS="NavBarFont1"><STRONG>Deprecated</STRONG></FONT></A>&nbsp;</TD>
  <TD BGCOLOR="#FFFFFF" CLASS="NavBarCell1Rev"> &nbsp;<FONT CLASS="NavBarFont1Rev"><STRONG>Index</STRONG></FONT>&nbsp;</TD>
  <TD BGCOLOR="#EEEEFF" CLASS="NavBarCell1">    <A HREF="./help-doc.html"><FONT CLASS="NavBarFont1"><STRONG>Help</STRONG></FONT></A>&nbsp;</TD>
  </TR>
</TABLE>
</TD>
<TD ALIGN="right" VALIGN="top" ROWSPAN=3><EM>
</EM>
</TD>
</TR>

<TR>
<TD BGCOLOR="white" CLASS="NavBarCell2"><FONT SIZE="-2">
&nbsp;PREV&nbsp;
&nbsp;NEXT</FONT></TD>
<TD BGCOLOR="white" CLASS="NavBarCell2"><FONT SIZE="-2">
  <A HREF="./index.html?index-all.html" target="_top"><STRONG>FRAMES</STRONG></A>  &nbsp;
&nbsp;<A HREF="index-all.html" target="_top"><STRONG>NO FRAMES</STRONG></A>  &nbsp;
&nbsp;<SCRIPT type="text/javascript">
  <!--
  if(window==top) {
    document.writeln('<A HREF="./allclasses-noframe.html"><STRONG>All Classes</STRONG></A>');
  }
  //-->
</SCRIPT>
<NOSCRIPT>
  <A HREF="./allclasses-noframe.html"><STRONG>All Classes</STRONG></A>
</NOSCRIPT>


</FONT></TD>
</TR>
</TABLE>
<A NAME="skip-navbar_bottom"></A>
<!-- ======== END OF BOTTOM NAVBAR ======= -->

<HR>

</BODY>
</HTML>
