<!DOCTYPE HTML PUBLIC "-//W3C//DTD HTML 4.01 Transitional//EN" "http://www.w3.org/TR/html4/loose.dtd">
<!--NewPage-->
<HTML lang="en">
<HEAD>
<TITLE>
Overview List
</TITLE>


<LINK REL ="stylesheet" TYPE="text/css" HREF="stylesheet.css" TITLE="Style">


</HEAD>

<BODY BGCOLOR="white">

<TABLE BORDER="0" WIDTH="100%" SUMMARY="">
<TR>
<TH ALIGN="left" NOWRAP><FONT size="+1" CLASS="FrameTitleFont">
<STRONG></STRONG></FONT></TH>
</TR>
</TABLE>

<TABLE BORDER="0" WIDTH="100%" SUMMARY="">
<TR>
<TD NOWRAP><FONT CLASS="FrameItemFont"><A HREF="allclasses-frame.html" target="packageFrame">All Classes</A></FONT>
<P>
<FONT size="+1" CLASS="FrameHeadingFont">
Packages</FONT>
<BR>
<FONT CLASS="FrameItemFont"><A HREF="package-frame.html" target="packageFrame">&lt;unnamed package></A></FONT>
<BR>
<FONT CLASS="FrameItemFont"><A HREF="tp/package-frame.html" target="packageFrame">tp</A></FONT>
<BR>
</TD>
</TR>
</TABLE>

<P>
&nbsp;
</BODY>
</HTML>
