<!DOCTYPE HTML PUBLIC "-//W3C//DTD HTML 4.01 Transitional//EN" "http://www.w3.org/TR/html4/loose.dtd">
<!--NewPage-->
<HTML lang="en">
<HEAD>
<TITLE>
All Classes
</TITLE>


<LINK REL ="stylesheet" TYPE="text/css" HREF="stylesheet.css" TITLE="Style">


</HEAD>

<BODY BGCOLOR="white">
<FONT size="+1" CLASS="FrameHeadingFont">
<STRONG>All Classes</STRONG></FONT>
<BR>

<TABLE BORDER="0" WIDTH="100%" SUMMARY="">
<TR>
<TD NOWRAP><FONT CLASS="FrameItemFont"><A HREF="A.html" title="class in &lt;Unnamed&gt;">A</A>
<BR>
<A HREF="A.Annot.html" title="annotation in &lt;Unnamed&gt;">A.Annot</A>
<BR>
<A HREF="A.B.html" title="class in &lt;Unnamed&gt;">A.B</A>
<BR>
<A HREF="A.BNInterface_nodoc.html" title="interface in &lt;Unnamed&gt;"><I>A.BNInterface_nodoc</I></A>
<BR>
<A HREF="A.consts.html" title="enum in &lt;Unnamed&gt;">A.consts</A>
<BR>
<A HREF="AEnum.html" title="class in &lt;Unnamed&gt;">AEnum</A>
<BR>
<A HREF="AEnum.Annot.html" title="annotation in &lt;Unnamed&gt;">AEnum.Annot</A>
<BR>
<A HREF="AEnum.B.html" title="class in &lt;Unnamed&gt;">AEnum.B</A>
<BR>
<A HREF="AEnum.consts.html" title="enum in &lt;Unnamed&gt;">AEnum.consts</A>
<BR>
<A HREF="Q.html" title="class in &lt;Unnamed&gt;">Q</A>
<BR>
</FONT></TD>
</TR>
</TABLE>

</BODY>
</HTML>
