<!DOCTYPE HTML PUBLIC "-//W3C//DTD HTML 4.01 Transitional//EN" "http://www.w3.org/TR/html4/loose.dtd">
<!--NewPage-->
<HTML lang="en">
<HEAD>
<TITLE>
tp
</TITLE>


<LINK REL ="stylesheet" TYPE="text/css" HREF="../stylesheet.css" TITLE="Style">

<SCRIPT type="text/javascript">
function windowTitle()
{
    if (location.href.indexOf('is-external=true') == -1) {
        parent.document.title="tp";
    }
}
</SCRIPT>
<NOSCRIPT>
</NOSCRIPT>

</HEAD>

<BODY BGCOLOR="white" onload="windowTitle();">
<HR>


<!-- ========= START OF TOP NAVBAR ======= -->
<A NAME="navbar_top"><!-- --></A>
<A HREF="#skip-navbar_top" title="Skip navigation links"></A>
<TABLE BORDER="0" WIDTH="100%" CELLPADDING="1" CELLSPACING="0" SUMMARY="">
<TR>
<TD COLSPAN=2 BGCOLOR="#EEEEFF" CLASS="NavBarCell1">
<A NAME="navbar_top_firstrow"><!-- --></A>
<TABLE BORDER="0" CELLPADDING="0" CELLSPACING="3" SUMMARY="">
  <TR ALIGN="center" VALIGN="top">
  <TD BGCOLOR="#EEEEFF" CLASS="NavBarCell1">    <A HREF="../overview-summary.html"><FONT CLASS="NavBarFont1"><STRONG>Overview</STRONG></FONT></A>&nbsp;</TD>
  <TD BGCOLOR="#FFFFFF" CLASS="NavBarCell1Rev"> &nbsp;<FONT CLASS="NavBarFont1Rev"><STRONG>Package</STRONG></FONT>&nbsp;</TD>
  <TD BGCOLOR="#EEEEFF" CLASS="NavBarCell1">    <FONT CLASS="NavBarFont1">Class</FONT>&nbsp;</TD>
  <TD BGCOLOR="#EEEEFF" CLASS="NavBarCell1">    <A HREF="package-tree.html"><FONT CLASS="NavBarFont1"><STRONG>Tree</STRONG></FONT></A>&nbsp;</TD>
  <TD BGCOLOR="#EEEEFF" CLASS="NavBarCell1">    <A HREF="../deprecated-list.html"><FONT CLASS="NavBarFont1"><STRONG>Deprecated</STRONG></FONT></A>&nbsp;</TD>
  <TD BGCOLOR="#EEEEFF" CLASS="NavBarCell1">    <A HREF="../index-all.html"><FONT CLASS="NavBarFont1"><STRONG>Index</STRONG></FONT></A>&nbsp;</TD>
  <TD BGCOLOR="#EEEEFF" CLASS="NavBarCell1">    <A HREF="../help-doc.html"><FONT CLASS="NavBarFont1"><STRONG>Help</STRONG></FONT></A>&nbsp;</TD>
  </TR>
</TABLE>
</TD>
<TD ALIGN="right" VALIGN="top" ROWSPAN=3><EM>
</EM>
</TD>
</TR>

<TR>
<TD BGCOLOR="white" CLASS="NavBarCell2"><FONT SIZE="-2">
&nbsp;<A HREF="..//package-summary.html"><STRONG>PREV PACKAGE</STRONG></A>&nbsp;
&nbsp;NEXT PACKAGE</FONT></TD>
<TD BGCOLOR="white" CLASS="NavBarCell2"><FONT SIZE="-2">
  <A HREF="../index.html?tp/package-summary.html" target="_top"><STRONG>FRAMES</STRONG></A>  &nbsp;
&nbsp;<A HREF="package-summary.html" target="_top"><STRONG>NO FRAMES</STRONG></A>  &nbsp;
&nbsp;<SCRIPT type="text/javascript">
  <!--
  if(window==top) {
    document.writeln('<A HREF="../allclasses-noframe.html"><STRONG>All Classes</STRONG></A>');
  }
  //-->
</SCRIPT>
<NOSCRIPT>
  <A HREF="../allclasses-noframe.html"><STRONG>All Classes</STRONG></A>
</NOSCRIPT>


</FONT></TD>
</TR>
</TABLE>
<A NAME="skip-navbar_top"></A>
<!-- ========= END OF TOP NAVBAR ========= -->

<HR>
<H2>
Package tp
</H2>

<TABLE BORDER="1" WIDTH="100%" CELLPADDING="3" CELLSPACING="0" SUMMARY="Interface Summary table, listing interfaces, and an explanation">
<CAPTION CLASS="TableCaption">
Interface Summary</CAPTION>
<TR>
<TH CLASS="TableHeader" SCOPE="col" NOWRAP>Interface</TH>
<TH CLASS="TableHeader" SCOPE="col" NOWRAP>Description</TH>
</TR>
<TR BGCOLOR="white" CLASS="TableRowColor">
<TD WIDTH="15%"><STRONG><A HREF="../tp/PVis.Ip_package.html" title="interface in tp">PVis.Ip_package</A></STRONG></TD>
<TD>package nested interface</TD>
</TR>
<TR BGCOLOR="white" CLASS="TableRowColor">
<TD WIDTH="15%"><STRONG><A HREF="../tp/PVis.Ip_protected.html" title="interface in tp">PVis.Ip_protected</A></STRONG></TD>
<TD>protected nested interface</TD>
</TR>
<TR BGCOLOR="white" CLASS="TableRowColor">
<TD WIDTH="15%"><STRONG><A HREF="../tp/PVis.Ip_public.html" title="interface in tp">PVis.Ip_public</A></STRONG></TD>
<TD>public nested interface</TD>
</TR>
</TABLE>
&nbsp;

<P>

<TABLE BORDER="1" WIDTH="100%" CELLPADDING="3" CELLSPACING="0" SUMMARY="Class Summary table, listing classes, and an explanation">
<CAPTION CLASS="TableCaption">
Class Summary</CAPTION>
<TR>
<TH CLASS="TableHeader" SCOPE="col" NOWRAP>Class</TH>
<TH CLASS="TableHeader" SCOPE="col" NOWRAP>Description</TH>
</TR>
<TR BGCOLOR="white" CLASS="TableRowColor">
<TD WIDTH="15%"><STRONG><A HREF="../tp/PVis.html" title="class in tp">PVis</A></STRONG></TD>
<TD>&nbsp;</TD>
</TR>
<TR BGCOLOR="white" CLASS="TableRowColor">
<TD WIDTH="15%"><STRONG><A HREF="../tp/PVis.Cp_package.html" title="class in tp">PVis.Cp_package</A></STRONG></TD>
<TD>&nbsp;</TD>
</TR>
<TR BGCOLOR="white" CLASS="TableRowColor">
<TD WIDTH="15%"><STRONG><A HREF="../tp/PVis.Cp_protected.html" title="class in tp">PVis.Cp_protected</A></STRONG></TD>
<TD>&nbsp;</TD>
</TR>
<TR BGCOLOR="white" CLASS="TableRowColor">
<TD WIDTH="15%"><STRONG><A HREF="../tp/PVis.Cp_public.html" title="class in tp">PVis.Cp_public</A></STRONG></TD>
<TD>private model constructor</TD>
</TR>
</TABLE>
&nbsp;

<P>

<TABLE BORDER="1" WIDTH="100%" CELLPADDING="3" CELLSPACING="0" SUMMARY="Enum Summary table, listing enums, and an explanation">
<CAPTION CLASS="TableCaption">
Enum Summary</CAPTION>
<TR>
<TH CLASS="TableHeader" SCOPE="col" NOWRAP>Enum</TH>
<TH CLASS="TableHeader" SCOPE="col" NOWRAP>Description</TH>
</TR>
<TR BGCOLOR="white" CLASS="TableRowColor">
<TD WIDTH="15%"><STRONG><A HREF="../tp/PVis.EP_package.html" title="enum in tp">PVis.EP_package</A></STRONG></TD>
<TD>&nbsp;</TD>
</TR>
<TR BGCOLOR="white" CLASS="TableRowColor">
<TD WIDTH="15%"><STRONG><A HREF="../tp/PVis.EP_protected.html" title="enum in tp">PVis.EP_protected</A></STRONG></TD>
<TD>&nbsp;</TD>
</TR>
<TR BGCOLOR="white" CLASS="TableRowColor">
<TD WIDTH="15%"><STRONG><A HREF="../tp/PVis.EP_public.html" title="enum in tp">PVis.EP_public</A></STRONG></TD>
<TD>&nbsp;</TD>
</TR>
</TABLE>
&nbsp;

<P>

<TABLE BORDER="1" WIDTH="100%" CELLPADDING="3" CELLSPACING="0" SUMMARY="Annotation Types Summary table, listing annotation types, and an explanation">
<CAPTION CLASS="TableCaption">
Annotation Types Summary</CAPTION>
<TR>
<TH CLASS="TableHeader" SCOPE="col" NOWRAP>Annotation Type</TH>
<TH CLASS="TableHeader" SCOPE="col" NOWRAP>Description</TH>
</TR>
<TR BGCOLOR="white" CLASS="TableRowColor">
<TD WIDTH="15%"><STRONG><A HREF="../tp/PVis.Ap_package.html" title="annotation in tp">PVis.Ap_package</A></STRONG></TD>
<TD>package nested annotation</TD>
</TR>
<TR BGCOLOR="white" CLASS="TableRowColor">
<TD WIDTH="15%"><STRONG><A HREF="../tp/PVis.Ap_protected.html" title="annotation in tp">PVis.Ap_protected</A></STRONG></TD>
<TD>protected nested annotation</TD>
</TR>
<TR BGCOLOR="white" CLASS="TableRowColor">
<TD WIDTH="15%"><STRONG><A HREF="../tp/PVis.Ap_public.html" title="annotation in tp">PVis.Ap_public</A></STRONG></TD>
<TD>public nested annotation</TD>
</TR>
</TABLE>
&nbsp;

<P>
<HR>


<!-- ======= START OF BOTTOM NAVBAR ====== -->
<A NAME="navbar_bottom"><!-- --></A>
<A HREF="#skip-navbar_bottom" title="Skip navigation links"></A>
<TABLE BORDER="0" WIDTH="100%" CELLPADDING="1" CELLSPACING="0" SUMMARY="">
<TR>
<TD COLSPAN=2 BGCOLOR="#EEEEFF" CLASS="NavBarCell1">
<A NAME="navbar_bottom_firstrow"><!-- --></A>
<TABLE BORDER="0" CELLPADDING="0" CELLSPACING="3" SUMMARY="">
  <TR ALIGN="center" VALIGN="top">
  <TD BGCOLOR="#EEEEFF" CLASS="NavBarCell1">    <A HREF="../overview-summary.html"><FONT CLASS="NavBarFont1"><STRONG>Overview</STRONG></FONT></A>&nbsp;</TD>
  <TD BGCOLOR="#FFFFFF" CLASS="NavBarCell1Rev"> &nbsp;<FONT CLASS="NavBarFont1Rev"><STRONG>Package</STRONG></FONT>&nbsp;</TD>
  <TD BGCOLOR="#EEEEFF" CLASS="NavBarCell1">    <FONT CLASS="NavBarFont1">Class</FONT>&nbsp;</TD>
  <TD BGCOLOR="#EEEEFF" CLASS="NavBarCell1">    <A HREF="package-tree.html"><FONT CLASS="NavBarFont1"><STRONG>Tree</STRONG></FONT></A>&nbsp;</TD>
  <TD BGCOLOR="#EEEEFF" CLASS="NavBarCell1">    <A HREF="../deprecated-list.html"><FONT CLASS="NavBarFont1"><STRONG>Deprecated</STRONG></FONT></A>&nbsp;</TD>
  <TD BGCOLOR="#EEEEFF" CLASS="NavBarCell1">    <A HREF="../index-all.html"><FONT CLASS="NavBarFont1"><STRONG>Index</STRONG></FONT></A>&nbsp;</TD>
  <TD BGCOLOR="#EEEEFF" CLASS="NavBarCell1">    <A HREF="../help-doc.html"><FONT CLASS="NavBarFont1"><STRONG>Help</STRONG></FONT></A>&nbsp;</TD>
  </TR>
</TABLE>
</TD>
<TD ALIGN="right" VALIGN="top" ROWSPAN=3><EM>
</EM>
</TD>
</TR>

<TR>
<TD BGCOLOR="white" CLASS="NavBarCell2"><FONT SIZE="-2">
&nbsp;<A HREF="..//package-summary.html"><STRONG>PREV PACKAGE</STRONG></A>&nbsp;
&nbsp;NEXT PACKAGE</FONT></TD>
<TD BGCOLOR="white" CLASS="NavBarCell2"><FONT SIZE="-2">
  <A HREF="../index.html?tp/package-summary.html" target="_top"><STRONG>FRAMES</STRONG></A>  &nbsp;
&nbsp;<A HREF="package-summary.html" target="_top"><STRONG>NO FRAMES</STRONG></A>  &nbsp;
&nbsp;<SCRIPT type="text/javascript">
  <!--
  if(window==top) {
    document.writeln('<A HREF="../allclasses-noframe.html"><STRONG>All Classes</STRONG></A>');
  }
  //-->
</SCRIPT>
<NOSCRIPT>
  <A HREF="../allclasses-noframe.html"><STRONG>All Classes</STRONG></A>
</NOSCRIPT>


</FONT></TD>
</TR>
</TABLE>
<A NAME="skip-navbar_bottom"></A>
<!-- ======== END OF BOTTOM NAVBAR ======= -->

<HR>

</BODY>
</HTML>
