<!DOCTYPE HTML PUBLIC "-//W3C//DTD HTML 4.01 Transitional//EN" "http://www.w3.org/TR/html4/loose.dtd">
<!--NewPage-->
<HTML lang="en">
<HEAD>
<TITLE>
Index
</TITLE>


<LINK REL ="stylesheet" TYPE="text/css" HREF="./stylesheet.css" TITLE="Style">

<SCRIPT type="text/javascript">
function windowTitle()
{
    if (location.href.indexOf('is-external=true') == -1) {
        parent.document.title="Index";
    }
}
</SCRIPT>
<NOSCRIPT>
</NOSCRIPT>

</HEAD>

<BODY BGCOLOR="white" onload="windowTitle();">
<HR>


<!-- ========= START OF TOP NAVBAR ======= -->
<A NAME="navbar_top"><!-- --></A>
<A HREF="#skip-navbar_top" title="Skip navigation links"></A>
<TABLE BORDER="0" WIDTH="100%" CELLPADDING="1" CELLSPACING="0" SUMMARY="">
<TR>
<TD COLSPAN=2 BGCOLOR="#EEEEFF" CLASS="NavBarCell1">
<A NAME="navbar_top_firstrow"><!-- --></A>
<TABLE BORDER="0" CELLPADDING="0" CELLSPACING="3" SUMMARY="">
  <TR ALIGN="center" VALIGN="top">
  <TD BGCOLOR="#EEEEFF" CLASS="NavBarCell1">    <A HREF="./overview-summary.html"><FONT CLASS="NavBarFont1"><STRONG>Overview</STRONG></FONT></A>&nbsp;</TD>
  <TD BGCOLOR="#EEEEFF" CLASS="NavBarCell1">    <FONT CLASS="NavBarFont1">Package</FONT>&nbsp;</TD>
  <TD BGCOLOR="#EEEEFF" CLASS="NavBarCell1">    <FONT CLASS="NavBarFont1">Class</FONT>&nbsp;</TD>
  <TD BGCOLOR="#EEEEFF" CLASS="NavBarCell1">    <A HREF="./overview-tree.html"><FONT CLASS="NavBarFont1"><STRONG>Tree</STRONG></FONT></A>&nbsp;</TD>
  <TD BGCOLOR="#EEEEFF" CLASS="NavBarCell1">    <A HREF="./deprecated-list.html"><FONT CLASS="NavBarFont1"><STRONG>Deprecated</STRONG></FONT></A>&nbsp;</TD>
  <TD BGCOLOR="#FFFFFF" CLASS="NavBarCell1Rev"> &nbsp;<FONT CLASS="NavBarFont1Rev"><STRONG>Index</STRONG></FONT>&nbsp;</TD>
  <TD BGCOLOR="#EEEEFF" CLASS="NavBarCell1">    <A HREF="./help-doc.html"><FONT CLASS="NavBarFont1"><STRONG>Help</STRONG></FONT></A>&nbsp;</TD>
  </TR>
</TABLE>
</TD>
<TD ALIGN="right" VALIGN="top" ROWSPAN=3><EM>
</EM>
</TD>
</TR>

<TR>
<TD BGCOLOR="white" CLASS="NavBarCell2"><FONT SIZE="-2">
&nbsp;PREV&nbsp;
&nbsp;NEXT</FONT></TD>
<TD BGCOLOR="white" CLASS="NavBarCell2"><FONT SIZE="-2">
  <A HREF="./index.html?index-all.html" target="_top"><STRONG>FRAMES</STRONG></A>  &nbsp;
&nbsp;<A HREF="index-all.html" target="_top"><STRONG>NO FRAMES</STRONG></A>  &nbsp;
&nbsp;<SCRIPT type="text/javascript">
  <!--
  if(window==top) {
    document.writeln('<A HREF="./allclasses-noframe.html"><STRONG>All Classes</STRONG></A>');
  }
  //-->
</SCRIPT>
<NOSCRIPT>
  <A HREF="./allclasses-noframe.html"><STRONG>All Classes</STRONG></A>
</NOSCRIPT>


</FONT></TD>
</TR>
</TABLE>
<A NAME="skip-navbar_top"></A>
<!-- ========= END OF TOP NAVBAR ========= -->

<A HREF="#_I_">I</A> <A HREF="#_M_">M</A> <A HREF="#_P_">P</A> <A HREF="#_S_">S</A> <A HREF="#_T_">T</A> <A HREF="#_V_">V</A> <HR>
<A NAME="_I_"><!-- --></A><H2>
<STRONG>I</STRONG></H2>
<DL>
<DT><A HREF="./Vis.html#i_package"><STRONG>i_package</STRONG></A> - 
Variable in class <A HREF="./Vis.html" title="class in &lt;Unnamed&gt;">Vis</A>
</DT><DD>package field</DD>

<DT><A HREF="./Vis.html#i_private"><STRONG>i_private</STRONG></A> - 
Variable in class <A HREF="./Vis.html" title="class in &lt;Unnamed&gt;">Vis</A>
</DT><DD>private field</DD>

<DT><A HREF="./Vis.html#i_protected"><STRONG>i_protected</STRONG></A> - 
Variable in class <A HREF="./Vis.html" title="class in &lt;Unnamed&gt;">Vis</A>
</DT><DD>protected field</DD>

<DT><A HREF="./Vis.html#i_public"><STRONG>i_public</STRONG></A> - 
Variable in class <A HREF="./Vis.html" title="class in &lt;Unnamed&gt;">Vis</A>
</DT><DD>public field</DD>

<DT><A HREF="./tp/PVis.html#ip_package"><STRONG>ip_package</STRONG></A> - 
Variable in class tp.<A HREF="./tp/PVis.html" title="class in tp">PVis</A>
</DT><DD>&nbsp;</DD>

<DT><A HREF="./tp/PVis.html#ip_private"><STRONG>ip_private</STRONG></A> - 
Variable in class tp.<A HREF="./tp/PVis.html" title="class in tp">PVis</A>
</DT><DD>&nbsp;</DD>

<DT><A HREF="./tp/PVis.html#ip_protected"><STRONG>ip_protected</STRONG></A> - 
Variable in class tp.<A HREF="./tp/PVis.html" title="class in tp">PVis</A>
</DT><DD>&nbsp;</DD>

<DT><A HREF="./tp/PVis.html#ip_public"><STRONG>ip_public</STRONG></A> - 
Variable in class tp.<A HREF="./tp/PVis.html" title="class in tp">PVis</A>
</DT><DD>&nbsp;</DD>

<DT><A HREF="./SVis.html#is_package"><STRONG>is_package</STRONG></A> - 
Variable in class <A HREF="./SVis.html" title="class in &lt;Unnamed&gt;">SVis</A>
</DT><DD>&nbsp;</DD>

<DT><A HREF="./SVis.html#is_private"><STRONG>is_private</STRONG></A> - 
Variable in class <A HREF="./SVis.html" title="class in &lt;Unnamed&gt;">SVis</A>
</DT><DD>&nbsp;</DD>

<DT><A HREF="./SVis.html#is_protected"><STRONG>is_protected</STRONG></A> - 
Variable in class <A HREF="./SVis.html" title="class in &lt;Unnamed&gt;">SVis</A>
</DT><DD>&nbsp;</DD>

<DT><A HREF="./SVis.html#is_public"><STRONG>is_public</STRONG></A> - 
Variable in class <A HREF="./SVis.html" title="class in &lt;Unnamed&gt;">SVis</A>
</DT><DD>&nbsp;</DD>

</DL>
<HR>
<A NAME="_M_"><!-- --></A><H2>
<STRONG>M</STRONG></H2>
<DL>
<DT><A HREF="./Vis.html#m_package()"><STRONG>m_package()</STRONG></A> - 
Method in class <A HREF="./Vis.html" title="class in &lt;Unnamed&gt;">Vis</A>
</DT><DD>package method</DD>

<DT><A HREF="./Vis.html#m_private()"><STRONG>m_private()</STRONG></A> - 
Method in class <A HREF="./Vis.html" title="class in &lt;Unnamed&gt;">Vis</A>
</DT><DD>private method</DD>

<DT><A HREF="./Vis.html#m_protected()"><STRONG>m_protected()</STRONG></A> - 
Method in class <A HREF="./Vis.html" title="class in &lt;Unnamed&gt;">Vis</A>
</DT><DD>protected method</DD>

<DT><A HREF="./Vis.html#m_public()"><STRONG>m_public()</STRONG></A> - 
Method in class <A HREF="./Vis.html" title="class in &lt;Unnamed&gt;">Vis</A>
</DT><DD>public method</DD>

<DT><A HREF="./tp/PVis.html#mp_package()"><STRONG>mp_package()</STRONG></A> - 
Method in class tp.<A HREF="./tp/PVis.html" title="class in tp">PVis</A>
</DT><DD>&nbsp;</DD>

<DT><A HREF="./tp/PVis.html#mp_private()"><STRONG>mp_private()</STRONG></A> - 
Method in class tp.<A HREF="./tp/PVis.html" title="class in tp">PVis</A>
</DT><DD>&nbsp;</DD>

<DT><A HREF="./tp/PVis.html#mp_protected()"><STRONG>mp_protected()</STRONG></A> - 
Method in class tp.<A HREF="./tp/PVis.html" title="class in tp">PVis</A>
</DT><DD>&nbsp;</DD>

<DT><A HREF="./tp/PVis.html#mp_public()"><STRONG>mp_public()</STRONG></A> - 
Method in class tp.<A HREF="./tp/PVis.html" title="class in tp">PVis</A>
</DT><DD>&nbsp;</DD>

<DT><A HREF="./SVis.html#ms_package()"><STRONG>ms_package()</STRONG></A> - 
Method in class <A HREF="./SVis.html" title="class in &lt;Unnamed&gt;">SVis</A>
</DT><DD>&nbsp;</DD>

<DT><A HREF="./SVis.html#ms_private()"><STRONG>ms_private()</STRONG></A> - 
Method in class <A HREF="./SVis.html" title="class in &lt;Unnamed&gt;">SVis</A>
</DT><DD>&nbsp;</DD>

<DT><A HREF="./SVis.html#ms_protected()"><STRONG>ms_protected()</STRONG></A> - 
Method in class <A HREF="./SVis.html" title="class in &lt;Unnamed&gt;">SVis</A>
</DT><DD>&nbsp;</DD>

<DT><A HREF="./SVis.html#ms_public()"><STRONG>ms_public()</STRONG></A> - 
Method in class <A HREF="./SVis.html" title="class in &lt;Unnamed&gt;">SVis</A>
</DT><DD>&nbsp;</DD>

</DL>
<HR>
<A NAME="_P_"><!-- --></A><H2>
<STRONG>P</STRONG></H2>
<DL>
<DT><A HREF="./tp/PVis.html" title="class in tp"><STRONG>PVis</STRONG></A> - Class in <A HREF="./tp/package-summary.html">tp</A></DT><DD>&nbsp;</DD>
<DT><A HREF="./tp/PVis.html#PVis()"><STRONG>PVis()</STRONG></A> - 
Constructor for class tp.<A HREF="./tp/PVis.html" title="class in tp">PVis</A>
</DT><DD>public constructor</DD>

<DT><A HREF="./tp/PVis.html#PVis(int)"><STRONG>PVis(int)</STRONG></A> - 
Constructor for class tp.<A HREF="./tp/PVis.html" title="class in tp">PVis</A>
</DT><DD>protected constructor</DD>

<DT><A HREF="./tp/PVis.html#PVis(int, int)"><STRONG>PVis(int, int)</STRONG></A> - 
Constructor for class tp.<A HREF="./tp/PVis.html" title="class in tp">PVis</A>
</DT><DD>package constructor</DD>

<DT><A HREF="./tp/PVis.html#PVis(int, int, int)"><STRONG>PVis(int, int, int)</STRONG></A> - 
Constructor for class tp.<A HREF="./tp/PVis.html" title="class in tp">PVis</A>
</DT><DD>private constructor</DD>

<DT><A HREF="./tp/PVis.Ap_package.html" title="annotation in tp"><STRONG>PVis.Ap_package</STRONG></A> - Annotation Type in <A HREF="./tp/package-summary.html">tp</A></DT><DD>package nested annotation</DD>
<DT><A HREF="./tp/PVis.Ap_private.html" title="annotation in tp"><STRONG>PVis.Ap_private</STRONG></A> - Annotation Type in <A HREF="./tp/package-summary.html">tp</A></DT><DD>private nested annotation</DD>
<DT><A HREF="./tp/PVis.Ap_protected.html" title="annotation in tp"><STRONG>PVis.Ap_protected</STRONG></A> - Annotation Type in <A HREF="./tp/package-summary.html">tp</A></DT><DD>protected nested annotation</DD>
<DT><A HREF="./tp/PVis.Ap_public.html" title="annotation in tp"><STRONG>PVis.Ap_public</STRONG></A> - Annotation Type in <A HREF="./tp/package-summary.html">tp</A></DT><DD>public nested annotation</DD>
<DT><A HREF="./tp/PVis.Cp_package.html" title="class in tp"><STRONG>PVis.Cp_package</STRONG></A> - Class in <A HREF="./tp/package-summary.html">tp</A></DT><DD>&nbsp;</DD>
<DT><A HREF="./tp/PVis.Cp_package.html#PVis.Cp_package()"><STRONG>PVis.Cp_package()</STRONG></A> - 
Constructor for class tp.<A HREF="./tp/PVis.Cp_package.html" title="class in tp">PVis.Cp_package</A>
</DT><DD>&nbsp;</DD>

<DT><A HREF="./tp/PVis.Cp_private.html" title="class in tp"><STRONG>PVis.Cp_private</STRONG></A> - Class in <A HREF="./tp/package-summary.html">tp</A></DT><DD>&nbsp;</DD>
<DT><A HREF="./tp/PVis.Cp_private.html#PVis.Cp_private()"><STRONG>PVis.Cp_private()</STRONG></A> - 
Constructor for class tp.<A HREF="./tp/PVis.Cp_private.html" title="class in tp">PVis.Cp_private</A>
</DT><DD>&nbsp;</DD>

<DT><A HREF="./tp/PVis.Cp_protected.html" title="class in tp"><STRONG>PVis.Cp_protected</STRONG></A> - Class in <A HREF="./tp/package-summary.html">tp</A></DT><DD>&nbsp;</DD>
<DT><A HREF="./tp/PVis.Cp_protected.html#PVis.Cp_protected()"><STRONG>PVis.Cp_protected()</STRONG></A> - 
Constructor for class tp.<A HREF="./tp/PVis.Cp_protected.html" title="class in tp">PVis.Cp_protected</A>
</DT><DD>&nbsp;</DD>

<DT><A HREF="./tp/PVis.Cp_public.html" title="class in tp"><STRONG>PVis.Cp_public</STRONG></A> - Class in <A HREF="./tp/package-summary.html">tp</A></DT><DD>private model constructor</DD>
<DT><A HREF="./tp/PVis.Cp_public.html#PVis.Cp_public()"><STRONG>PVis.Cp_public()</STRONG></A> - 
Constructor for class tp.<A HREF="./tp/PVis.Cp_public.html" title="class in tp">PVis.Cp_public</A>
</DT><DD>&nbsp;</DD>

<DT><A HREF="./tp/PVis.EP_package.html" title="enum in tp"><STRONG>PVis.EP_package</STRONG></A> - Enum in <A HREF="./tp/package-summary.html">tp</A></DT><DD>&nbsp;</DD>
<DT><A HREF="./tp/PVis.EP_package.html#PVis.EP_package()"><STRONG>PVis.EP_package()</STRONG></A> - 
Constructor for enum tp.<A HREF="./tp/PVis.EP_package.html" title="enum in tp">PVis.EP_package</A>
</DT><DD>&nbsp;</DD>

<DT><A HREF="./tp/PVis.EP_private.html" title="enum in tp"><STRONG>PVis.EP_private</STRONG></A> - Enum in <A HREF="./tp/package-summary.html">tp</A></DT><DD>&nbsp;</DD>
<DT><A HREF="./tp/PVis.EP_private.html#PVis.EP_private()"><STRONG>PVis.EP_private()</STRONG></A> - 
Constructor for enum tp.<A HREF="./tp/PVis.EP_private.html" title="enum in tp">PVis.EP_private</A>
</DT><DD>&nbsp;</DD>

<DT><A HREF="./tp/PVis.EP_protected.html" title="enum in tp"><STRONG>PVis.EP_protected</STRONG></A> - Enum in <A HREF="./tp/package-summary.html">tp</A></DT><DD>&nbsp;</DD>
<DT><A HREF="./tp/PVis.EP_protected.html#PVis.EP_protected()"><STRONG>PVis.EP_protected()</STRONG></A> - 
Constructor for enum tp.<A HREF="./tp/PVis.EP_protected.html" title="enum in tp">PVis.EP_protected</A>
</DT><DD>&nbsp;</DD>

<DT><A HREF="./tp/PVis.EP_public.html" title="enum in tp"><STRONG>PVis.EP_public</STRONG></A> - Enum in <A HREF="./tp/package-summary.html">tp</A></DT><DD>&nbsp;</DD>
<DT><A HREF="./tp/PVis.EP_public.html#PVis.EP_public()"><STRONG>PVis.EP_public()</STRONG></A> - 
Constructor for enum tp.<A HREF="./tp/PVis.EP_public.html" title="enum in tp">PVis.EP_public</A>
</DT><DD>&nbsp;</DD>

<DT><A HREF="./tp/PVis.Ip_package.html" title="interface in tp"><STRONG>PVis.Ip_package</STRONG></A> - Interface in <A HREF="./tp/package-summary.html">tp</A></DT><DD>package nested interface</DD>
<DT><A HREF="./tp/PVis.Ip_private.html" title="interface in tp"><STRONG>PVis.Ip_private</STRONG></A> - Interface in <A HREF="./tp/package-summary.html">tp</A></DT><DD>private nested interface</DD>
<DT><A HREF="./tp/PVis.Ip_protected.html" title="interface in tp"><STRONG>PVis.Ip_protected</STRONG></A> - Interface in <A HREF="./tp/package-summary.html">tp</A></DT><DD>protected nested interface</DD>
<DT><A HREF="./tp/PVis.Ip_public.html" title="interface in tp"><STRONG>PVis.Ip_public</STRONG></A> - Interface in <A HREF="./tp/package-summary.html">tp</A></DT><DD>public nested interface</DD>
</DL>
<HR>
<A NAME="_S_"><!-- --></A><H2>
<STRONG>S</STRONG></H2>
<DL>
<DT><A HREF="./SVis.html" title="class in &lt;Unnamed&gt;"><STRONG>SVis</STRONG></A> - Class in <A HREF="./package-summary.html">&lt;Unnamed&gt;</A></DT><DD>&nbsp;</DD>
<DT><A HREF="./SVis.html#SVis()"><STRONG>SVis()</STRONG></A> - 
Constructor for class <A HREF="./SVis.html" title="class in &lt;Unnamed&gt;">SVis</A>
</DT><DD>public constructor</DD>

<DT><A HREF="./SVis.html#SVis(int)"><STRONG>SVis(int)</STRONG></A> - 
Constructor for class <A HREF="./SVis.html" title="class in &lt;Unnamed&gt;">SVis</A>
</DT><DD>protected constructor</DD>

<DT><A HREF="./SVis.html#SVis(int, int)"><STRONG>SVis(int, int)</STRONG></A> - 
Constructor for class <A HREF="./SVis.html" title="class in &lt;Unnamed&gt;">SVis</A>
</DT><DD>package constructor</DD>

<DT><A HREF="./SVis.html#SVis(int, int, int)"><STRONG>SVis(int, int, int)</STRONG></A> - 
Constructor for class <A HREF="./SVis.html" title="class in &lt;Unnamed&gt;">SVis</A>
</DT><DD>private constructor</DD>

<DT><A HREF="./SVis.As_package.html" title="annotation in &lt;Unnamed&gt;"><STRONG>SVis.As_package</STRONG></A> - Annotation Type in <A HREF="./package-summary.html">&lt;Unnamed&gt;</A></DT><DD>package nested annotation</DD>
<DT><A HREF="./SVis.As_private.html" title="annotation in &lt;Unnamed&gt;"><STRONG>SVis.As_private</STRONG></A> - Annotation Type in <A HREF="./package-summary.html">&lt;Unnamed&gt;</A></DT><DD>private nested annotation</DD>
<DT><A HREF="./SVis.As_protected.html" title="annotation in &lt;Unnamed&gt;"><STRONG>SVis.As_protected</STRONG></A> - Annotation Type in <A HREF="./package-summary.html">&lt;Unnamed&gt;</A></DT><DD>protected nested annotation</DD>
<DT><A HREF="./SVis.As_public.html" title="annotation in &lt;Unnamed&gt;"><STRONG>SVis.As_public</STRONG></A> - Annotation Type in <A HREF="./package-summary.html">&lt;Unnamed&gt;</A></DT><DD>public nested annotation</DD>
<DT><A HREF="./SVis.Cs_package.html" title="class in &lt;Unnamed&gt;"><STRONG>SVis.Cs_package</STRONG></A> - Class in <A HREF="./package-summary.html">&lt;Unnamed&gt;</A></DT><DD>&nbsp;</DD>
<DT><A HREF="./SVis.Cs_package.html#SVis.Cs_package()"><STRONG>SVis.Cs_package()</STRONG></A> - 
Constructor for class <A HREF="./SVis.Cs_package.html" title="class in &lt;Unnamed&gt;">SVis.Cs_package</A>
</DT><DD>&nbsp;</DD>

<DT><A HREF="./SVis.Cs_private.html" title="class in &lt;Unnamed&gt;"><STRONG>SVis.Cs_private</STRONG></A> - Class in <A HREF="./package-summary.html">&lt;Unnamed&gt;</A></DT><DD>&nbsp;</DD>
<DT><A HREF="./SVis.Cs_private.html#SVis.Cs_private()"><STRONG>SVis.Cs_private()</STRONG></A> - 
Constructor for class <A HREF="./SVis.Cs_private.html" title="class in &lt;Unnamed&gt;">SVis.Cs_private</A>
</DT><DD>&nbsp;</DD>

<DT><A HREF="./SVis.Cs_protected.html" title="class in &lt;Unnamed&gt;"><STRONG>SVis.Cs_protected</STRONG></A> - Class in <A HREF="./package-summary.html">&lt;Unnamed&gt;</A></DT><DD>&nbsp;</DD>
<DT><A HREF="./SVis.Cs_protected.html#SVis.Cs_protected()"><STRONG>SVis.Cs_protected()</STRONG></A> - 
Constructor for class <A HREF="./SVis.Cs_protected.html" title="class in &lt;Unnamed&gt;">SVis.Cs_protected</A>
</DT><DD>&nbsp;</DD>

<DT><A HREF="./SVis.Cs_public.html" title="class in &lt;Unnamed&gt;"><STRONG>SVis.Cs_public</STRONG></A> - Class in <A HREF="./package-summary.html">&lt;Unnamed&gt;</A></DT><DD>private model constructor</DD>
<DT><A HREF="./SVis.Cs_public.html#SVis.Cs_public()"><STRONG>SVis.Cs_public()</STRONG></A> - 
Constructor for class <A HREF="./SVis.Cs_public.html" title="class in &lt;Unnamed&gt;">SVis.Cs_public</A>
</DT><DD>&nbsp;</DD>

<DT><A HREF="./SVis.ES_package.html" title="enum in &lt;Unnamed&gt;"><STRONG>SVis.ES_package</STRONG></A> - Enum in <A HREF="./package-summary.html">&lt;Unnamed&gt;</A></DT><DD>&nbsp;</DD>
<DT><A HREF="./SVis.ES_package.html#SVis.ES_package()"><STRONG>SVis.ES_package()</STRONG></A> - 
Constructor for enum <A HREF="./SVis.ES_package.html" title="enum in &lt;Unnamed&gt;">SVis.ES_package</A>
</DT><DD>&nbsp;</DD>

<DT><A HREF="./SVis.ES_private.html" title="enum in &lt;Unnamed&gt;"><STRONG>SVis.ES_private</STRONG></A> - Enum in <A HREF="./package-summary.html">&lt;Unnamed&gt;</A></DT><DD>&nbsp;</DD>
<DT><A HREF="./SVis.ES_private.html#SVis.ES_private()"><STRONG>SVis.ES_private()</STRONG></A> - 
Constructor for enum <A HREF="./SVis.ES_private.html" title="enum in &lt;Unnamed&gt;">SVis.ES_private</A>
</DT><DD>&nbsp;</DD>

<DT><A HREF="./SVis.ES_protected.html" title="enum in &lt;Unnamed&gt;"><STRONG>SVis.ES_protected</STRONG></A> - Enum in <A HREF="./package-summary.html">&lt;Unnamed&gt;</A></DT><DD>&nbsp;</DD>
<DT><A HREF="./SVis.ES_protected.html#SVis.ES_protected()"><STRONG>SVis.ES_protected()</STRONG></A> - 
Constructor for enum <A HREF="./SVis.ES_protected.html" title="enum in &lt;Unnamed&gt;">SVis.ES_protected</A>
</DT><DD>&nbsp;</DD>

<DT><A HREF="./SVis.ES_public.html" title="enum in &lt;Unnamed&gt;"><STRONG>SVis.ES_public</STRONG></A> - Enum in <A HREF="./package-summary.html">&lt;Unnamed&gt;</A></DT><DD>&nbsp;</DD>
<DT><A HREF="./SVis.ES_public.html#SVis.ES_public()"><STRONG>SVis.ES_public()</STRONG></A> - 
Constructor for enum <A HREF="./SVis.ES_public.html" title="enum in &lt;Unnamed&gt;">SVis.ES_public</A>
</DT><DD>&nbsp;</DD>

<DT><A HREF="./SVis.Is_package.html" title="interface in &lt;Unnamed&gt;"><STRONG>SVis.Is_package</STRONG></A> - Interface in <A HREF="./package-summary.html">&lt;Unnamed&gt;</A></DT><DD>package nested interface</DD>
<DT><A HREF="./SVis.Is_private.html" title="interface in &lt;Unnamed&gt;"><STRONG>SVis.Is_private</STRONG></A> - Interface in <A HREF="./package-summary.html">&lt;Unnamed&gt;</A></DT><DD>private nested interface</DD>
<DT><A HREF="./SVis.Is_protected.html" title="interface in &lt;Unnamed&gt;"><STRONG>SVis.Is_protected</STRONG></A> - Interface in <A HREF="./package-summary.html">&lt;Unnamed&gt;</A></DT><DD>protected nested interface</DD>
<DT><A HREF="./SVis.Is_public.html" title="interface in &lt;Unnamed&gt;"><STRONG>SVis.Is_public</STRONG></A> - Interface in <A HREF="./package-summary.html">&lt;Unnamed&gt;</A></DT><DD>public nested interface</DD>
</DL>
<HR>
<A NAME="_T_"><!-- --></A><H2>
<STRONG>T</STRONG></H2>
<DL>
<DT><A HREF="./tp/package-summary.html"><STRONG>tp</STRONG></A> - package tp</DT><DD>&nbsp;</DD>
</DL>
<HR>
<A NAME="_V_"><!-- --></A><H2>
<STRONG>V</STRONG></H2>
<DL>
<DT><A HREF="./SVis.ES_package.html#valueOf(java.lang.String)"><STRONG>valueOf(String)</STRONG></A> - 
Static method in enum <A HREF="./SVis.ES_package.html" title="enum in &lt;Unnamed&gt;">SVis.ES_package</A>
</DT><DD>Returns the enum constant of this type with the specified name.</DD>

<DT><A HREF="./SVis.ES_private.html#valueOf(java.lang.String)"><STRONG>valueOf(String)</STRONG></A> - 
Static method in enum <A HREF="./SVis.ES_private.html" title="enum in &lt;Unnamed&gt;">SVis.ES_private</A>
</DT><DD>Returns the enum constant of this type with the specified name.</DD>

<DT><A HREF="./SVis.ES_protected.html#valueOf(java.lang.String)"><STRONG>valueOf(String)</STRONG></A> - 
Static method in enum <A HREF="./SVis.ES_protected.html" title="enum in &lt;Unnamed&gt;">SVis.ES_protected</A>
</DT><DD>Returns the enum constant of this type with the specified name.</DD>

<DT><A HREF="./SVis.ES_public.html#valueOf(java.lang.String)"><STRONG>valueOf(String)</STRONG></A> - 
Static method in enum <A HREF="./SVis.ES_public.html" title="enum in &lt;Unnamed&gt;">SVis.ES_public</A>
</DT><DD>Returns the enum constant of this type with the specified name.</DD>

<DT><A HREF="./tp/PVis.EP_package.html#valueOf(java.lang.String)"><STRONG>valueOf(String)</STRONG></A> - 
Static method in enum tp.<A HREF="./tp/PVis.EP_package.html" title="enum in tp">PVis.EP_package</A>
</DT><DD>Returns the enum constant of this type with the specified name.</DD>

<DT><A HREF="./tp/PVis.EP_private.html#valueOf(java.lang.String)"><STRONG>valueOf(String)</STRONG></A> - 
Static method in enum tp.<A HREF="./tp/PVis.EP_private.html" title="enum in tp">PVis.EP_private</A>
</DT><DD>Returns the enum constant of this type with the specified name.</DD>

<DT><A HREF="./tp/PVis.EP_protected.html#valueOf(java.lang.String)"><STRONG>valueOf(String)</STRONG></A> - 
Static method in enum tp.<A HREF="./tp/PVis.EP_protected.html" title="enum in tp">PVis.EP_protected</A>
</DT><DD>Returns the enum constant of this type with the specified name.</DD>

<DT><A HREF="./tp/PVis.EP_public.html#valueOf(java.lang.String)"><STRONG>valueOf(String)</STRONG></A> - 
Static method in enum tp.<A HREF="./tp/PVis.EP_public.html" title="enum in tp">PVis.EP_public</A>
</DT><DD>Returns the enum constant of this type with the specified name.</DD>

<DT><A HREF="./Vis.E_package.html#valueOf(java.lang.String)"><STRONG>valueOf(String)</STRONG></A> - 
Static method in enum <A HREF="./Vis.E_package.html" title="enum in &lt;Unnamed&gt;">Vis.E_package</A>
</DT><DD>Returns the enum constant of this type with the specified name.</DD>

<DT><A HREF="./Vis.E_private.html#valueOf(java.lang.String)"><STRONG>valueOf(String)</STRONG></A> - 
Static method in enum <A HREF="./Vis.E_private.html" title="enum in &lt;Unnamed&gt;">Vis.E_private</A>
</DT><DD>Returns the enum constant of this type with the specified name.</DD>

<DT><A HREF="./Vis.E_protected.html#valueOf(java.lang.String)"><STRONG>valueOf(String)</STRONG></A> - 
Static method in enum <A HREF="./Vis.E_protected.html" title="enum in &lt;Unnamed&gt;">Vis.E_protected</A>
</DT><DD>Returns the enum constant of this type with the specified name.</DD>

<DT><A HREF="./Vis.E_public.html#valueOf(java.lang.String)"><STRONG>valueOf(String)</STRONG></A> - 
Static method in enum <A HREF="./Vis.E_public.html" title="enum in &lt;Unnamed&gt;">Vis.E_public</A>
</DT><DD>Returns the enum constant of this type with the specified name.</DD>

<DT><A HREF="./SVis.ES_package.html#values()"><STRONG>values()</STRONG></A> - 
Static method in enum <A HREF="./SVis.ES_package.html" title="enum in &lt;Unnamed&gt;">SVis.ES_package</A>
</DT><DD>Returns an array containing the constants of this enum type, in
the order they are declared.</DD>

<DT><A HREF="./SVis.ES_private.html#values()"><STRONG>values()</STRONG></A> - 
Static method in enum <A HREF="./SVis.ES_private.html" title="enum in &lt;Unnamed&gt;">SVis.ES_private</A>
</DT><DD>Returns an array containing the constants of this enum type, in
the order they are declared.</DD>

<DT><A HREF="./SVis.ES_protected.html#values()"><STRONG>values()</STRONG></A> - 
Static method in enum <A HREF="./SVis.ES_protected.html" title="enum in &lt;Unnamed&gt;">SVis.ES_protected</A>
</DT><DD>Returns an array containing the constants of this enum type, in
the order they are declared.</DD>

<DT><A HREF="./SVis.ES_public.html#values()"><STRONG>values()</STRONG></A> - 
Static method in enum <A HREF="./SVis.ES_public.html" title="enum in &lt;Unnamed&gt;">SVis.ES_public</A>
</DT><DD>Returns an array containing the constants of this enum type, in
the order they are declared.</DD>

<DT><A HREF="./tp/PVis.EP_package.html#values()"><STRONG>values()</STRONG></A> - 
Static method in enum tp.<A HREF="./tp/PVis.EP_package.html" title="enum in tp">PVis.EP_package</A>
</DT><DD>Returns an array containing the constants of this enum type, in
the order they are declared.</DD>

<DT><A HREF="./tp/PVis.EP_private.html#values()"><STRONG>values()</STRONG></A> - 
Static method in enum tp.<A HREF="./tp/PVis.EP_private.html" title="enum in tp">PVis.EP_private</A>
</DT><DD>Returns an array containing the constants of this enum type, in
the order they are declared.</DD>

<DT><A HREF="./tp/PVis.EP_protected.html#values()"><STRONG>values()</STRONG></A> - 
Static method in enum tp.<A HREF="./tp/PVis.EP_protected.html" title="enum in tp">PVis.EP_protected</A>
</DT><DD>Returns an array containing the constants of this enum type, in
the order they are declared.</DD>

<DT><A HREF="./tp/PVis.EP_public.html#values()"><STRONG>values()</STRONG></A> - 
Static method in enum tp.<A HREF="./tp/PVis.EP_public.html" title="enum in tp">PVis.EP_public</A>
</DT><DD>Returns an array containing the constants of this enum type, in
the order they are declared.</DD>

<DT><A HREF="./Vis.E_package.html#values()"><STRONG>values()</STRONG></A> - 
Static method in enum <A HREF="./Vis.E_package.html" title="enum in &lt;Unnamed&gt;">Vis.E_package</A>
</DT><DD>Returns an array containing the constants of this enum type, in
the order they are declared.</DD>

<DT><A HREF="./Vis.E_private.html#values()"><STRONG>values()</STRONG></A> - 
Static method in enum <A HREF="./Vis.E_private.html" title="enum in &lt;Unnamed&gt;">Vis.E_private</A>
</DT><DD>Returns an array containing the constants of this enum type, in
the order they are declared.</DD>

<DT><A HREF="./Vis.E_protected.html#values()"><STRONG>values()</STRONG></A> - 
Static method in enum <A HREF="./Vis.E_protected.html" title="enum in &lt;Unnamed&gt;">Vis.E_protected</A>
</DT><DD>Returns an array containing the constants of this enum type, in
the order they are declared.</DD>

<DT><A HREF="./Vis.E_public.html#values()"><STRONG>values()</STRONG></A> - 
Static method in enum <A HREF="./Vis.E_public.html" title="enum in &lt;Unnamed&gt;">Vis.E_public</A>
</DT><DD>Returns an array containing the constants of this enum type, in
the order they are declared.</DD>

<DT><A HREF="./Vis.html" title="class in &lt;Unnamed&gt;"><STRONG>Vis</STRONG></A> - Class in <A HREF="./package-summary.html">&lt;Unnamed&gt;</A></DT><DD>&nbsp;</DD>
<DT><A HREF="./Vis.html#Vis()"><STRONG>Vis()</STRONG></A> - 
Constructor for class <A HREF="./Vis.html" title="class in &lt;Unnamed&gt;">Vis</A>
</DT><DD>public constructor</DD>

<DT><A HREF="./Vis.html#Vis(int)"><STRONG>Vis(int)</STRONG></A> - 
Constructor for class <A HREF="./Vis.html" title="class in &lt;Unnamed&gt;">Vis</A>
</DT><DD>protected constructor</DD>

<DT><A HREF="./Vis.html#Vis(int, int)"><STRONG>Vis(int, int)</STRONG></A> - 
Constructor for class <A HREF="./Vis.html" title="class in &lt;Unnamed&gt;">Vis</A>
</DT><DD>package constructor</DD>

<DT><A HREF="./Vis.html#Vis(int, int, int)"><STRONG>Vis(int, int, int)</STRONG></A> - 
Constructor for class <A HREF="./Vis.html" title="class in &lt;Unnamed&gt;">Vis</A>
</DT><DD>private constructor</DD>

<DT><A HREF="./Vis.A_package.html" title="annotation in &lt;Unnamed&gt;"><STRONG>Vis.A_package</STRONG></A> - Annotation Type in <A HREF="./package-summary.html">&lt;Unnamed&gt;</A></DT><DD>package nested annotation</DD>
<DT><A HREF="./Vis.A_private.html" title="annotation in &lt;Unnamed&gt;"><STRONG>Vis.A_private</STRONG></A> - Annotation Type in <A HREF="./package-summary.html">&lt;Unnamed&gt;</A></DT><DD>private nested annotation</DD>
<DT><A HREF="./Vis.A_protected.html" title="annotation in &lt;Unnamed&gt;"><STRONG>Vis.A_protected</STRONG></A> - Annotation Type in <A HREF="./package-summary.html">&lt;Unnamed&gt;</A></DT><DD>protected nested annotation</DD>
<DT><A HREF="./Vis.A_public.html" title="annotation in &lt;Unnamed&gt;"><STRONG>Vis.A_public</STRONG></A> - Annotation Type in <A HREF="./package-summary.html">&lt;Unnamed&gt;</A></DT><DD>public nested annotation</DD>
<DT><A HREF="./Vis.C_package.html" title="class in &lt;Unnamed&gt;"><STRONG>Vis.C_package</STRONG></A> - Class in <A HREF="./package-summary.html">&lt;Unnamed&gt;</A></DT><DD>package nested class</DD>
<DT><A HREF="./Vis.C_package.html#Vis.C_package()"><STRONG>Vis.C_package()</STRONG></A> - 
Constructor for class <A HREF="./Vis.C_package.html" title="class in &lt;Unnamed&gt;">Vis.C_package</A>
</DT><DD>&nbsp;</DD>

<DT><A HREF="./Vis.C_private.html" title="class in &lt;Unnamed&gt;"><STRONG>Vis.C_private</STRONG></A> - Class in <A HREF="./package-summary.html">&lt;Unnamed&gt;</A></DT><DD>private nested class</DD>
<DT><A HREF="./Vis.C_private.html#Vis.C_private()"><STRONG>Vis.C_private()</STRONG></A> - 
Constructor for class <A HREF="./Vis.C_private.html" title="class in &lt;Unnamed&gt;">Vis.C_private</A>
</DT><DD>&nbsp;</DD>

<DT><A HREF="./Vis.C_protected.html" title="class in &lt;Unnamed&gt;"><STRONG>Vis.C_protected</STRONG></A> - Class in <A HREF="./package-summary.html">&lt;Unnamed&gt;</A></DT><DD>protected nested class</DD>
<DT><A HREF="./Vis.C_protected.html#Vis.C_protected()"><STRONG>Vis.C_protected()</STRONG></A> - 
Constructor for class <A HREF="./Vis.C_protected.html" title="class in &lt;Unnamed&gt;">Vis.C_protected</A>
</DT><DD>&nbsp;</DD>

<DT><A HREF="./Vis.C_public.html" title="class in &lt;Unnamed&gt;"><STRONG>Vis.C_public</STRONG></A> - Class in <A HREF="./package-summary.html">&lt;Unnamed&gt;</A></DT><DD>public nested class</DD>
<DT><A HREF="./Vis.C_public.html#Vis.C_public()"><STRONG>Vis.C_public()</STRONG></A> - 
Constructor for class <A HREF="./Vis.C_public.html" title="class in &lt;Unnamed&gt;">Vis.C_public</A>
</DT><DD>&nbsp;</DD>

<DT><A HREF="./Vis.E_package.html" title="enum in &lt;Unnamed&gt;"><STRONG>Vis.E_package</STRONG></A> - Enum in <A HREF="./package-summary.html">&lt;Unnamed&gt;</A></DT><DD>package nested enum</DD>
<DT><A HREF="./Vis.E_package.html#Vis.E_package()"><STRONG>Vis.E_package()</STRONG></A> - 
Constructor for enum <A HREF="./Vis.E_package.html" title="enum in &lt;Unnamed&gt;">Vis.E_package</A>
</DT><DD>&nbsp;</DD>

<DT><A HREF="./Vis.E_private.html" title="enum in &lt;Unnamed&gt;"><STRONG>Vis.E_private</STRONG></A> - Enum in <A HREF="./package-summary.html">&lt;Unnamed&gt;</A></DT><DD>private nested enum</DD>
<DT><A HREF="./Vis.E_private.html#Vis.E_private()"><STRONG>Vis.E_private()</STRONG></A> - 
Constructor for enum <A HREF="./Vis.E_private.html" title="enum in &lt;Unnamed&gt;">Vis.E_private</A>
</DT><DD>&nbsp;</DD>

<DT><A HREF="./Vis.E_protected.html" title="enum in &lt;Unnamed&gt;"><STRONG>Vis.E_protected</STRONG></A> - Enum in <A HREF="./package-summary.html">&lt;Unnamed&gt;</A></DT><DD>protected nested enum</DD>
<DT><A HREF="./Vis.E_protected.html#Vis.E_protected()"><STRONG>Vis.E_protected()</STRONG></A> - 
Constructor for enum <A HREF="./Vis.E_protected.html" title="enum in &lt;Unnamed&gt;">Vis.E_protected</A>
</DT><DD>&nbsp;</DD>

<DT><A HREF="./Vis.E_public.html" title="enum in &lt;Unnamed&gt;"><STRONG>Vis.E_public</STRONG></A> - Enum in <A HREF="./package-summary.html">&lt;Unnamed&gt;</A></DT><DD>public nested enum</DD>
<DT><A HREF="./Vis.E_public.html#Vis.E_public()"><STRONG>Vis.E_public()</STRONG></A> - 
Constructor for enum <A HREF="./Vis.E_public.html" title="enum in &lt;Unnamed&gt;">Vis.E_public</A>
</DT><DD>&nbsp;</DD>

<DT><A HREF="./Vis.I_package.html" title="interface in &lt;Unnamed&gt;"><STRONG>Vis.I_package</STRONG></A> - Interface in <A HREF="./package-summary.html">&lt;Unnamed&gt;</A></DT><DD>package nested interface</DD>
<DT><A HREF="./Vis.I_private.html" title="interface in &lt;Unnamed&gt;"><STRONG>Vis.I_private</STRONG></A> - Interface in <A HREF="./package-summary.html">&lt;Unnamed&gt;</A></DT><DD>private nested interface</DD>
<DT><A HREF="./Vis.I_protected.html" title="interface in &lt;Unnamed&gt;"><STRONG>Vis.I_protected</STRONG></A> - Interface in <A HREF="./package-summary.html">&lt;Unnamed&gt;</A></DT><DD>protected nested interface</DD>
<DT><A HREF="./Vis.I_public.html" title="interface in &lt;Unnamed&gt;"><STRONG>Vis.I_public</STRONG></A> - Interface in <A HREF="./package-summary.html">&lt;Unnamed&gt;</A></DT><DD>public nested interface</DD>
</DL>
<HR>
<A HREF="#_I_">I</A> <A HREF="#_M_">M</A> <A HREF="#_P_">P</A> <A HREF="#_S_">S</A> <A HREF="#_T_">T</A> <A HREF="#_V_">V</A> 

<!-- ======= START OF BOTTOM NAVBAR ====== -->
<A NAME="navbar_bottom"><!-- --></A>
<A HREF="#skip-navbar_bottom" title="Skip navigation links"></A>
<TABLE BORDER="0" WIDTH="100%" CELLPADDING="1" CELLSPACING="0" SUMMARY="">
<TR>
<TD COLSPAN=2 BGCOLOR="#EEEEFF" CLASS="NavBarCell1">
<A NAME="navbar_bottom_firstrow"><!-- --></A>
<TABLE BORDER="0" CELLPADDING="0" CELLSPACING="3" SUMMARY="">
  <TR ALIGN="center" VALIGN="top">
  <TD BGCOLOR="#EEEEFF" CLASS="NavBarCell1">    <A HREF="./overview-summary.html"><FONT CLASS="NavBarFont1"><STRONG>Overview</STRONG></FONT></A>&nbsp;</TD>
  <TD BGCOLOR="#EEEEFF" CLASS="NavBarCell1">    <FONT CLASS="NavBarFont1">Package</FONT>&nbsp;</TD>
  <TD BGCOLOR="#EEEEFF" CLASS="NavBarCell1">    <FONT CLASS="NavBarFont1">Class</FONT>&nbsp;</TD>
  <TD BGCOLOR="#EEEEFF" CLASS="NavBarCell1">    <A HREF="./overview-tree.html"><FONT CLASS="NavBarFont1"><STRONG>Tree</STRONG></FONT></A>&nbsp;</TD>
  <TD BGCOLOR="#EEEEFF" CLASS="NavBarCell1">    <A HREF="./deprecated-list.html"><FONT CLASS="NavBarFont1"><STRONG>Deprecated</STRONG></FONT></A>&nbsp;</TD>
  <TD BGCOLOR="#FFFFFF" CLASS="NavBarCell1Rev"> &nbsp;<FONT CLASS="NavBarFont1Rev"><STRONG>Index</STRONG></FONT>&nbsp;</TD>
  <TD BGCOLOR="#EEEEFF" CLASS="NavBarCell1">    <A HREF="./help-doc.html"><FONT CLASS="NavBarFont1"><STRONG>Help</STRONG></FONT></A>&nbsp;</TD>
  </TR>
</TABLE>
</TD>
<TD ALIGN="right" VALIGN="top" ROWSPAN=3><EM>
</EM>
</TD>
</TR>

<TR>
<TD BGCOLOR="white" CLASS="NavBarCell2"><FONT SIZE="-2">
&nbsp;PREV&nbsp;
&nbsp;NEXT</FONT></TD>
<TD BGCOLOR="white" CLASS="NavBarCell2"><FONT SIZE="-2">
  <A HREF="./index.html?index-all.html" target="_top"><STRONG>FRAMES</STRONG></A>  &nbsp;
&nbsp;<A HREF="index-all.html" target="_top"><STRONG>NO FRAMES</STRONG></A>  &nbsp;
&nbsp;<SCRIPT type="text/javascript">
  <!--
  if(window==top) {
    document.writeln('<A HREF="./allclasses-noframe.html"><STRONG>All Classes</STRONG></A>');
  }
  //-->
</SCRIPT>
<NOSCRIPT>
  <A HREF="./allclasses-noframe.html"><STRONG>All Classes</STRONG></A>
</NOSCRIPT>


</FONT></TD>
</TR>
</TABLE>
<A NAME="skip-navbar_bottom"></A>
<!-- ======== END OF BOTTOM NAVBAR ======= -->

<HR>

</BODY>
</HTML>
