<!DOCTYPE HTML PUBLIC "-//W3C//DTD HTML 4.01 Transitional//EN" "http://www.w3.org/TR/html4/loose.dtd">
<!--NewPage-->
<HTML lang="en">
<HEAD>
<TITLE>

</TITLE>


<LINK REL ="stylesheet" TYPE="text/css" HREF="stylesheet.css" TITLE="Style">


</HEAD>

<BODY BGCOLOR="white">
<HR>


<!-- ========= START OF TOP NAVBAR ======= -->
<A NAME="navbar_top"><!-- --></A>
<A HREF="#skip-navbar_top" title="Skip navigation links"></A>
<TABLE BORDER="0" WIDTH="100%" CELLPADDING="1" CELLSPACING="0" SUMMARY="">
<TR>
<TD COLSPAN=2 BGCOLOR="#EEEEFF" CLASS="NavBarCell1">
<A NAME="navbar_top_firstrow"><!-- --></A>
<TABLE BORDER="0" CELLPADDING="0" CELLSPACING="3" SUMMARY="">
  <TR ALIGN="center" VALIGN="top">
  <TD BGCOLOR="#EEEEFF" CLASS="NavBarCell1">    <A HREF="overview-summary.html"><FONT CLASS="NavBarFont1"><STRONG>Overview</STRONG></FONT></A>&nbsp;</TD>
  <TD BGCOLOR="#FFFFFF" CLASS="NavBarCell1Rev"> &nbsp;<FONT CLASS="NavBarFont1Rev"><STRONG>Package</STRONG></FONT>&nbsp;</TD>
  <TD BGCOLOR="#EEEEFF" CLASS="NavBarCell1">    <FONT CLASS="NavBarFont1">Class</FONT>&nbsp;</TD>
  <TD BGCOLOR="#EEEEFF" CLASS="NavBarCell1">    <A HREF="package-tree.html"><FONT CLASS="NavBarFont1"><STRONG>Tree</STRONG></FONT></A>&nbsp;</TD>
  <TD BGCOLOR="#EEEEFF" CLASS="NavBarCell1">    <A HREF="deprecated-list.html"><FONT CLASS="NavBarFont1"><STRONG>Deprecated</STRONG></FONT></A>&nbsp;</TD>
  <TD BGCOLOR="#EEEEFF" CLASS="NavBarCell1">    <A HREF="index-all.html"><FONT CLASS="NavBarFont1"><STRONG>Index</STRONG></FONT></A>&nbsp;</TD>
  <TD BGCOLOR="#EEEEFF" CLASS="NavBarCell1">    <A HREF="help-doc.html"><FONT CLASS="NavBarFont1"><STRONG>Help</STRONG></FONT></A>&nbsp;</TD>
  </TR>
</TABLE>
</TD>
<TD ALIGN="right" VALIGN="top" ROWSPAN=3><EM>
</EM>
</TD>
</TR>

<TR>
<TD BGCOLOR="white" CLASS="NavBarCell2"><FONT SIZE="-2">
&nbsp;PREV PACKAGE&nbsp;
&nbsp;<A HREF="tp/package-summary.html"><STRONG>NEXT PACKAGE</STRONG></A></FONT></TD>
<TD BGCOLOR="white" CLASS="NavBarCell2"><FONT SIZE="-2">
  <A HREF="index.html?package-summary.html" target="_top"><STRONG>FRAMES</STRONG></A>  &nbsp;
&nbsp;<A HREF="package-summary.html" target="_top"><STRONG>NO FRAMES</STRONG></A>  &nbsp;
&nbsp;<SCRIPT type="text/javascript">
  <!--
  if(window==top) {
    document.writeln('<A HREF="allclasses-noframe.html"><STRONG>All Classes</STRONG></A>');
  }
  //-->
</SCRIPT>
<NOSCRIPT>
  <A HREF="allclasses-noframe.html"><STRONG>All Classes</STRONG></A>
</NOSCRIPT>


</FONT></TD>
</TR>
</TABLE>
<A NAME="skip-navbar_top"></A>
<!-- ========= END OF TOP NAVBAR ========= -->

<HR>
<H2>
Package &lt;Unnamed&gt;
</H2>

<TABLE BORDER="1" WIDTH="100%" CELLPADDING="3" CELLSPACING="0" SUMMARY="Interface Summary table, listing interfaces, and an explanation">
<CAPTION CLASS="TableCaption">
Interface Summary</CAPTION>
<TR>
<TH CLASS="TableHeader" SCOPE="col" NOWRAP>Interface</TH>
<TH CLASS="TableHeader" SCOPE="col" NOWRAP>Description</TH>
</TR>
<TR BGCOLOR="white" CLASS="TableRowColor">
<TD WIDTH="15%"><STRONG><A HREF="SVis.Is_package.html" title="interface in &lt;Unnamed&gt;">SVis.Is_package</A></STRONG></TD>
<TD>package nested interface</TD>
</TR>
<TR BGCOLOR="white" CLASS="TableRowColor">
<TD WIDTH="15%"><STRONG><A HREF="SVis.Is_protected.html" title="interface in &lt;Unnamed&gt;">SVis.Is_protected</A></STRONG></TD>
<TD>protected nested interface</TD>
</TR>
<TR BGCOLOR="white" CLASS="TableRowColor">
<TD WIDTH="15%"><STRONG><A HREF="SVis.Is_public.html" title="interface in &lt;Unnamed&gt;">SVis.Is_public</A></STRONG></TD>
<TD>public nested interface</TD>
</TR>
<TR BGCOLOR="white" CLASS="TableRowColor">
<TD WIDTH="15%"><STRONG><A HREF="Vis.I_package.html" title="interface in &lt;Unnamed&gt;">Vis.I_package</A></STRONG></TD>
<TD>package nested interface</TD>
</TR>
<TR BGCOLOR="white" CLASS="TableRowColor">
<TD WIDTH="15%"><STRONG><A HREF="Vis.I_protected.html" title="interface in &lt;Unnamed&gt;">Vis.I_protected</A></STRONG></TD>
<TD>protected nested interface</TD>
</TR>
<TR BGCOLOR="white" CLASS="TableRowColor">
<TD WIDTH="15%"><STRONG><A HREF="Vis.I_public.html" title="interface in &lt;Unnamed&gt;">Vis.I_public</A></STRONG></TD>
<TD>public nested interface</TD>
</TR>
</TABLE>
&nbsp;

<P>

<TABLE BORDER="1" WIDTH="100%" CELLPADDING="3" CELLSPACING="0" SUMMARY="Class Summary table, listing classes, and an explanation">
<CAPTION CLASS="TableCaption">
Class Summary</CAPTION>
<TR>
<TH CLASS="TableHeader" SCOPE="col" NOWRAP>Class</TH>
<TH CLASS="TableHeader" SCOPE="col" NOWRAP>Description</TH>
</TR>
<TR BGCOLOR="white" CLASS="TableRowColor">
<TD WIDTH="15%"><STRONG><A HREF="SVis.html" title="class in &lt;Unnamed&gt;">SVis</A></STRONG></TD>
<TD>&nbsp;</TD>
</TR>
<TR BGCOLOR="white" CLASS="TableRowColor">
<TD WIDTH="15%"><STRONG><A HREF="SVis.Cs_package.html" title="class in &lt;Unnamed&gt;">SVis.Cs_package</A></STRONG></TD>
<TD>&nbsp;</TD>
</TR>
<TR BGCOLOR="white" CLASS="TableRowColor">
<TD WIDTH="15%"><STRONG><A HREF="SVis.Cs_protected.html" title="class in &lt;Unnamed&gt;">SVis.Cs_protected</A></STRONG></TD>
<TD>&nbsp;</TD>
</TR>
<TR BGCOLOR="white" CLASS="TableRowColor">
<TD WIDTH="15%"><STRONG><A HREF="SVis.Cs_public.html" title="class in &lt;Unnamed&gt;">SVis.Cs_public</A></STRONG></TD>
<TD>private model constructor</TD>
</TR>
<TR BGCOLOR="white" CLASS="TableRowColor">
<TD WIDTH="15%"><STRONG><A HREF="Vis.html" title="class in &lt;Unnamed&gt;">Vis</A></STRONG></TD>
<TD>&nbsp;</TD>
</TR>
<TR BGCOLOR="white" CLASS="TableRowColor">
<TD WIDTH="15%"><STRONG><A HREF="Vis.C_package.html" title="class in &lt;Unnamed&gt;">Vis.C_package</A></STRONG></TD>
<TD>package nested class</TD>
</TR>
<TR BGCOLOR="white" CLASS="TableRowColor">
<TD WIDTH="15%"><STRONG><A HREF="Vis.C_protected.html" title="class in &lt;Unnamed&gt;">Vis.C_protected</A></STRONG></TD>
<TD>protected nested class</TD>
</TR>
<TR BGCOLOR="white" CLASS="TableRowColor">
<TD WIDTH="15%"><STRONG><A HREF="Vis.C_public.html" title="class in &lt;Unnamed&gt;">Vis.C_public</A></STRONG></TD>
<TD>public nested class</TD>
</TR>
</TABLE>
&nbsp;

<P>

<TABLE BORDER="1" WIDTH="100%" CELLPADDING="3" CELLSPACING="0" SUMMARY="Enum Summary table, listing enums, and an explanation">
<CAPTION CLASS="TableCaption">
Enum Summary</CAPTION>
<TR>
<TH CLASS="TableHeader" SCOPE="col" NOWRAP>Enum</TH>
<TH CLASS="TableHeader" SCOPE="col" NOWRAP>Description</TH>
</TR>
<TR BGCOLOR="white" CLASS="TableRowColor">
<TD WIDTH="15%"><STRONG><A HREF="SVis.ES_package.html" title="enum in &lt;Unnamed&gt;">SVis.ES_package</A></STRONG></TD>
<TD>&nbsp;</TD>
</TR>
<TR BGCOLOR="white" CLASS="TableRowColor">
<TD WIDTH="15%"><STRONG><A HREF="SVis.ES_protected.html" title="enum in &lt;Unnamed&gt;">SVis.ES_protected</A></STRONG></TD>
<TD>&nbsp;</TD>
</TR>
<TR BGCOLOR="white" CLASS="TableRowColor">
<TD WIDTH="15%"><STRONG><A HREF="SVis.ES_public.html" title="enum in &lt;Unnamed&gt;">SVis.ES_public</A></STRONG></TD>
<TD>&nbsp;</TD>
</TR>
<TR BGCOLOR="white" CLASS="TableRowColor">
<TD WIDTH="15%"><STRONG><A HREF="Vis.E_package.html" title="enum in &lt;Unnamed&gt;">Vis.E_package</A></STRONG></TD>
<TD>package nested enum</TD>
</TR>
<TR BGCOLOR="white" CLASS="TableRowColor">
<TD WIDTH="15%"><STRONG><A HREF="Vis.E_protected.html" title="enum in &lt;Unnamed&gt;">Vis.E_protected</A></STRONG></TD>
<TD>protected nested enum</TD>
</TR>
<TR BGCOLOR="white" CLASS="TableRowColor">
<TD WIDTH="15%"><STRONG><A HREF="Vis.E_public.html" title="enum in &lt;Unnamed&gt;">Vis.E_public</A></STRONG></TD>
<TD>public nested enum</TD>
</TR>
</TABLE>
&nbsp;

<P>

<TABLE BORDER="1" WIDTH="100%" CELLPADDING="3" CELLSPACING="0" SUMMARY="Annotation Types Summary table, listing annotation types, and an explanation">
<CAPTION CLASS="TableCaption">
Annotation Types Summary</CAPTION>
<TR>
<TH CLASS="TableHeader" SCOPE="col" NOWRAP>Annotation Type</TH>
<TH CLASS="TableHeader" SCOPE="col" NOWRAP>Description</TH>
</TR>
<TR BGCOLOR="white" CLASS="TableRowColor">
<TD WIDTH="15%"><STRONG><A HREF="SVis.As_package.html" title="annotation in &lt;Unnamed&gt;">SVis.As_package</A></STRONG></TD>
<TD>package nested annotation</TD>
</TR>
<TR BGCOLOR="white" CLASS="TableRowColor">
<TD WIDTH="15%"><STRONG><A HREF="SVis.As_protected.html" title="annotation in &lt;Unnamed&gt;">SVis.As_protected</A></STRONG></TD>
<TD>protected nested annotation</TD>
</TR>
<TR BGCOLOR="white" CLASS="TableRowColor">
<TD WIDTH="15%"><STRONG><A HREF="SVis.As_public.html" title="annotation in &lt;Unnamed&gt;">SVis.As_public</A></STRONG></TD>
<TD>public nested annotation</TD>
</TR>
<TR BGCOLOR="white" CLASS="TableRowColor">
<TD WIDTH="15%"><STRONG><A HREF="Vis.A_package.html" title="annotation in &lt;Unnamed&gt;">Vis.A_package</A></STRONG></TD>
<TD>package nested annotation</TD>
</TR>
<TR BGCOLOR="white" CLASS="TableRowColor">
<TD WIDTH="15%"><STRONG><A HREF="Vis.A_protected.html" title="annotation in &lt;Unnamed&gt;">Vis.A_protected</A></STRONG></TD>
<TD>protected nested annotation</TD>
</TR>
<TR BGCOLOR="white" CLASS="TableRowColor">
<TD WIDTH="15%"><STRONG><A HREF="Vis.A_public.html" title="annotation in &lt;Unnamed&gt;">Vis.A_public</A></STRONG></TD>
<TD>public nested annotation</TD>
</TR>
</TABLE>
&nbsp;

<P>
<HR>


<!-- ======= START OF BOTTOM NAVBAR ====== -->
<A NAME="navbar_bottom"><!-- --></A>
<A HREF="#skip-navbar_bottom" title="Skip navigation links"></A>
<TABLE BORDER="0" WIDTH="100%" CELLPADDING="1" CELLSPACING="0" SUMMARY="">
<TR>
<TD COLSPAN=2 BGCOLOR="#EEEEFF" CLASS="NavBarCell1">
<A NAME="navbar_bottom_firstrow"><!-- --></A>
<TABLE BORDER="0" CELLPADDING="0" CELLSPACING="3" SUMMARY="">
  <TR ALIGN="center" VALIGN="top">
  <TD BGCOLOR="#EEEEFF" CLASS="NavBarCell1">    <A HREF="overview-summary.html"><FONT CLASS="NavBarFont1"><STRONG>Overview</STRONG></FONT></A>&nbsp;</TD>
  <TD BGCOLOR="#FFFFFF" CLASS="NavBarCell1Rev"> &nbsp;<FONT CLASS="NavBarFont1Rev"><STRONG>Package</STRONG></FONT>&nbsp;</TD>
  <TD BGCOLOR="#EEEEFF" CLASS="NavBarCell1">    <FONT CLASS="NavBarFont1">Class</FONT>&nbsp;</TD>
  <TD BGCOLOR="#EEEEFF" CLASS="NavBarCell1">    <A HREF="package-tree.html"><FONT CLASS="NavBarFont1"><STRONG>Tree</STRONG></FONT></A>&nbsp;</TD>
  <TD BGCOLOR="#EEEEFF" CLASS="NavBarCell1">    <A HREF="deprecated-list.html"><FONT CLASS="NavBarFont1"><STRONG>Deprecated</STRONG></FONT></A>&nbsp;</TD>
  <TD BGCOLOR="#EEEEFF" CLASS="NavBarCell1">    <A HREF="index-all.html"><FONT CLASS="NavBarFont1"><STRONG>Index</STRONG></FONT></A>&nbsp;</TD>
  <TD BGCOLOR="#EEEEFF" CLASS="NavBarCell1">    <A HREF="help-doc.html"><FONT CLASS="NavBarFont1"><STRONG>Help</STRONG></FONT></A>&nbsp;</TD>
  </TR>
</TABLE>
</TD>
<TD ALIGN="right" VALIGN="top" ROWSPAN=3><EM>
</EM>
</TD>
</TR>

<TR>
<TD BGCOLOR="white" CLASS="NavBarCell2"><FONT SIZE="-2">
&nbsp;PREV PACKAGE&nbsp;
&nbsp;<A HREF="tp/package-summary.html"><STRONG>NEXT PACKAGE</STRONG></A></FONT></TD>
<TD BGCOLOR="white" CLASS="NavBarCell2"><FONT SIZE="-2">
  <A HREF="index.html?package-summary.html" target="_top"><STRONG>FRAMES</STRONG></A>  &nbsp;
&nbsp;<A HREF="package-summary.html" target="_top"><STRONG>NO FRAMES</STRONG></A>  &nbsp;
&nbsp;<SCRIPT type="text/javascript">
  <!--
  if(window==top) {
    document.writeln('<A HREF="allclasses-noframe.html"><STRONG>All Classes</STRONG></A>');
  }
  //-->
</SCRIPT>
<NOSCRIPT>
  <A HREF="allclasses-noframe.html"><STRONG>All Classes</STRONG></A>
</NOSCRIPT>


</FONT></TD>
</TR>
</TABLE>
<A NAME="skip-navbar_bottom"></A>
<!-- ======== END OF BOTTOM NAVBAR ======= -->

<HR>

</BODY>
</HTML>
