<!-- Generated by jmldoc -->
<!DOCTYPE HTML PUBLIC "-//W3C//DTD HTML 4.01 Transitional//EN" "http://www.w3.org/TR/html4/loose.dtd">
<!--NewPage-->
<HTML lang="en">
<HEAD>
<TITLE>
Vis
</TITLE>


<LINK REL ="stylesheet" TYPE="text/css" HREF="stylesheet.css" TITLE="Style">

<SCRIPT type="text/javascript">
function windowTitle()
{
    if (location.href.indexOf('is-external=true') == -1) {
        parent.document.title="Vis";
    }
}
</SCRIPT>
<NOSCRIPT>
</NOSCRIPT>

</HEAD>

<BODY BGCOLOR="white" onload="windowTitle();">
<HR>


<!-- ========= START OF TOP NAVBAR ======= -->
<A NAME="navbar_top"><!-- --></A>
<A HREF="#skip-navbar_top" title="Skip navigation links"></A>
<TABLE BORDER="0" WIDTH="100%" CELLPADDING="1" CELLSPACING="0" SUMMARY="">
<TR>
<TD COLSPAN=2 BGCOLOR="#EEEEFF" CLASS="NavBarCell1">
<A NAME="navbar_top_firstrow"><!-- --></A>
<TABLE BORDER="0" CELLPADDING="0" CELLSPACING="3" SUMMARY="">
  <TR ALIGN="center" VALIGN="top">
  <TD BGCOLOR="#EEEEFF" CLASS="NavBarCell1">    <A HREF="overview-summary.html"><FONT CLASS="NavBarFont1"><STRONG>Overview</STRONG></FONT></A>&nbsp;</TD>
  <TD BGCOLOR="#EEEEFF" CLASS="NavBarCell1">    <A HREF="package-summary.html"><FONT CLASS="NavBarFont1"><STRONG>Package</STRONG></FONT></A>&nbsp;</TD>
  <TD BGCOLOR="#FFFFFF" CLASS="NavBarCell1Rev"> &nbsp;<FONT CLASS="NavBarFont1Rev"><STRONG>Class</STRONG></FONT>&nbsp;</TD>
  <TD BGCOLOR="#EEEEFF" CLASS="NavBarCell1">    <A HREF="package-tree.html"><FONT CLASS="NavBarFont1"><STRONG>Tree</STRONG></FONT></A>&nbsp;</TD>
  <TD BGCOLOR="#EEEEFF" CLASS="NavBarCell1">    <A HREF="deprecated-list.html"><FONT CLASS="NavBarFont1"><STRONG>Deprecated</STRONG></FONT></A>&nbsp;</TD>
  <TD BGCOLOR="#EEEEFF" CLASS="NavBarCell1">    <A HREF="index-all.html"><FONT CLASS="NavBarFont1"><STRONG>Index</STRONG></FONT></A>&nbsp;</TD>
  <TD BGCOLOR="#EEEEFF" CLASS="NavBarCell1">    <A HREF="help-doc.html"><FONT CLASS="NavBarFont1"><STRONG>Help</STRONG></FONT></A>&nbsp;</TD>
  </TR>
</TABLE>
</TD>
<TD ALIGN="right" VALIGN="top" ROWSPAN=3><EM>
</EM>
</TD>
</TR>

<TR>
<TD BGCOLOR="white" CLASS="NavBarCell2"><FONT SIZE="-2">
&nbsp;<A HREF="SVis.Is_public.html" title="interface in &lt;Unnamed&gt;"><STRONG>PREV CLASS</STRONG></A>&nbsp;
&nbsp;<A HREF="Vis.A_package.html" title="annotation in &lt;Unnamed&gt;"><STRONG>NEXT CLASS</STRONG></A></FONT></TD>
<TD BGCOLOR="white" CLASS="NavBarCell2"><FONT SIZE="-2">
  <A HREF="index.html?Vis.html" target="_top"><STRONG>FRAMES</STRONG></A>  &nbsp;
&nbsp;<A HREF="Vis.html" target="_top"><STRONG>NO FRAMES</STRONG></A>  &nbsp;
&nbsp;<SCRIPT type="text/javascript">
  <!--
  if(window==top) {
    document.writeln('<A HREF="allclasses-noframe.html"><STRONG>All Classes</STRONG></A>');
  }
  //-->
</SCRIPT>
<NOSCRIPT>
  <A HREF="allclasses-noframe.html"><STRONG>All Classes</STRONG></A>
</NOSCRIPT>


</FONT></TD>
</TR>
<TR>
<TD VALIGN="top" CLASS="NavBarCell3"><FONT SIZE="-2">
  SUMMARY:&nbsp;<A HREF="#nested_class_summary">NESTED</A>&nbsp;|&nbsp;<A HREF="#field_summary">FIELD</A>&nbsp;|&nbsp;<A HREF="#constructor_summary">CONSTR</A>&nbsp;|&nbsp;<A HREF="#method_summary">METHOD</A></FONT></TD>
<TD VALIGN="top" CLASS="NavBarCell3"><FONT SIZE="-2">
DETAIL:&nbsp;<A HREF="#field_detail">FIELD</A>&nbsp;|&nbsp;<A HREF="#constructor_detail">CONSTR</A>&nbsp;|&nbsp;<A HREF="#method_detail">METHOD</A></FONT></TD>
</TR>
</TABLE>
<A NAME="skip-navbar_top"></A>
<!-- ========= END OF TOP NAVBAR ========= -->

<HR>
<!-- ======== START OF CLASS DATA ======== -->
<H2>
Class Vis</H2>
<PRE>
java.lang.Object
  <IMG SRC="./resources/inherit.gif" ALT="extended by "><A HREF="tp/PVis.html" title="class in tp">tp.PVis</A>
      <IMG SRC="./resources/inherit.gif" ALT="extended by "><A HREF="SVis.html" title="class in &lt;Unnamed&gt;">SVis</A>
          <IMG SRC="./resources/inherit.gif" ALT="extended by "><STRONG>Vis</STRONG>
</PRE>
<HR>
<PRE>public class <STRONG>Vis</STRONG>
extends <A HREF="SVis.html" title="class in &lt;Unnamed&gt;">SVis</A></PRE>

<P>

<P>
<HR>

<P>
<!-- ======== NESTED CLASS SUMMARY ======== -->

<A NAME="nested_class_summary"><!-- --></A>
<TABLE BORDER="1" WIDTH="100%" CELLPADDING="3" CELLSPACING="0" SUMMARY="Nested Class Summary table, listing nested classes, and an explanation">
<CAPTION CLASS="TableCaption">
Nested Class Summary</CAPTION>
<TR>
<TH CLASS="TableHeader" SCOPE="col" NOWRAP>Modifier and Type</TH>
<TH CLASS="TableHeader" SCOPE="col" NOWRAP>Class and Description</TH>
</TR>
<TR BGCOLOR="white" CLASS="TableRowColor">
<TD ALIGN="right" VALIGN="top" WIDTH="1%"><FONT SIZE="-1">
<CODE>(package private) static&nbsp;interface</CODE></FONT></TD>
<TD><CODE><STRONG><A HREF="Vis.A_package.html" title="annotation in &lt;Unnamed&gt;">Vis.A_package</A></STRONG></CODE>

<BR>
&nbsp;&nbsp;&nbsp;&nbsp;&nbsp;&nbsp;&nbsp;&nbsp;&nbsp;&nbsp;package nested annotation</TD>
</TR>
<TR BGCOLOR="white" CLASS="TableRowColor">
<TD ALIGN="right" VALIGN="top" WIDTH="1%"><FONT SIZE="-1">
<CODE>protected static&nbsp;interface</CODE></FONT></TD>
<TD><CODE><STRONG><A HREF="Vis.A_protected.html" title="annotation in &lt;Unnamed&gt;">Vis.A_protected</A></STRONG></CODE>

<BR>
&nbsp;&nbsp;&nbsp;&nbsp;&nbsp;&nbsp;&nbsp;&nbsp;&nbsp;&nbsp;protected nested annotation</TD>
</TR>
<TR BGCOLOR="white" CLASS="TableRowColor">
<TD ALIGN="right" VALIGN="top" WIDTH="1%"><FONT SIZE="-1">
<CODE>static&nbsp;interface</CODE></FONT></TD>
<TD><CODE><STRONG><A HREF="Vis.A_public.html" title="annotation in &lt;Unnamed&gt;">Vis.A_public</A></STRONG></CODE>

<BR>
&nbsp;&nbsp;&nbsp;&nbsp;&nbsp;&nbsp;&nbsp;&nbsp;&nbsp;&nbsp;public nested annotation</TD>
</TR>
<TR BGCOLOR="white" CLASS="TableRowColor">
<TD ALIGN="right" VALIGN="top" WIDTH="1%"><FONT SIZE="-1">
<CODE>(package private) static&nbsp;class</CODE></FONT></TD>
<TD><CODE><STRONG><A HREF="Vis.C_package.html" title="class in &lt;Unnamed&gt;">Vis.C_package</A></STRONG></CODE>

<BR>
&nbsp;&nbsp;&nbsp;&nbsp;&nbsp;&nbsp;&nbsp;&nbsp;&nbsp;&nbsp;package nested class</TD>
</TR>
<TR BGCOLOR="white" CLASS="TableRowColor">
<TD ALIGN="right" VALIGN="top" WIDTH="1%"><FONT SIZE="-1">
<CODE>protected static&nbsp;class</CODE></FONT></TD>
<TD><CODE><STRONG><A HREF="Vis.C_protected.html" title="class in &lt;Unnamed&gt;">Vis.C_protected</A></STRONG></CODE>

<BR>
&nbsp;&nbsp;&nbsp;&nbsp;&nbsp;&nbsp;&nbsp;&nbsp;&nbsp;&nbsp;protected nested class</TD>
</TR>
<TR BGCOLOR="white" CLASS="TableRowColor">
<TD ALIGN="right" VALIGN="top" WIDTH="1%"><FONT SIZE="-1">
<CODE>static&nbsp;class</CODE></FONT></TD>
<TD><CODE><STRONG><A HREF="Vis.C_public.html" title="class in &lt;Unnamed&gt;">Vis.C_public</A></STRONG></CODE>

<BR>
&nbsp;&nbsp;&nbsp;&nbsp;&nbsp;&nbsp;&nbsp;&nbsp;&nbsp;&nbsp;public nested class</TD>
</TR>
<TR BGCOLOR="white" CLASS="TableRowColor">
<TD ALIGN="right" VALIGN="top" WIDTH="1%"><FONT SIZE="-1">
<CODE>(package private) static&nbsp;class</CODE></FONT></TD>
<TD><CODE><STRONG><A HREF="Vis.E_package.html" title="enum in &lt;Unnamed&gt;">Vis.E_package</A></STRONG></CODE>

<BR>
&nbsp;&nbsp;&nbsp;&nbsp;&nbsp;&nbsp;&nbsp;&nbsp;&nbsp;&nbsp;package nested enum</TD>
</TR>
<TR BGCOLOR="white" CLASS="TableRowColor">
<TD ALIGN="right" VALIGN="top" WIDTH="1%"><FONT SIZE="-1">
<CODE>protected static&nbsp;class</CODE></FONT></TD>
<TD><CODE><STRONG><A HREF="Vis.E_protected.html" title="enum in &lt;Unnamed&gt;">Vis.E_protected</A></STRONG></CODE>

<BR>
&nbsp;&nbsp;&nbsp;&nbsp;&nbsp;&nbsp;&nbsp;&nbsp;&nbsp;&nbsp;protected nested enum</TD>
</TR>
<TR BGCOLOR="white" CLASS="TableRowColor">
<TD ALIGN="right" VALIGN="top" WIDTH="1%"><FONT SIZE="-1">
<CODE>static&nbsp;class</CODE></FONT></TD>
<TD><CODE><STRONG><A HREF="Vis.E_public.html" title="enum in &lt;Unnamed&gt;">Vis.E_public</A></STRONG></CODE>

<BR>
&nbsp;&nbsp;&nbsp;&nbsp;&nbsp;&nbsp;&nbsp;&nbsp;&nbsp;&nbsp;public nested enum</TD>
</TR>
<TR BGCOLOR="white" CLASS="TableRowColor">
<TD ALIGN="right" VALIGN="top" WIDTH="1%"><FONT SIZE="-1">
<CODE>(package private) static&nbsp;interface</CODE></FONT></TD>
<TD><CODE><STRONG><A HREF="Vis.I_package.html" title="interface in &lt;Unnamed&gt;">Vis.I_package</A></STRONG></CODE>

<BR>
&nbsp;&nbsp;&nbsp;&nbsp;&nbsp;&nbsp;&nbsp;&nbsp;&nbsp;&nbsp;package nested interface</TD>
</TR>
<TR BGCOLOR="white" CLASS="TableRowColor">
<TD ALIGN="right" VALIGN="top" WIDTH="1%"><FONT SIZE="-1">
<CODE>protected static&nbsp;interface</CODE></FONT></TD>
<TD><CODE><STRONG><A HREF="Vis.I_protected.html" title="interface in &lt;Unnamed&gt;">Vis.I_protected</A></STRONG></CODE>

<BR>
&nbsp;&nbsp;&nbsp;&nbsp;&nbsp;&nbsp;&nbsp;&nbsp;&nbsp;&nbsp;protected nested interface</TD>
</TR>
<TR BGCOLOR="white" CLASS="TableRowColor">
<TD ALIGN="right" VALIGN="top" WIDTH="1%"><FONT SIZE="-1">
<CODE>static&nbsp;interface</CODE></FONT></TD>
<TD><CODE><STRONG><A HREF="Vis.I_public.html" title="interface in &lt;Unnamed&gt;">Vis.I_public</A></STRONG></CODE>

<BR>
&nbsp;&nbsp;&nbsp;&nbsp;&nbsp;&nbsp;&nbsp;&nbsp;&nbsp;&nbsp;public nested interface</TD>
</TR>
</TABLE>
&nbsp;
<TABLE BORDER="1" WIDTH="100%" CELLPADDING="3" CELLSPACING="0" SUMMARY="">
<TR BGCOLOR="#CCCCFF" CLASS="TableHeadingColor">
<TH ALIGN="left" COLSPAN="2"><FONT SIZE="+2">
<CAPTION CLASS="TableCaption">
<STRONG>JML Nested Model Class Summary</STRONG></FONT></TH>
</TR>
</CAPTION>
<TR>
<TH CLASS="TableHeader" SCOPE="col" NOWRAP>Modifier and Type</TH>
<TH CLASS="TableHeader" SCOPE="col" NOWRAP>Class and Description</TH>
</TR>
<TR BGCOLOR="white" CLASS="TableRowColor">
<TD ALIGN="right" VALIGN="top" WIDTH="1%"><FONT SIZE="-1">
<CODE><FONT SIZE="-1">@Model
</FONT>(package private) static&nbsp;interface</CODE></FONT></TD>
<TD><CODE><STRONG>Vis.AM_package</STRONG></CODE>

<BR>
&nbsp;&nbsp;&nbsp;&nbsp;&nbsp;&nbsp;&nbsp;&nbsp;&nbsp;&nbsp;package nested model annotation</TD>
</TR>
<TR BGCOLOR="white" CLASS="TableRowColor">
<TD ALIGN="right" VALIGN="top" WIDTH="1%"><FONT SIZE="-1">
<CODE><FONT SIZE="-1">@Model
</FONT>protected static&nbsp;interface</CODE></FONT></TD>
<TD><CODE><STRONG>Vis.AM_protected</STRONG></CODE>

<BR>
&nbsp;&nbsp;&nbsp;&nbsp;&nbsp;&nbsp;&nbsp;&nbsp;&nbsp;&nbsp;protected nested model annotation</TD>
</TR>
<TR BGCOLOR="white" CLASS="TableRowColor">
<TD ALIGN="right" VALIGN="top" WIDTH="1%"><FONT SIZE="-1">
<CODE><FONT SIZE="-1">@Model
</FONT>static&nbsp;interface</CODE></FONT></TD>
<TD><CODE><STRONG>Vis.AM_public</STRONG></CODE>

<BR>
&nbsp;&nbsp;&nbsp;&nbsp;&nbsp;&nbsp;&nbsp;&nbsp;&nbsp;&nbsp;public nested model annotation</TD>
</TR>
<TR BGCOLOR="white" CLASS="TableRowColor">
<TD ALIGN="right" VALIGN="top" WIDTH="1%"><FONT SIZE="-1">
<CODE><FONT SIZE="-1">@Model
</FONT>(package private) static&nbsp;class</CODE></FONT></TD>
<TD><CODE><STRONG>Vis.D_package</STRONG></CODE>

<BR>
&nbsp;&nbsp;&nbsp;&nbsp;&nbsp;&nbsp;&nbsp;&nbsp;&nbsp;&nbsp;package nested model class</TD>
</TR>
<TR BGCOLOR="white" CLASS="TableRowColor">
<TD ALIGN="right" VALIGN="top" WIDTH="1%"><FONT SIZE="-1">
<CODE><FONT SIZE="-1">@Model
</FONT>protected static&nbsp;class</CODE></FONT></TD>
<TD><CODE><STRONG>Vis.D_protected</STRONG></CODE>

<BR>
&nbsp;&nbsp;&nbsp;&nbsp;&nbsp;&nbsp;&nbsp;&nbsp;&nbsp;&nbsp;protected nested model class</TD>
</TR>
<TR BGCOLOR="white" CLASS="TableRowColor">
<TD ALIGN="right" VALIGN="top" WIDTH="1%"><FONT SIZE="-1">
<CODE><FONT SIZE="-1">@Model
</FONT>static&nbsp;class</CODE></FONT></TD>
<TD><CODE><STRONG>Vis.D_public</STRONG></CODE>

<BR>
&nbsp;&nbsp;&nbsp;&nbsp;&nbsp;&nbsp;&nbsp;&nbsp;&nbsp;&nbsp;public nested model class</TD>
</TR>
<TR BGCOLOR="white" CLASS="TableRowColor">
<TD ALIGN="right" VALIGN="top" WIDTH="1%"><FONT SIZE="-1">
<CODE><FONT SIZE="-1">@Model
</FONT>(package private) static&nbsp;class</CODE></FONT></TD>
<TD><CODE><STRONG>Vis.EM_package</STRONG></CODE>

<BR>
&nbsp;&nbsp;&nbsp;&nbsp;&nbsp;&nbsp;&nbsp;&nbsp;&nbsp;&nbsp;package nested model enum</TD>
</TR>
<TR BGCOLOR="white" CLASS="TableRowColor">
<TD ALIGN="right" VALIGN="top" WIDTH="1%"><FONT SIZE="-1">
<CODE><FONT SIZE="-1">@Model
</FONT>protected static&nbsp;class</CODE></FONT></TD>
<TD><CODE><STRONG>Vis.EM_protected</STRONG></CODE>

<BR>
&nbsp;&nbsp;&nbsp;&nbsp;&nbsp;&nbsp;&nbsp;&nbsp;&nbsp;&nbsp;protected nested model enum</TD>
</TR>
<TR BGCOLOR="white" CLASS="TableRowColor">
<TD ALIGN="right" VALIGN="top" WIDTH="1%"><FONT SIZE="-1">
<CODE><FONT SIZE="-1">@Model
</FONT>static&nbsp;class</CODE></FONT></TD>
<TD><CODE><STRONG>Vis.EM_public</STRONG></CODE>

<BR>
&nbsp;&nbsp;&nbsp;&nbsp;&nbsp;&nbsp;&nbsp;&nbsp;&nbsp;&nbsp;public nested model enum</TD>
</TR>
<TR BGCOLOR="white" CLASS="TableRowColor">
<TD ALIGN="right" VALIGN="top" WIDTH="1%"><FONT SIZE="-1">
<CODE><FONT SIZE="-1">@Model
</FONT>(package private) static&nbsp;interface</CODE></FONT></TD>
<TD><CODE><STRONG>Vis.IM_package</STRONG></CODE>

<BR>
&nbsp;&nbsp;&nbsp;&nbsp;&nbsp;&nbsp;&nbsp;&nbsp;&nbsp;&nbsp;package nested model interface</TD>
</TR>
<TR BGCOLOR="white" CLASS="TableRowColor">
<TD ALIGN="right" VALIGN="top" WIDTH="1%"><FONT SIZE="-1">
<CODE><FONT SIZE="-1">@Model
</FONT>protected static&nbsp;interface</CODE></FONT></TD>
<TD><CODE><STRONG>Vis.IM_protected</STRONG></CODE>

<BR>
&nbsp;&nbsp;&nbsp;&nbsp;&nbsp;&nbsp;&nbsp;&nbsp;&nbsp;&nbsp;protected nested model interface</TD>
</TR>
<TR BGCOLOR="white" CLASS="TableRowColor">
<TD ALIGN="right" VALIGN="top" WIDTH="1%"><FONT SIZE="-1">
<CODE><FONT SIZE="-1">@Model
</FONT>static&nbsp;interface</CODE></FONT></TD>
<TD><CODE><STRONG>Vis.IM_public</STRONG></CODE>

<BR>
&nbsp;&nbsp;&nbsp;&nbsp;&nbsp;&nbsp;&nbsp;&nbsp;&nbsp;&nbsp;public nested model interface</TD>
</TR>
</TABLE>
&nbsp;<A NAME="nested_classes_inherited_from_class_SVis"><!-- --></A>
<TABLE BORDER="1" WIDTH="100%" CELLPADDING="3" CELLSPACING="0" SUMMARY="">
<TR BGCOLOR="#EEEEFF" CLASS="TableSubHeadingColor">
<TH ALIGN="left"><STRONG>Nested classes/interfaces inherited from class <A HREF="SVis.html" title="class in &lt;Unnamed&gt;">SVis</A></STRONG></TH>
</TR>
<TR BGCOLOR="white" CLASS="TableRowColor">
<TD><CODE><A HREF="SVis.As_package.html" title="annotation in &lt;Unnamed&gt;">SVis.As_package</A>, <A HREF="SVis.As_protected.html" title="annotation in &lt;Unnamed&gt;">SVis.As_protected</A>, <A HREF="SVis.As_public.html" title="annotation in &lt;Unnamed&gt;">SVis.As_public</A>, <A HREF="SVis.Cs_package.html" title="class in &lt;Unnamed&gt;">SVis.Cs_package</A>, <A HREF="SVis.Cs_protected.html" title="class in &lt;Unnamed&gt;">SVis.Cs_protected</A>, <A HREF="SVis.Cs_public.html" title="class in &lt;Unnamed&gt;">SVis.Cs_public</A>, <A HREF="SVis.ES_package.html" title="enum in &lt;Unnamed&gt;">SVis.ES_package</A>, <A HREF="SVis.ES_protected.html" title="enum in &lt;Unnamed&gt;">SVis.ES_protected</A>, <A HREF="SVis.ES_public.html" title="enum in &lt;Unnamed&gt;">SVis.ES_public</A>, <A HREF="SVis.Is_package.html" title="interface in &lt;Unnamed&gt;">SVis.Is_package</A>, <A HREF="SVis.Is_protected.html" title="interface in &lt;Unnamed&gt;">SVis.Is_protected</A>, <A HREF="SVis.Is_public.html" title="interface in &lt;Unnamed&gt;">SVis.Is_public</A>
<BR>
<STRONG>Inherited JML model classes and interfaces: </STRONG>SVis.AMs_package, SVis.AMs_protected, SVis.AMs_public, SVis.Ds_package, SVis.Ds_protected, SVis.Ds_public, SVis.EMs_package, SVis.EMs_protected, SVis.EMs_public, SVis.IMs_package, SVis.IMs_protected, SVis.IMs_public</CODE></TD>
</TR>
</TABLE>
&nbsp;
<A NAME="nested_classes_inherited_from_class_tp.PVis"><!-- --></A>
<TABLE BORDER="1" WIDTH="100%" CELLPADDING="3" CELLSPACING="0" SUMMARY="">
<TR BGCOLOR="#EEEEFF" CLASS="TableSubHeadingColor">
<TH ALIGN="left"><STRONG>Nested classes/interfaces inherited from class tp.<A HREF="tp/PVis.html" title="class in tp">PVis</A></STRONG></TH>
</TR>
<TR BGCOLOR="white" CLASS="TableRowColor">
<TD><CODE><A HREF="tp/PVis.Ap_protected.html" title="annotation in tp">PVis.Ap_protected</A>, <A HREF="tp/PVis.Ap_public.html" title="annotation in tp">PVis.Ap_public</A>, <A HREF="tp/PVis.Cp_protected.html" title="class in tp">PVis.Cp_protected</A>, <A HREF="tp/PVis.Cp_public.html" title="class in tp">PVis.Cp_public</A>, <A HREF="tp/PVis.EP_protected.html" title="enum in tp">PVis.EP_protected</A>, <A HREF="tp/PVis.EP_public.html" title="enum in tp">PVis.EP_public</A>, <A HREF="tp/PVis.Ip_protected.html" title="interface in tp">PVis.Ip_protected</A>, <A HREF="tp/PVis.Ip_public.html" title="interface in tp">PVis.Ip_public</A>
<BR>
<STRONG>Inherited JML model classes and interfaces: </STRONG>tp.PVis.AMp_protected, tp.PVis.AMp_public, tp.PVis.Dp_protected, tp.PVis.Dp_public, tp.PVis.EMp_protected, tp.PVis.EMp_public, tp.PVis.IMp_protected, tp.PVis.IMp_public</CODE></TD>
</TR>
</TABLE>
&nbsp;
<!-- =========== FIELD SUMMARY =========== -->

<A NAME="field_summary"><!-- --></A>
<TABLE BORDER="1" WIDTH="100%" CELLPADDING="3" CELLSPACING="0" SUMMARY="Field Summary table, listing fields, and an explanation">
<CAPTION CLASS="TableCaption">
Field Summary</CAPTION>
<TR>
<TH CLASS="TableHeader" SCOPE="col" NOWRAP>Modifier and Type</TH>
<TH CLASS="TableHeader" SCOPE="col" NOWRAP>Field and Description</TH>
</TR>
<TR BGCOLOR="white" CLASS="TableRowColor">
<TD ALIGN="right" VALIGN="top" WIDTH="1%"><FONT SIZE="-1">
<CODE>(package private) &nbsp;int</CODE></FONT></TD>
<TD><CODE><STRONG><A HREF="Vis.html#i_package">i_package</A></STRONG></CODE>

<BR>
&nbsp;&nbsp;&nbsp;&nbsp;&nbsp;&nbsp;&nbsp;&nbsp;&nbsp;&nbsp;package field</TD>
</TR>
<TR BGCOLOR="white" CLASS="TableRowColor">
<TD ALIGN="right" VALIGN="top" WIDTH="1%"><FONT SIZE="-1">
<CODE>protected &nbsp;int</CODE></FONT></TD>
<TD><CODE><STRONG><A HREF="Vis.html#i_protected">i_protected</A></STRONG></CODE>

<BR>
&nbsp;&nbsp;&nbsp;&nbsp;&nbsp;&nbsp;&nbsp;&nbsp;&nbsp;&nbsp;protected field</TD>
</TR>
<TR BGCOLOR="white" CLASS="TableRowColor">
<TD ALIGN="right" VALIGN="top" WIDTH="1%"><FONT SIZE="-1">
<CODE>&nbsp;int</CODE></FONT></TD>
<TD><CODE><STRONG><A HREF="Vis.html#i_public">i_public</A></STRONG></CODE>

<BR>
&nbsp;&nbsp;&nbsp;&nbsp;&nbsp;&nbsp;&nbsp;&nbsp;&nbsp;&nbsp;public field</TD>
</TR>
</TABLE>
&nbsp;
<TABLE BORDER="1" WIDTH="100%" CELLPADDING="3" CELLSPACING="0" SUMMARY="">
<TR BGCOLOR="#CCCCFF" CLASS="TableHeadingColor">
<TH ALIGN="left" COLSPAN="2"><FONT SIZE="+2">
<CAPTION CLASS="TableCaption">
<STRONG>JML Ghost and Model Field Summary</STRONG></FONT></TH>
</TR>
</CAPTION>
<TR>
<TH CLASS="TableHeader" SCOPE="col" NOWRAP>Modifier and Type</TH>
<TH CLASS="TableHeader" SCOPE="col" NOWRAP>Field and Description</TH>
</TR>
<TR BGCOLOR="white" CLASS="TableRowColor">
<TD ALIGN="right" VALIGN="top" WIDTH="1%"><FONT SIZE="-1">
<CODE><FONT SIZE="-1">@Ghost
</FONT>(package private) &nbsp;int</CODE></FONT></TD>
<TD><CODE><STRONG><A HREF="Vis.html#g_package">g_package</A></STRONG></CODE>

<BR>
&nbsp;&nbsp;&nbsp;&nbsp;&nbsp;&nbsp;&nbsp;&nbsp;&nbsp;&nbsp;package ghost field</TD>
</TR>
<TR BGCOLOR="white" CLASS="TableRowColor">
<TD ALIGN="right" VALIGN="top" WIDTH="1%"><FONT SIZE="-1">
<CODE><FONT SIZE="-1">@Ghost
</FONT>protected &nbsp;int</CODE></FONT></TD>
<TD><CODE><STRONG><A HREF="Vis.html#g_protected">g_protected</A></STRONG></CODE>

<BR>
&nbsp;&nbsp;&nbsp;&nbsp;&nbsp;&nbsp;&nbsp;&nbsp;&nbsp;&nbsp;protected ghost field</TD>
</TR>
<TR BGCOLOR="white" CLASS="TableRowColor">
<TD ALIGN="right" VALIGN="top" WIDTH="1%"><FONT SIZE="-1">
<CODE><FONT SIZE="-1">@Ghost
</FONT>&nbsp;int</CODE></FONT></TD>
<TD><CODE><STRONG><A HREF="Vis.html#g_public">g_public</A></STRONG></CODE>

<BR>
&nbsp;&nbsp;&nbsp;&nbsp;&nbsp;&nbsp;&nbsp;&nbsp;&nbsp;&nbsp;public ghost field</TD>
</TR>
</TABLE>
&nbsp;<A NAME="fields_inherited_from_class_SVis"><!-- --></A>
<TABLE BORDER="1" WIDTH="100%" CELLPADDING="3" CELLSPACING="0" SUMMARY="">
<TR BGCOLOR="#EEEEFF" CLASS="TableSubHeadingColor">
<TH ALIGN="left"><STRONG>Fields inherited from class <A HREF="SVis.html" title="class in &lt;Unnamed&gt;">SVis</A></STRONG></TH>
</TR>
<TR BGCOLOR="white" CLASS="TableRowColor">
<TD><CODE><A HREF="SVis.html#is_package">is_package</A>, <A HREF="SVis.html#is_protected">is_protected</A>, <A HREF="SVis.html#is_public">is_public</A>
<BR>
<STRONG>Inherited JML ghost and model fields: </STRONG><A HREF="SVis.html#gs_package">gs_package</A>, <A HREF="SVis.html#gs_protected">gs_protected</A>, <A HREF="SVis.html#gs_public">gs_public</A></CODE></TD>
</TR>
</TABLE>
&nbsp;<A NAME="fields_inherited_from_class_tp.PVis"><!-- --></A>
<TABLE BORDER="1" WIDTH="100%" CELLPADDING="3" CELLSPACING="0" SUMMARY="">
<TR BGCOLOR="#EEEEFF" CLASS="TableSubHeadingColor">
<TH ALIGN="left"><STRONG>Fields inherited from class tp.<A HREF="tp/PVis.html" title="class in tp">PVis</A></STRONG></TH>
</TR>
<TR BGCOLOR="white" CLASS="TableRowColor">
<TD><CODE><A HREF="tp/PVis.html#ip_protected">ip_protected</A>, <A HREF="tp/PVis.html#ip_public">ip_public</A>
<BR>
<STRONG>Inherited JML ghost and model fields: </STRONG><A HREF="tp/PVis.html#gp_protected">gp_protected</A>, <A HREF="tp/PVis.html#gp_public">gp_public</A></CODE></TD>
</TR>
</TABLE>
&nbsp;
<!-- ======== CONSTRUCTOR SUMMARY ======== -->

<A NAME="constructor_summary"><!-- --></A>
<TABLE BORDER="1" WIDTH="100%" CELLPADDING="3" CELLSPACING="0" SUMMARY="Constructor Summary table, listing constructors, and an explanation">
<CAPTION CLASS="TableCaption">
Constructor Summary</CAPTION>
<TR>
<TH CLASS="TableHeader" SCOPE="col" NOWRAP>Modifier</TH>
<TH CLASS="TableHeader" SCOPE="col" NOWRAP>Constructor and Description</TH>
</TR>
<TR BGCOLOR="white" CLASS="TableRowColor">
<TD ALIGN="right" VALIGN="top" WIDTH="1%"><FONT SIZE="-1">
<CODE>&nbsp;</CODE></FONT></TD>
<TD><CODE><STRONG><A HREF="Vis.html#Vis()">Vis</A></STRONG>()</CODE>

<BR>
&nbsp;&nbsp;&nbsp;&nbsp;&nbsp;&nbsp;&nbsp;&nbsp;&nbsp;&nbsp;public constructor</TD>
</TR>
<TR BGCOLOR="white" CLASS="TableRowColor">
<TD ALIGN="right" VALIGN="top" WIDTH="1%"><FONT SIZE="-1">
<CODE>protected </CODE></FONT></TD>
<TD><CODE><STRONG><A HREF="Vis.html#Vis(int)">Vis</A></STRONG>(int&nbsp;i)</CODE>

<BR>
&nbsp;&nbsp;&nbsp;&nbsp;&nbsp;&nbsp;&nbsp;&nbsp;&nbsp;&nbsp;protected constructor</TD>
</TR>
<TR BGCOLOR="white" CLASS="TableRowColor">
<TD ALIGN="right" VALIGN="top" WIDTH="1%"><FONT SIZE="-1">
<CODE>(package private)</CODE></FONT></TD>
<TD><CODE><STRONG><A HREF="Vis.html#Vis(int, int)">Vis</A></STRONG>(int&nbsp;i,
    int&nbsp;j)</CODE>

<BR>
&nbsp;&nbsp;&nbsp;&nbsp;&nbsp;&nbsp;&nbsp;&nbsp;&nbsp;&nbsp;package constructor</TD>
</TR>
</TABLE>
&nbsp;
<TABLE BORDER="1" WIDTH="100%" CELLPADDING="3" CELLSPACING="0" SUMMARY="">
<TR BGCOLOR="#CCCCFF" CLASS="TableHeadingColor">
<TH ALIGN="left" COLSPAN="1"><FONT SIZE="+2">
<CAPTION CLASS="TableCaption">
<STRONG>JML Model Constructor Summary</STRONG></FONT></TH>
</TR>
</CAPTION>
<TR>
<TH CLASS="TableHeader" SCOPE="col" NOWRAP>Modifier</TH>
<TH CLASS="TableHeader" SCOPE="col" NOWRAP>Constructor and Description</TH>
</TR>
<TR BGCOLOR="white" CLASS="TableRowColor">
<TD ALIGN="right" VALIGN="top" WIDTH="1%"><FONT SIZE="-1">
<CODE>protected </CODE></FONT></TD>
<TD><CODE><STRONG><A HREF="Vis.html#Vis(float)">Vis</A></STRONG>(float&nbsp;i)</CODE>

<BR>
&nbsp;&nbsp;&nbsp;&nbsp;&nbsp;&nbsp;&nbsp;&nbsp;&nbsp;&nbsp;protected model constructor</TD>
</TR>
<TR BGCOLOR="white" CLASS="TableRowColor">
<TD ALIGN="right" VALIGN="top" WIDTH="1%"><FONT SIZE="-1">
<CODE>(package private)</CODE></FONT></TD>
<TD><CODE><STRONG><A HREF="Vis.html#Vis(float, float)">Vis</A></STRONG>(float&nbsp;i,
    float&nbsp;j)</CODE>

<BR>
&nbsp;&nbsp;&nbsp;&nbsp;&nbsp;&nbsp;&nbsp;&nbsp;&nbsp;&nbsp;package model constructor</TD>
</TR>
<TR BGCOLOR="white" CLASS="TableRowColor">
<TD ALIGN="right" VALIGN="top" WIDTH="1%"><FONT SIZE="-1">
<CODE>&nbsp;</CODE></FONT></TD>
<TD><CODE><STRONG><A HREF="Vis.html#Vis(java.lang.Object)">Vis</A></STRONG>(java.lang.Object&nbsp;o)</CODE>

<BR>
&nbsp;&nbsp;&nbsp;&nbsp;&nbsp;&nbsp;&nbsp;&nbsp;&nbsp;&nbsp;public model constructor</TD>
</TR>
</TABLE>
&nbsp;
<!-- ========== METHOD SUMMARY =========== -->

<A NAME="method_summary"><!-- --></A>
<TABLE BORDER="1" WIDTH="100%" CELLPADDING="3" CELLSPACING="0" SUMMARY="Method Summary table, listing methods, and an explanation">
<CAPTION CLASS="TableCaption">
Method Summary</CAPTION>
<TR>
<TH CLASS="TableHeader" SCOPE="col" NOWRAP>Modifier and Type</TH>
<TH CLASS="TableHeader" SCOPE="col" NOWRAP>Method and Description</TH>
</TR>
<TR BGCOLOR="white" CLASS="TableRowColor">
<TD ALIGN="right" VALIGN="top" WIDTH="1%"><FONT SIZE="-1">
<CODE>(package private) &nbsp;void</CODE></FONT></TD>
<TD><CODE><STRONG><A HREF="Vis.html#m_package()">m_package</A></STRONG>()</CODE>

<BR>
&nbsp;&nbsp;&nbsp;&nbsp;&nbsp;&nbsp;&nbsp;&nbsp;&nbsp;&nbsp;package method</TD>
</TR>
<TR BGCOLOR="white" CLASS="TableRowColor">
<TD ALIGN="right" VALIGN="top" WIDTH="1%"><FONT SIZE="-1">
<CODE>protected &nbsp;void</CODE></FONT></TD>
<TD><CODE><STRONG><A HREF="Vis.html#m_protected()">m_protected</A></STRONG>()</CODE>

<BR>
&nbsp;&nbsp;&nbsp;&nbsp;&nbsp;&nbsp;&nbsp;&nbsp;&nbsp;&nbsp;protected method</TD>
</TR>
<TR BGCOLOR="white" CLASS="TableRowColor">
<TD ALIGN="right" VALIGN="top" WIDTH="1%"><FONT SIZE="-1">
<CODE>&nbsp;void</CODE></FONT></TD>
<TD><CODE><STRONG><A HREF="Vis.html#m_public()">m_public</A></STRONG>()</CODE>

<BR>
&nbsp;&nbsp;&nbsp;&nbsp;&nbsp;&nbsp;&nbsp;&nbsp;&nbsp;&nbsp;public method</TD>
</TR>
</TABLE>
&nbsp;
<TABLE BORDER="1" WIDTH="100%" CELLPADDING="3" CELLSPACING="0" SUMMARY="">
<TR BGCOLOR="#CCCCFF" CLASS="TableHeadingColor">
<TH ALIGN="left" COLSPAN="2"><FONT SIZE="+2">
<CAPTION CLASS="TableCaption">
<STRONG>JML Model Method Summary</STRONG></FONT></TH>
</TR>
</CAPTION>
<TR>
<TH CLASS="TableHeader" SCOPE="col" NOWRAP>Modifier and Type</TH>
<TH CLASS="TableHeader" SCOPE="col" NOWRAP>Method and Description</TH>
</TR>
<TR BGCOLOR="white" CLASS="TableRowColor">
<TD ALIGN="right" VALIGN="top" WIDTH="1%"><FONT SIZE="-1">
<CODE><FONT SIZE="-1">@Model
</FONT>(package private) &nbsp;void</CODE></FONT></TD>
<TD><CODE><STRONG><A HREF="Vis.html#q_package()">q_package</A></STRONG>()</CODE>

<BR>
&nbsp;&nbsp;&nbsp;&nbsp;&nbsp;&nbsp;&nbsp;&nbsp;&nbsp;&nbsp;package model method</TD>
</TR>
<TR BGCOLOR="white" CLASS="TableRowColor">
<TD ALIGN="right" VALIGN="top" WIDTH="1%"><FONT SIZE="-1">
<CODE><FONT SIZE="-1">@Model
</FONT>protected &nbsp;void</CODE></FONT></TD>
<TD><CODE><STRONG><A HREF="Vis.html#q_protected()">q_protected</A></STRONG>()</CODE>

<BR>
&nbsp;&nbsp;&nbsp;&nbsp;&nbsp;&nbsp;&nbsp;&nbsp;&nbsp;&nbsp;protected model method</TD>
</TR>
<TR BGCOLOR="white" CLASS="TableRowColor">
<TD ALIGN="right" VALIGN="top" WIDTH="1%"><FONT SIZE="-1">
<CODE><FONT SIZE="-1">@Model
</FONT>&nbsp;void</CODE></FONT></TD>
<TD><CODE><STRONG><A HREF="Vis.html#q_public()">q_public</A></STRONG>()</CODE>

<BR>
&nbsp;&nbsp;&nbsp;&nbsp;&nbsp;&nbsp;&nbsp;&nbsp;&nbsp;&nbsp;public model method</TD>
</TR>
</TABLE>
&nbsp;<A NAME="methods_inherited_from_class_SVis"><!-- --></A>
<TABLE BORDER="1" WIDTH="100%" CELLPADDING="3" CELLSPACING="0" SUMMARY="">
<TR BGCOLOR="#EEEEFF" CLASS="TableSubHeadingColor">
<TH ALIGN="left"><STRONG>Methods inherited from class <A HREF="SVis.html" title="class in &lt;Unnamed&gt;">SVis</A></STRONG></TH>
</TR>
<TR BGCOLOR="white" CLASS="TableRowColor">
<TD><CODE><A HREF="SVis.html#ms_package()">ms_package</A>, <A HREF="SVis.html#ms_protected()">ms_protected</A>, <A HREF="SVis.html#ms_public()">ms_public</A>
<BR>
<STRONG>Inherited JML model methods: </STRONG><A HREF="SVis.html#qs_package()">qs_package</A>, <A HREF="SVis.html#qs_protected()">qs_protected</A>, <A HREF="SVis.html#qs_public()">qs_public</A></CODE></TD>
</TR>
</TABLE>
&nbsp;<A NAME="methods_inherited_from_class_tp.PVis"><!-- --></A>
<TABLE BORDER="1" WIDTH="100%" CELLPADDING="3" CELLSPACING="0" SUMMARY="">
<TR BGCOLOR="#EEEEFF" CLASS="TableSubHeadingColor">
<TH ALIGN="left"><STRONG>Methods inherited from class tp.<A HREF="tp/PVis.html" title="class in tp">PVis</A></STRONG></TH>
</TR>
<TR BGCOLOR="white" CLASS="TableRowColor">
<TD><CODE><A HREF="tp/PVis.html#mp_protected()">mp_protected</A>, <A HREF="tp/PVis.html#mp_public()">mp_public</A>
<BR>
<STRONG>Inherited JML model methods: </STRONG><A HREF="tp/PVis.html#qp_protected()">qp_protected</A>, <A HREF="tp/PVis.html#qp_public()">qp_public</A></CODE></TD>
</TR>
</TABLE>
&nbsp;<A NAME="methods_inherited_from_class_java.lang.Object"><!-- --></A>
<TABLE BORDER="1" WIDTH="100%" CELLPADDING="3" CELLSPACING="0" SUMMARY="">
<TR BGCOLOR="#EEEEFF" CLASS="TableSubHeadingColor">
<TH ALIGN="left"><STRONG>Methods inherited from class java.lang.Object</STRONG></TH>
</TR>
<TR BGCOLOR="white" CLASS="TableRowColor">
<TD><CODE>clone, equals, finalize, getClass, hashCode, notify, notifyAll, toString, wait, wait, wait</CODE></TD>
</TR>
</TABLE>
&nbsp;
<P>

<!-- ============ FIELD DETAIL =========== -->

<A NAME="field_detail"><!-- --></A>
<TABLE BORDER="1" WIDTH="100%" CELLPADDING="3" CELLSPACING="0" SUMMARY="">
<TR BGCOLOR="#CCCCFF" CLASS="TableHeadingColor">
<TH ALIGN="left" COLSPAN="1"><FONT SIZE="+2">
<STRONG>Field Detail</STRONG></FONT></TH>
</TR>
</TABLE>

<A NAME="i_public"><!-- --></A><H3>
i_public</H3>
<PRE>
public int <STRONG>i_public</STRONG></PRE>
<DL>
<DD>public field
<P>
</DD>
</DL>
<HR>

<A NAME="i_protected"><!-- --></A><H3>
i_protected</H3>
<PRE>
protected int <STRONG>i_protected</STRONG></PRE>
<DL>
<DD>protected field
<P>
</DD>
</DL>
<HR>

<A NAME="i_package"><!-- --></A><H3>
i_package</H3>
<PRE>
int <STRONG>i_package</STRONG></PRE>
<DL>
<DD>package field
<P>
</DD>
</DL>

<TABLE BORDER="1" WIDTH="100%" CELLPADDING="3" CELLSPACING="0" SUMMARY="">
<TR BGCOLOR="#CCCCFF" CLASS="TableHeadingColor">
<TH ALIGN="left" COLSPAN="1"><FONT SIZE="+2">
<STRONG>JML Ghost Field Detail</STRONG></FONT></TH>
</TR>
</TABLE>

<A NAME="g_public"><!-- --></A><H3>
g_public</H3>
<PRE>
<FONT SIZE="-1">@Ghost
</FONT>public int <STRONG>g_public</STRONG></PRE>
<DD>public ghost field
<P>
<STRONG>JML Specifications: </STRONG> @Ghost<DL>
<PRE></PRE>
</DL>
</DD>
<HR>

<A NAME="g_protected"><!-- --></A><H3>
g_protected</H3>
<PRE>
<FONT SIZE="-1">@Ghost
</FONT>protected int <STRONG>g_protected</STRONG></PRE>
<DD>protected ghost field
<P>
<STRONG>JML Specifications: </STRONG> @Ghost<DL>
<PRE></PRE>
</DL>
</DD>
<HR>

<A NAME="g_package"><!-- --></A><H3>
g_package</H3>
<PRE>
<FONT SIZE="-1">@Ghost
</FONT>int <STRONG>g_package</STRONG></PRE>
<DD>package ghost field
<P>
<STRONG>JML Specifications: </STRONG> @Ghost<DL>
<PRE></PRE>
</DL>
</DD>

<!-- ========= CONSTRUCTOR DETAIL ======== -->

<A NAME="constructor_detail"><!-- --></A>
<TABLE BORDER="1" WIDTH="100%" CELLPADDING="3" CELLSPACING="0" SUMMARY="">
<TR BGCOLOR="#CCCCFF" CLASS="TableHeadingColor">
<TH ALIGN="left" COLSPAN="1"><FONT SIZE="+2">
<STRONG>Constructor Detail</STRONG></FONT></TH>
</TR>
</TABLE>

<A NAME="Vis()"><!-- --></A><H3>
Vis</H3>
<PRE>
public <STRONG>Vis</STRONG>()</PRE>
<DL>
<DD>public constructor
<P>
</DD>

<BR>
</DL>
<HR>

<A NAME="Vis(int)"><!-- --></A><H3>
Vis</H3>
<PRE>
protected <STRONG>Vis</STRONG>(int&nbsp;i)</PRE>
<DL>
<DD>protected constructor
<P>
</DD>

<BR>
</DL>
<HR>

<A NAME="Vis(int, int)"><!-- --></A><H3>
Vis</H3>
<PRE>
<STRONG>Vis</STRONG>(int&nbsp;i,
    int&nbsp;j)</PRE>
<DL>
<DD>package constructor
<P>
</DD>

<BR>
</DL>

<TABLE BORDER="1" WIDTH="100%" CELLPADDING="3" CELLSPACING="0" SUMMARY="">
<TR BGCOLOR="#CCCCFF" CLASS="TableHeadingColor">
<TH ALIGN="left" COLSPAN="1"><FONT SIZE="+2">
<STRONG>JML Model Constructor Detail</STRONG></FONT></TH>
</TR>
</TABLE>


<A NAME="Vis(java.lang.Object)"><!-- --></A><H3>
Vis</H3>
<PRE>
<FONT SIZE="-1">@Model
</FONT>public <STRONG>Vis</STRONG>(java.lang.Object&nbsp;o)</PRE>
<DL>
<DD>public model constructor
<P>
</DD>

<BR>
<STRONG>JML Constructor Specifications: </STRONG> @Model<PRE></PRE>
</DL>
<HR>

<A NAME="Vis(float)"><!-- --></A><H3>
Vis</H3>
<PRE>
<FONT SIZE="-1">@Model
</FONT>protected <STRONG>Vis</STRONG>(float&nbsp;i)</PRE>
<DL>
<DD>protected model constructor
<P>
</DD>

<BR>
<STRONG>JML Constructor Specifications: </STRONG> @Model<PRE></PRE>
</DL>
<HR>

<A NAME="Vis(float, float)"><!-- --></A><H3>
Vis</H3>
<PRE>
<FONT SIZE="-1">@Model
</FONT><STRONG>Vis</STRONG>(float&nbsp;i,
          float&nbsp;j)</PRE>
<DL>
<DD>package model constructor
<P>
</DD>

<BR>
<STRONG>JML Constructor Specifications: </STRONG> @Model<PRE></PRE>
</DL>

<!-- ============ METHOD DETAIL ========== -->

<A NAME="method_detail"><!-- --></A>
<TABLE BORDER="1" WIDTH="100%" CELLPADDING="3" CELLSPACING="0" SUMMARY="">
<TR BGCOLOR="#CCCCFF" CLASS="TableHeadingColor">
<TH ALIGN="left" COLSPAN="1"><FONT SIZE="+2">
<STRONG>Method Detail</STRONG></FONT></TH>
</TR>
</TABLE>

<A NAME="m_public()"><!-- --></A><H3>
m_public</H3>
<PRE>
public void <STRONG>m_public</STRONG>()</PRE>
<DL>
<DD>public method
<P>
</DD>

<BR>
</DL>
<HR>

<A NAME="m_protected()"><!-- --></A><H3>
m_protected</H3>
<PRE>
protected void <STRONG>m_protected</STRONG>()</PRE>
<DL>
<DD>protected method
<P>
</DD>

<BR>
</DL>
<HR>

<A NAME="m_package()"><!-- --></A><H3>
m_package</H3>
<PRE>
void <STRONG>m_package</STRONG>()</PRE>
<DL>
<DD>package method
<P>
</DD>

<BR>
</DL>

<TABLE BORDER="1" WIDTH="100%" CELLPADDING="3" CELLSPACING="0" SUMMARY="">
<TR BGCOLOR="#CCCCFF" CLASS="TableHeadingColor">
<TH ALIGN="left" COLSPAN="1"><FONT SIZE="+2">
<STRONG>JML Model Method Detail</STRONG></FONT></TH>
</TR>
</TABLE>


<A NAME="q_public()"><!-- --></A><H3>
q_public</H3>
<PRE>
<FONT SIZE="-1">@Model
</FONT>public void <STRONG>q_public</STRONG>()</PRE>
<DL>
<DD>public model method
<P>
</DD>

<BR>
<STRONG>JML Method Specifications: </STRONG> @Model<PRE></PRE>
</DL>
<HR>

<A NAME="q_protected()"><!-- --></A><H3>
q_protected</H3>
<PRE>
<FONT SIZE="-1">@Model
</FONT>protected void <STRONG>q_protected</STRONG>()</PRE>
<DL>
<DD>protected model method
<P>
</DD>

<BR>
<STRONG>JML Method Specifications: </STRONG> @Model<PRE></PRE>
</DL>
<HR>

<A NAME="q_package()"><!-- --></A><H3>
q_package</H3>
<PRE>
<FONT SIZE="-1">@Model
</FONT>void <STRONG>q_package</STRONG>()</PRE>
<DL>
<DD>package model method
<P>
</DD>

<BR>
<STRONG>JML Method Specifications: </STRONG> @Model<PRE></PRE>
</DL>
<!-- ========= END OF CLASS DATA ========= -->
<HR>


<!-- ======= START OF BOTTOM NAVBAR ====== -->
<A NAME="navbar_bottom"><!-- --></A>
<A HREF="#skip-navbar_bottom" title="Skip navigation links"></A>
<TABLE BORDER="0" WIDTH="100%" CELLPADDING="1" CELLSPACING="0" SUMMARY="">
<TR>
<TD COLSPAN=2 BGCOLOR="#EEEEFF" CLASS="NavBarCell1">
<A NAME="navbar_bottom_firstrow"><!-- --></A>
<TABLE BORDER="0" CELLPADDING="0" CELLSPACING="3" SUMMARY="">
  <TR ALIGN="center" VALIGN="top">
  <TD BGCOLOR="#EEEEFF" CLASS="NavBarCell1">    <A HREF="overview-summary.html"><FONT CLASS="NavBarFont1"><STRONG>Overview</STRONG></FONT></A>&nbsp;</TD>
  <TD BGCOLOR="#EEEEFF" CLASS="NavBarCell1">    <A HREF="package-summary.html"><FONT CLASS="NavBarFont1"><STRONG>Package</STRONG></FONT></A>&nbsp;</TD>
  <TD BGCOLOR="#FFFFFF" CLASS="NavBarCell1Rev"> &nbsp;<FONT CLASS="NavBarFont1Rev"><STRONG>Class</STRONG></FONT>&nbsp;</TD>
  <TD BGCOLOR="#EEEEFF" CLASS="NavBarCell1">    <A HREF="package-tree.html"><FONT CLASS="NavBarFont1"><STRONG>Tree</STRONG></FONT></A>&nbsp;</TD>
  <TD BGCOLOR="#EEEEFF" CLASS="NavBarCell1">    <A HREF="deprecated-list.html"><FONT CLASS="NavBarFont1"><STRONG>Deprecated</STRONG></FONT></A>&nbsp;</TD>
  <TD BGCOLOR="#EEEEFF" CLASS="NavBarCell1">    <A HREF="index-all.html"><FONT CLASS="NavBarFont1"><STRONG>Index</STRONG></FONT></A>&nbsp;</TD>
  <TD BGCOLOR="#EEEEFF" CLASS="NavBarCell1">    <A HREF="help-doc.html"><FONT CLASS="NavBarFont1"><STRONG>Help</STRONG></FONT></A>&nbsp;</TD>
  </TR>
</TABLE>
</TD>
<TD ALIGN="right" VALIGN="top" ROWSPAN=3><EM>
</EM>
</TD>
</TR>

<TR>
<TD BGCOLOR="white" CLASS="NavBarCell2"><FONT SIZE="-2">
&nbsp;<A HREF="SVis.Is_public.html" title="interface in &lt;Unnamed&gt;"><STRONG>PREV CLASS</STRONG></A>&nbsp;
&nbsp;<A HREF="Vis.A_package.html" title="annotation in &lt;Unnamed&gt;"><STRONG>NEXT CLASS</STRONG></A></FONT></TD>
<TD BGCOLOR="white" CLASS="NavBarCell2"><FONT SIZE="-2">
  <A HREF="index.html?Vis.html" target="_top"><STRONG>FRAMES</STRONG></A>  &nbsp;
&nbsp;<A HREF="Vis.html" target="_top"><STRONG>NO FRAMES</STRONG></A>  &nbsp;
&nbsp;<SCRIPT type="text/javascript">
  <!--
  if(window==top) {
    document.writeln('<A HREF="allclasses-noframe.html"><STRONG>All Classes</STRONG></A>');
  }
  //-->
</SCRIPT>
<NOSCRIPT>
  <A HREF="allclasses-noframe.html"><STRONG>All Classes</STRONG></A>
</NOSCRIPT>


</FONT></TD>
</TR>
<TR>
<TD VALIGN="top" CLASS="NavBarCell3"><FONT SIZE="-2">
  SUMMARY:&nbsp;<A HREF="#nested_class_summary">NESTED</A>&nbsp;|&nbsp;<A HREF="#field_summary">FIELD</A>&nbsp;|&nbsp;<A HREF="#constructor_summary">CONSTR</A>&nbsp;|&nbsp;<A HREF="#method_summary">METHOD</A></FONT></TD>
<TD VALIGN="top" CLASS="NavBarCell3"><FONT SIZE="-2">
DETAIL:&nbsp;<A HREF="#field_detail">FIELD</A>&nbsp;|&nbsp;<A HREF="#constructor_detail">CONSTR</A>&nbsp;|&nbsp;<A HREF="#method_detail">METHOD</A></FONT></TD>
</TR>
</TABLE>
<A NAME="skip-navbar_bottom"></A>
<!-- ======== END OF BOTTOM NAVBAR ======= -->

<HR>

</BODY>
</HTML>
