<!DOCTYPE HTML PUBLIC "-//W3C//DTD HTML 4.01 Transitional//EN" "http://www.w3.org/TR/html4/loose.dtd">
<!--NewPage-->
<HTML lang="en">
<HEAD>
<TITLE>
tp
</TITLE>


<LINK REL ="stylesheet" TYPE="text/css" HREF="../stylesheet.css" TITLE="Style">


</HEAD>

<BODY BGCOLOR="white">
<FONT size="+1" CLASS="FrameTitleFont">
<A HREF="../tp/package-summary.html" target="classFrame">tp</A></FONT>
<TABLE BORDER="0" WIDTH="100%" SUMMARY="">
<TR>
<TD NOWRAP><FONT size="+1" CLASS="FrameHeadingFont">
Interfaces</FONT>&nbsp;
<FONT CLASS="FrameItemFont">
<BR>
<A HREF="PVis.Ip_package.html" title="interface in tp" target="classFrame"><I>PVis.Ip_package</I></A>
<BR>
<A HREF="PVis.Ip_protected.html" title="interface in tp" target="classFrame"><I>PVis.Ip_protected</I></A>
<BR>
<A HREF="PVis.Ip_public.html" title="interface in tp" target="classFrame"><I>PVis.Ip_public</I></A></FONT></TD>
</TR>
</TABLE>


<TABLE BORDER="0" WIDTH="100%" SUMMARY="">
<TR>
<TD NOWRAP><FONT size="+1" CLASS="FrameHeadingFont">
Classes</FONT>&nbsp;
<FONT CLASS="FrameItemFont">
<BR>
<A HREF="PVis.html" title="class in tp" target="classFrame">PVis</A>
<BR>
<A HREF="PVis.Cp_package.html" title="class in tp" target="classFrame">PVis.Cp_package</A>
<BR>
<A HREF="PVis.Cp_protected.html" title="class in tp" target="classFrame">PVis.Cp_protected</A>
<BR>
<A HREF="PVis.Cp_public.html" title="class in tp" target="classFrame">PVis.Cp_public</A></FONT></TD>
</TR>
</TABLE>


<TABLE BORDER="0" WIDTH="100%" SUMMARY="">
<TR>
<TD NOWRAP><FONT size="+1" CLASS="FrameHeadingFont">
Enums</FONT>&nbsp;
<FONT CLASS="FrameItemFont">
<BR>
<A HREF="PVis.EP_package.html" title="enum in tp" target="classFrame">PVis.EP_package</A>
<BR>
<A HREF="PVis.EP_protected.html" title="enum in tp" target="classFrame">PVis.EP_protected</A>
<BR>
<A HREF="PVis.EP_public.html" title="enum in tp" target="classFrame">PVis.EP_public</A></FONT></TD>
</TR>
</TABLE>


<TABLE BORDER="0" WIDTH="100%" SUMMARY="">
<TR>
<TD NOWRAP><FONT size="+1" CLASS="FrameHeadingFont">
Annotation Types</FONT>&nbsp;
<FONT CLASS="FrameItemFont">
<BR>
<A HREF="PVis.Ap_package.html" title="annotation in tp" target="classFrame">PVis.Ap_package</A>
<BR>
<A HREF="PVis.Ap_protected.html" title="annotation in tp" target="classFrame">PVis.Ap_protected</A>
<BR>
<A HREF="PVis.Ap_public.html" title="annotation in tp" target="classFrame">PVis.Ap_public</A></FONT></TD>
</TR>
</TABLE>


</BODY>
</HTML>
