<!DOCTYPE HTML PUBLIC "-//W3C//DTD HTML 4.01 Transitional//EN" "http://www.w3.org/TR/html4/loose.dtd">
<!--NewPage-->
<HTML lang="en">
<HEAD>
<TITLE>
&lt;Unnamed&gt;
</TITLE>


<LINK REL ="stylesheet" TYPE="text/css" HREF="stylesheet.css" TITLE="Style">


</HEAD>

<BODY BGCOLOR="white">
<FONT size="+1" CLASS="FrameTitleFont">
<A HREF="package-summary.html" target="classFrame">&lt;Unnamed&gt;</A></FONT>
<TABLE BORDER="0" WIDTH="100%" SUMMARY="">
<TR>
<TD NOWRAP><FONT size="+1" CLASS="FrameHeadingFont">
Interfaces</FONT>&nbsp;
<FONT CLASS="FrameItemFont">
<BR>
<A HREF="SVis.Is_package.html" title="interface in &lt;Unnamed&gt;" target="classFrame"><I>SVis.Is_package</I></A>
<BR>
<A HREF="SVis.Is_protected.html" title="interface in &lt;Unnamed&gt;" target="classFrame"><I>SVis.Is_protected</I></A>
<BR>
<A HREF="SVis.Is_public.html" title="interface in &lt;Unnamed&gt;" target="classFrame"><I>SVis.Is_public</I></A>
<BR>
<A HREF="Vis.I_package.html" title="interface in &lt;Unnamed&gt;" target="classFrame"><I>Vis.I_package</I></A>
<BR>
<A HREF="Vis.I_protected.html" title="interface in &lt;Unnamed&gt;" target="classFrame"><I>Vis.I_protected</I></A>
<BR>
<A HREF="Vis.I_public.html" title="interface in &lt;Unnamed&gt;" target="classFrame"><I>Vis.I_public</I></A></FONT></TD>
</TR>
</TABLE>


<TABLE BORDER="0" WIDTH="100%" SUMMARY="">
<TR>
<TD NOWRAP><FONT size="+1" CLASS="FrameHeadingFont">
Classes</FONT>&nbsp;
<FONT CLASS="FrameItemFont">
<BR>
<A HREF="SVis.html" title="class in &lt;Unnamed&gt;" target="classFrame">SVis</A>
<BR>
<A HREF="SVis.Cs_package.html" title="class in &lt;Unnamed&gt;" target="classFrame">SVis.Cs_package</A>
<BR>
<A HREF="SVis.Cs_protected.html" title="class in &lt;Unnamed&gt;" target="classFrame">SVis.Cs_protected</A>
<BR>
<A HREF="SVis.Cs_public.html" title="class in &lt;Unnamed&gt;" target="classFrame">SVis.Cs_public</A>
<BR>
<A HREF="Vis.html" title="class in &lt;Unnamed&gt;" target="classFrame">Vis</A>
<BR>
<A HREF="Vis.C_package.html" title="class in &lt;Unnamed&gt;" target="classFrame">Vis.C_package</A>
<BR>
<A HREF="Vis.C_protected.html" title="class in &lt;Unnamed&gt;" target="classFrame">Vis.C_protected</A>
<BR>
<A HREF="Vis.C_public.html" title="class in &lt;Unnamed&gt;" target="classFrame">Vis.C_public</A></FONT></TD>
</TR>
</TABLE>


<TABLE BORDER="0" WIDTH="100%" SUMMARY="">
<TR>
<TD NOWRAP><FONT size="+1" CLASS="FrameHeadingFont">
Enums</FONT>&nbsp;
<FONT CLASS="FrameItemFont">
<BR>
<A HREF="SVis.ES_package.html" title="enum in &lt;Unnamed&gt;" target="classFrame">SVis.ES_package</A>
<BR>
<A HREF="SVis.ES_protected.html" title="enum in &lt;Unnamed&gt;" target="classFrame">SVis.ES_protected</A>
<BR>
<A HREF="SVis.ES_public.html" title="enum in &lt;Unnamed&gt;" target="classFrame">SVis.ES_public</A>
<BR>
<A HREF="Vis.E_package.html" title="enum in &lt;Unnamed&gt;" target="classFrame">Vis.E_package</A>
<BR>
<A HREF="Vis.E_protected.html" title="enum in &lt;Unnamed&gt;" target="classFrame">Vis.E_protected</A>
<BR>
<A HREF="Vis.E_public.html" title="enum in &lt;Unnamed&gt;" target="classFrame">Vis.E_public</A></FONT></TD>
</TR>
</TABLE>


<TABLE BORDER="0" WIDTH="100%" SUMMARY="">
<TR>
<TD NOWRAP><FONT size="+1" CLASS="FrameHeadingFont">
Annotation Types</FONT>&nbsp;
<FONT CLASS="FrameItemFont">
<BR>
<A HREF="SVis.As_package.html" title="annotation in &lt;Unnamed&gt;" target="classFrame">SVis.As_package</A>
<BR>
<A HREF="SVis.As_protected.html" title="annotation in &lt;Unnamed&gt;" target="classFrame">SVis.As_protected</A>
<BR>
<A HREF="SVis.As_public.html" title="annotation in &lt;Unnamed&gt;" target="classFrame">SVis.As_public</A>
<BR>
<A HREF="Vis.A_package.html" title="annotation in &lt;Unnamed&gt;" target="classFrame">Vis.A_package</A>
<BR>
<A HREF="Vis.A_protected.html" title="annotation in &lt;Unnamed&gt;" target="classFrame">Vis.A_protected</A>
<BR>
<A HREF="Vis.A_public.html" title="annotation in &lt;Unnamed&gt;" target="classFrame">Vis.A_public</A></FONT></TD>
</TR>
</TABLE>


</BODY>
</HTML>
