<!DOCTYPE HTML PUBLIC "-//W3C//DTD HTML 4.01 Transitional//EN" "http://www.w3.org/TR/html4/loose.dtd">
<!--NewPage-->
<HTML lang="en">
<HEAD>
<TITLE>
tp Class Hierarchy
</TITLE>


<LINK REL ="stylesheet" TYPE="text/css" HREF="../stylesheet.css" TITLE="Style">

<SCRIPT type="text/javascript">
function windowTitle()
{
    if (location.href.indexOf('is-external=true') == -1) {
        parent.document.title="tp Class Hierarchy";
    }
}
</SCRIPT>
<NOSCRIPT>
</NOSCRIPT>

</HEAD>

<BODY BGCOLOR="white" onload="windowTitle();">
<HR>


<!-- ========= START OF TOP NAVBAR ======= -->
<A NAME="navbar_top"><!-- --></A>
<A HREF="#skip-navbar_top" title="Skip navigation links"></A>
<TABLE BORDER="0" WIDTH="100%" CELLPADDING="1" CELLSPACING="0" SUMMARY="">
<TR>
<TD COLSPAN=2 BGCOLOR="#EEEEFF" CLASS="NavBarCell1">
<A NAME="navbar_top_firstrow"><!-- --></A>
<TABLE BORDER="0" CELLPADDING="0" CELLSPACING="3" SUMMARY="">
  <TR ALIGN="center" VALIGN="top">
  <TD BGCOLOR="#EEEEFF" CLASS="NavBarCell1">    <A HREF="../overview-summary.html"><FONT CLASS="NavBarFont1"><STRONG>Overview</STRONG></FONT></A>&nbsp;</TD>
  <TD BGCOLOR="#EEEEFF" CLASS="NavBarCell1">    <A HREF="package-summary.html"><FONT CLASS="NavBarFont1"><STRONG>Package</STRONG></FONT></A>&nbsp;</TD>
  <TD BGCOLOR="#EEEEFF" CLASS="NavBarCell1">    <FONT CLASS="NavBarFont1">Class</FONT>&nbsp;</TD>
  <TD BGCOLOR="#FFFFFF" CLASS="NavBarCell1Rev"> &nbsp;<FONT CLASS="NavBarFont1Rev"><STRONG>Tree</STRONG></FONT>&nbsp;</TD>
  <TD BGCOLOR="#EEEEFF" CLASS="NavBarCell1">    <A HREF="../deprecated-list.html"><FONT CLASS="NavBarFont1"><STRONG>Deprecated</STRONG></FONT></A>&nbsp;</TD>
  <TD BGCOLOR="#EEEEFF" CLASS="NavBarCell1">    <A HREF="../index-all.html"><FONT CLASS="NavBarFont1"><STRONG>Index</STRONG></FONT></A>&nbsp;</TD>
  <TD BGCOLOR="#EEEEFF" CLASS="NavBarCell1">    <A HREF="../help-doc.html"><FONT CLASS="NavBarFont1"><STRONG>Help</STRONG></FONT></A>&nbsp;</TD>
  </TR>
</TABLE>
</TD>
<TD ALIGN="right" VALIGN="top" ROWSPAN=3><EM>
</EM>
</TD>
</TR>

<TR>
<TD BGCOLOR="white" CLASS="NavBarCell2"><FONT SIZE="-2">
&nbsp;<A HREF="..//package-tree.html"><STRONG>PREV</STRONG></A>&nbsp;
&nbsp;NEXT</FONT></TD>
<TD BGCOLOR="white" CLASS="NavBarCell2"><FONT SIZE="-2">
  <A HREF="../index.html?tp/package-tree.html" target="_top"><STRONG>FRAMES</STRONG></A>  &nbsp;
&nbsp;<A HREF="package-tree.html" target="_top"><STRONG>NO FRAMES</STRONG></A>  &nbsp;
&nbsp;<SCRIPT type="text/javascript">
  <!--
  if(window==top) {
    document.writeln('<A HREF="../allclasses-noframe.html"><STRONG>All Classes</STRONG></A>');
  }
  //-->
</SCRIPT>
<NOSCRIPT>
  <A HREF="../allclasses-noframe.html"><STRONG>All Classes</STRONG></A>
</NOSCRIPT>


</FONT></TD>
</TR>
</TABLE>
<A NAME="skip-navbar_top"></A>
<!-- ========= END OF TOP NAVBAR ========= -->

<HR>
<CENTER>
<H2>
Hierarchy For Package tp
</H2>
</CENTER>
<DL>
<DT><STRONG>Package Hierarchies:</STRONG></DT><DD><A HREF="../overview-tree.html">All Packages</A></DD>
</DL>
<HR>
<H2>
Class Hierarchy
</H2>
<UL>
<LI TYPE="circle">java.lang.Object<UL>
<LI TYPE="circle">tp.<A HREF="../tp/PVis.html" title="class in tp"><STRONG>PVis</STRONG></A><LI TYPE="circle">tp.<A HREF="../tp/PVis.Cp_protected.html" title="class in tp"><STRONG>PVis.Cp_protected</STRONG></A><LI TYPE="circle">tp.<A HREF="../tp/PVis.Cp_public.html" title="class in tp"><STRONG>PVis.Cp_public</STRONG></A></UL>
</UL>
<H2>
Interface Hierarchy
</H2>
<UL>
<LI TYPE="circle">tp.<A HREF="../tp/PVis.Ip_protected.html" title="interface in tp"><STRONG>PVis.Ip_protected</STRONG></A><LI TYPE="circle">tp.<A HREF="../tp/PVis.Ip_public.html" title="interface in tp"><STRONG>PVis.Ip_public</STRONG></A></UL>
<H2>
Annotation Type Hierarchy
</H2>
<UL>
<LI TYPE="circle">tp.<A HREF="../tp/PVis.Ap_public.html" title="annotation in tp"><STRONG>PVis.Ap_public</STRONG></A> (implements java.lang.annotation.Annotation)
<LI TYPE="circle">tp.<A HREF="../tp/PVis.Ap_protected.html" title="annotation in tp"><STRONG>PVis.Ap_protected</STRONG></A> (implements java.lang.annotation.Annotation)
</UL>
<H2>
Enum Hierarchy
</H2>
<UL>
<LI TYPE="circle">java.lang.Object<UL>
<LI TYPE="circle">java.lang.Enum&lt;E&gt; (implements java.lang.Comparable&lt;T&gt;, java.io.Serializable)
<UL>
<LI TYPE="circle">tp.<A HREF="../tp/PVis.EP_public.html" title="enum in tp"><STRONG>PVis.EP_public</STRONG></A><LI TYPE="circle">tp.<A HREF="../tp/PVis.EP_protected.html" title="enum in tp"><STRONG>PVis.EP_protected</STRONG></A></UL>
</UL>
</UL>
<HR>


<!-- ======= START OF BOTTOM NAVBAR ====== -->
<A NAME="navbar_bottom"><!-- --></A>
<A HREF="#skip-navbar_bottom" title="Skip navigation links"></A>
<TABLE BORDER="0" WIDTH="100%" CELLPADDING="1" CELLSPACING="0" SUMMARY="">
<TR>
<TD COLSPAN=2 BGCOLOR="#EEEEFF" CLASS="NavBarCell1">
<A NAME="navbar_bottom_firstrow"><!-- --></A>
<TABLE BORDER="0" CELLPADDING="0" CELLSPACING="3" SUMMARY="">
  <TR ALIGN="center" VALIGN="top">
  <TD BGCOLOR="#EEEEFF" CLASS="NavBarCell1">    <A HREF="../overview-summary.html"><FONT CLASS="NavBarFont1"><STRONG>Overview</STRONG></FONT></A>&nbsp;</TD>
  <TD BGCOLOR="#EEEEFF" CLASS="NavBarCell1">    <A HREF="package-summary.html"><FONT CLASS="NavBarFont1"><STRONG>Package</STRONG></FONT></A>&nbsp;</TD>
  <TD BGCOLOR="#EEEEFF" CLASS="NavBarCell1">    <FONT CLASS="NavBarFont1">Class</FONT>&nbsp;</TD>
  <TD BGCOLOR="#FFFFFF" CLASS="NavBarCell1Rev"> &nbsp;<FONT CLASS="NavBarFont1Rev"><STRONG>Tree</STRONG></FONT>&nbsp;</TD>
  <TD BGCOLOR="#EEEEFF" CLASS="NavBarCell1">    <A HREF="../deprecated-list.html"><FONT CLASS="NavBarFont1"><STRONG>Deprecated</STRONG></FONT></A>&nbsp;</TD>
  <TD BGCOLOR="#EEEEFF" CLASS="NavBarCell1">    <A HREF="../index-all.html"><FONT CLASS="NavBarFont1"><STRONG>Index</STRONG></FONT></A>&nbsp;</TD>
  <TD BGCOLOR="#EEEEFF" CLASS="NavBarCell1">    <A HREF="../help-doc.html"><FONT CLASS="NavBarFont1"><STRONG>Help</STRONG></FONT></A>&nbsp;</TD>
  </TR>
</TABLE>
</TD>
<TD ALIGN="right" VALIGN="top" ROWSPAN=3><EM>
</EM>
</TD>
</TR>

<TR>
<TD BGCOLOR="white" CLASS="NavBarCell2"><FONT SIZE="-2">
&nbsp;<A HREF="..//package-tree.html"><STRONG>PREV</STRONG></A>&nbsp;
&nbsp;NEXT</FONT></TD>
<TD BGCOLOR="white" CLASS="NavBarCell2"><FONT SIZE="-2">
  <A HREF="../index.html?tp/package-tree.html" target="_top"><STRONG>FRAMES</STRONG></A>  &nbsp;
&nbsp;<A HREF="package-tree.html" target="_top"><STRONG>NO FRAMES</STRONG></A>  &nbsp;
&nbsp;<SCRIPT type="text/javascript">
  <!--
  if(window==top) {
    document.writeln('<A HREF="../allclasses-noframe.html"><STRONG>All Classes</STRONG></A>');
  }
  //-->
</SCRIPT>
<NOSCRIPT>
  <A HREF="../allclasses-noframe.html"><STRONG>All Classes</STRONG></A>
</NOSCRIPT>


</FONT></TD>
</TR>
</TABLE>
<A NAME="skip-navbar_bottom"></A>
<!-- ======== END OF BOTTOM NAVBAR ======= -->

<HR>

</BODY>
</HTML>
