<!-- Generated by jmldoc -->
<!DOCTYPE HTML PUBLIC "-//W3C//DTD HTML 4.01 Transitional//EN" "http://www.w3.org/TR/html4/loose.dtd">
<!--NewPage-->
<HTML lang="en">
<HEAD>
<TITLE>
PVis
</TITLE>


<LINK REL ="stylesheet" TYPE="text/css" HREF="../stylesheet.css" TITLE="Style">

<SCRIPT type="text/javascript">
function windowTitle()
{
    if (location.href.indexOf('is-external=true') == -1) {
        parent.document.title="PVis";
    }
}
</SCRIPT>
<NOSCRIPT>
</NOSCRIPT>

</HEAD>

<BODY BGCOLOR="white" onload="windowTitle();">
<HR>


<!-- ========= START OF TOP NAVBAR ======= -->
<A NAME="navbar_top"><!-- --></A>
<A HREF="#skip-navbar_top" title="Skip navigation links"></A>
<TABLE BORDER="0" WIDTH="100%" CELLPADDING="1" CELLSPACING="0" SUMMARY="">
<TR>
<TD COLSPAN=2 BGCOLOR="#EEEEFF" CLASS="NavBarCell1">
<A NAME="navbar_top_firstrow"><!-- --></A>
<TABLE BORDER="0" CELLPADDING="0" CELLSPACING="3" SUMMARY="">
  <TR ALIGN="center" VALIGN="top">
  <TD BGCOLOR="#EEEEFF" CLASS="NavBarCell1">    <A HREF="../overview-summary.html"><FONT CLASS="NavBarFont1"><STRONG>Overview</STRONG></FONT></A>&nbsp;</TD>
  <TD BGCOLOR="#EEEEFF" CLASS="NavBarCell1">    <A HREF="package-summary.html"><FONT CLASS="NavBarFont1"><STRONG>Package</STRONG></FONT></A>&nbsp;</TD>
  <TD BGCOLOR="#FFFFFF" CLASS="NavBarCell1Rev"> &nbsp;<FONT CLASS="NavBarFont1Rev"><STRONG>Class</STRONG></FONT>&nbsp;</TD>
  <TD BGCOLOR="#EEEEFF" CLASS="NavBarCell1">    <A HREF="package-tree.html"><FONT CLASS="NavBarFont1"><STRONG>Tree</STRONG></FONT></A>&nbsp;</TD>
  <TD BGCOLOR="#EEEEFF" CLASS="NavBarCell1">    <A HREF="../deprecated-list.html"><FONT CLASS="NavBarFont1"><STRONG>Deprecated</STRONG></FONT></A>&nbsp;</TD>
  <TD BGCOLOR="#EEEEFF" CLASS="NavBarCell1">    <A HREF="../index-all.html"><FONT CLASS="NavBarFont1"><STRONG>Index</STRONG></FONT></A>&nbsp;</TD>
  <TD BGCOLOR="#EEEEFF" CLASS="NavBarCell1">    <A HREF="../help-doc.html"><FONT CLASS="NavBarFont1"><STRONG>Help</STRONG></FONT></A>&nbsp;</TD>
  </TR>
</TABLE>
</TD>
<TD ALIGN="right" VALIGN="top" ROWSPAN=3><EM>
</EM>
</TD>
</TR>

<TR>
<TD BGCOLOR="white" CLASS="NavBarCell2"><FONT SIZE="-2">
&nbsp;PREV CLASS&nbsp;
&nbsp;<A HREF="../tp/PVis.Ap_package.html" title="annotation in tp"><STRONG>NEXT CLASS</STRONG></A></FONT></TD>
<TD BGCOLOR="white" CLASS="NavBarCell2"><FONT SIZE="-2">
  <A HREF="../index.html?tp/PVis.html" target="_top"><STRONG>FRAMES</STRONG></A>  &nbsp;
&nbsp;<A HREF="PVis.html" target="_top"><STRONG>NO FRAMES</STRONG></A>  &nbsp;
&nbsp;<SCRIPT type="text/javascript">
  <!--
  if(window==top) {
    document.writeln('<A HREF="../allclasses-noframe.html"><STRONG>All Classes</STRONG></A>');
  }
  //-->
</SCRIPT>
<NOSCRIPT>
  <A HREF="../allclasses-noframe.html"><STRONG>All Classes</STRONG></A>
</NOSCRIPT>


</FONT></TD>
</TR>
<TR>
<TD VALIGN="top" CLASS="NavBarCell3"><FONT SIZE="-2">
  SUMMARY:&nbsp;<A HREF="#nested_class_summary">NESTED</A>&nbsp;|&nbsp;<A HREF="#field_summary">FIELD</A>&nbsp;|&nbsp;<A HREF="#constructor_summary">CONSTR</A>&nbsp;|&nbsp;<A HREF="#method_summary">METHOD</A></FONT></TD>
<TD VALIGN="top" CLASS="NavBarCell3"><FONT SIZE="-2">
DETAIL:&nbsp;<A HREF="#field_detail">FIELD</A>&nbsp;|&nbsp;<A HREF="#constructor_detail">CONSTR</A>&nbsp;|&nbsp;<A HREF="#method_detail">METHOD</A></FONT></TD>
</TR>
</TABLE>
<A NAME="skip-navbar_top"></A>
<!-- ========= END OF TOP NAVBAR ========= -->

<HR>
<!-- ======== START OF CLASS DATA ======== -->
<H2>
<FONT SIZE="-1">
tp</FONT>
<BR>
Class PVis</H2>
<PRE>
java.lang.Object
  <IMG SRC="../resources/inherit.gif" ALT="extended by "><STRONG>tp.PVis</STRONG>
</PRE>
<DL>
<DT><STRONG>Direct Known Subclasses:</STRONG></DT> <DD><A HREF="../SVis.html" title="class in &lt;Unnamed&gt;">SVis</A></DD>
</DL>
<HR>
<PRE>public class <STRONG>PVis</STRONG>
extends java.lang.Object</PRE>

<P>

<P>
<HR>

<P>
<!-- ======== NESTED CLASS SUMMARY ======== -->

<A NAME="nested_class_summary"><!-- --></A>
<TABLE BORDER="1" WIDTH="100%" CELLPADDING="3" CELLSPACING="0" SUMMARY="Nested Class Summary table, listing nested classes, and an explanation">
<CAPTION CLASS="TableCaption">
Nested Class Summary</CAPTION>
<TR>
<TH CLASS="TableHeader" SCOPE="col" NOWRAP>Modifier and Type</TH>
<TH CLASS="TableHeader" SCOPE="col" NOWRAP>Class and Description</TH>
</TR>
<TR BGCOLOR="white" CLASS="TableRowColor">
<TD ALIGN="right" VALIGN="top" WIDTH="1%"><FONT SIZE="-1">
<CODE>(package private) static&nbsp;interface</CODE></FONT></TD>
<TD><CODE><STRONG><A HREF="../tp/PVis.Ap_package.html" title="annotation in tp">PVis.Ap_package</A></STRONG></CODE>

<BR>
&nbsp;&nbsp;&nbsp;&nbsp;&nbsp;&nbsp;&nbsp;&nbsp;&nbsp;&nbsp;package nested annotation</TD>
</TR>
<TR BGCOLOR="white" CLASS="TableRowColor">
<TD ALIGN="right" VALIGN="top" WIDTH="1%"><FONT SIZE="-1">
<CODE>private static&nbsp;interface</CODE></FONT></TD>
<TD><CODE><STRONG><A HREF="../tp/PVis.Ap_private.html" title="annotation in tp">PVis.Ap_private</A></STRONG></CODE>

<BR>
&nbsp;&nbsp;&nbsp;&nbsp;&nbsp;&nbsp;&nbsp;&nbsp;&nbsp;&nbsp;private nested annotation</TD>
</TR>
<TR BGCOLOR="white" CLASS="TableRowColor">
<TD ALIGN="right" VALIGN="top" WIDTH="1%"><FONT SIZE="-1">
<CODE>protected static&nbsp;interface</CODE></FONT></TD>
<TD><CODE><STRONG><A HREF="../tp/PVis.Ap_protected.html" title="annotation in tp">PVis.Ap_protected</A></STRONG></CODE>

<BR>
&nbsp;&nbsp;&nbsp;&nbsp;&nbsp;&nbsp;&nbsp;&nbsp;&nbsp;&nbsp;protected nested annotation</TD>
</TR>
<TR BGCOLOR="white" CLASS="TableRowColor">
<TD ALIGN="right" VALIGN="top" WIDTH="1%"><FONT SIZE="-1">
<CODE>static&nbsp;interface</CODE></FONT></TD>
<TD><CODE><STRONG><A HREF="../tp/PVis.Ap_public.html" title="annotation in tp">PVis.Ap_public</A></STRONG></CODE>

<BR>
&nbsp;&nbsp;&nbsp;&nbsp;&nbsp;&nbsp;&nbsp;&nbsp;&nbsp;&nbsp;public nested annotation</TD>
</TR>
<TR BGCOLOR="white" CLASS="TableRowColor">
<TD ALIGN="right" VALIGN="top" WIDTH="1%"><FONT SIZE="-1">
<CODE>(package private) static&nbsp;class</CODE></FONT></TD>
<TD><CODE><STRONG><A HREF="../tp/PVis.Cp_package.html" title="class in tp">PVis.Cp_package</A></STRONG></CODE>

<BR>
&nbsp;&nbsp;&nbsp;&nbsp;&nbsp;&nbsp;&nbsp;&nbsp;&nbsp;&nbsp;&nbsp;</TD>
</TR>
<TR BGCOLOR="white" CLASS="TableRowColor">
<TD ALIGN="right" VALIGN="top" WIDTH="1%"><FONT SIZE="-1">
<CODE>private static&nbsp;class</CODE></FONT></TD>
<TD><CODE><STRONG><A HREF="../tp/PVis.Cp_private.html" title="class in tp">PVis.Cp_private</A></STRONG></CODE>

<BR>
&nbsp;&nbsp;&nbsp;&nbsp;&nbsp;&nbsp;&nbsp;&nbsp;&nbsp;&nbsp;&nbsp;</TD>
</TR>
<TR BGCOLOR="white" CLASS="TableRowColor">
<TD ALIGN="right" VALIGN="top" WIDTH="1%"><FONT SIZE="-1">
<CODE>protected static&nbsp;class</CODE></FONT></TD>
<TD><CODE><STRONG><A HREF="../tp/PVis.Cp_protected.html" title="class in tp">PVis.Cp_protected</A></STRONG></CODE>

<BR>
&nbsp;&nbsp;&nbsp;&nbsp;&nbsp;&nbsp;&nbsp;&nbsp;&nbsp;&nbsp;&nbsp;</TD>
</TR>
<TR BGCOLOR="white" CLASS="TableRowColor">
<TD ALIGN="right" VALIGN="top" WIDTH="1%"><FONT SIZE="-1">
<CODE>static&nbsp;class</CODE></FONT></TD>
<TD><CODE><STRONG><A HREF="../tp/PVis.Cp_public.html" title="class in tp">PVis.Cp_public</A></STRONG></CODE>

<BR>
&nbsp;&nbsp;&nbsp;&nbsp;&nbsp;&nbsp;&nbsp;&nbsp;&nbsp;&nbsp;private model constructor</TD>
</TR>
<TR BGCOLOR="white" CLASS="TableRowColor">
<TD ALIGN="right" VALIGN="top" WIDTH="1%"><FONT SIZE="-1">
<CODE>(package private) static&nbsp;class</CODE></FONT></TD>
<TD><CODE><STRONG><A HREF="../tp/PVis.EP_package.html" title="enum in tp">PVis.EP_package</A></STRONG></CODE>

<BR>
&nbsp;&nbsp;&nbsp;&nbsp;&nbsp;&nbsp;&nbsp;&nbsp;&nbsp;&nbsp;&nbsp;</TD>
</TR>
<TR BGCOLOR="white" CLASS="TableRowColor">
<TD ALIGN="right" VALIGN="top" WIDTH="1%"><FONT SIZE="-1">
<CODE>private static&nbsp;class</CODE></FONT></TD>
<TD><CODE><STRONG><A HREF="../tp/PVis.EP_private.html" title="enum in tp">PVis.EP_private</A></STRONG></CODE>

<BR>
&nbsp;&nbsp;&nbsp;&nbsp;&nbsp;&nbsp;&nbsp;&nbsp;&nbsp;&nbsp;&nbsp;</TD>
</TR>
<TR BGCOLOR="white" CLASS="TableRowColor">
<TD ALIGN="right" VALIGN="top" WIDTH="1%"><FONT SIZE="-1">
<CODE>protected static&nbsp;class</CODE></FONT></TD>
<TD><CODE><STRONG><A HREF="../tp/PVis.EP_protected.html" title="enum in tp">PVis.EP_protected</A></STRONG></CODE>

<BR>
&nbsp;&nbsp;&nbsp;&nbsp;&nbsp;&nbsp;&nbsp;&nbsp;&nbsp;&nbsp;&nbsp;</TD>
</TR>
<TR BGCOLOR="white" CLASS="TableRowColor">
<TD ALIGN="right" VALIGN="top" WIDTH="1%"><FONT SIZE="-1">
<CODE>static&nbsp;class</CODE></FONT></TD>
<TD><CODE><STRONG><A HREF="../tp/PVis.EP_public.html" title="enum in tp">PVis.EP_public</A></STRONG></CODE>

<BR>
&nbsp;&nbsp;&nbsp;&nbsp;&nbsp;&nbsp;&nbsp;&nbsp;&nbsp;&nbsp;&nbsp;</TD>
</TR>
<TR BGCOLOR="white" CLASS="TableRowColor">
<TD ALIGN="right" VALIGN="top" WIDTH="1%"><FONT SIZE="-1">
<CODE>(package private) static&nbsp;interface</CODE></FONT></TD>
<TD><CODE><STRONG><A HREF="../tp/PVis.Ip_package.html" title="interface in tp">PVis.Ip_package</A></STRONG></CODE>

<BR>
&nbsp;&nbsp;&nbsp;&nbsp;&nbsp;&nbsp;&nbsp;&nbsp;&nbsp;&nbsp;package nested interface</TD>
</TR>
<TR BGCOLOR="white" CLASS="TableRowColor">
<TD ALIGN="right" VALIGN="top" WIDTH="1%"><FONT SIZE="-1">
<CODE>private static&nbsp;interface</CODE></FONT></TD>
<TD><CODE><STRONG><A HREF="../tp/PVis.Ip_private.html" title="interface in tp">PVis.Ip_private</A></STRONG></CODE>

<BR>
&nbsp;&nbsp;&nbsp;&nbsp;&nbsp;&nbsp;&nbsp;&nbsp;&nbsp;&nbsp;private nested interface</TD>
</TR>
<TR BGCOLOR="white" CLASS="TableRowColor">
<TD ALIGN="right" VALIGN="top" WIDTH="1%"><FONT SIZE="-1">
<CODE>protected static&nbsp;interface</CODE></FONT></TD>
<TD><CODE><STRONG><A HREF="../tp/PVis.Ip_protected.html" title="interface in tp">PVis.Ip_protected</A></STRONG></CODE>

<BR>
&nbsp;&nbsp;&nbsp;&nbsp;&nbsp;&nbsp;&nbsp;&nbsp;&nbsp;&nbsp;protected nested interface</TD>
</TR>
<TR BGCOLOR="white" CLASS="TableRowColor">
<TD ALIGN="right" VALIGN="top" WIDTH="1%"><FONT SIZE="-1">
<CODE>static&nbsp;interface</CODE></FONT></TD>
<TD><CODE><STRONG><A HREF="../tp/PVis.Ip_public.html" title="interface in tp">PVis.Ip_public</A></STRONG></CODE>

<BR>
&nbsp;&nbsp;&nbsp;&nbsp;&nbsp;&nbsp;&nbsp;&nbsp;&nbsp;&nbsp;public nested interface</TD>
</TR>
</TABLE>
&nbsp;
<TABLE BORDER="1" WIDTH="100%" CELLPADDING="3" CELLSPACING="0" SUMMARY="">
<TR BGCOLOR="#CCCCFF" CLASS="TableHeadingColor">
<TH ALIGN="left" COLSPAN="2"><FONT SIZE="+2">
<CAPTION CLASS="TableCaption">
<STRONG>JML Nested Model Class Summary</STRONG></FONT></TH>
</TR>
</CAPTION>
<TR>
<TH CLASS="TableHeader" SCOPE="col" NOWRAP>Modifier and Type</TH>
<TH CLASS="TableHeader" SCOPE="col" NOWRAP>Class and Description</TH>
</TR>
<TR BGCOLOR="white" CLASS="TableRowColor">
<TD ALIGN="right" VALIGN="top" WIDTH="1%"><FONT SIZE="-1">
<CODE><FONT SIZE="-1">@Model
</FONT>(package private) static&nbsp;interface</CODE></FONT></TD>
<TD><CODE><STRONG>tp.PVis.AMp_package</STRONG></CODE>

<BR>
&nbsp;&nbsp;&nbsp;&nbsp;&nbsp;&nbsp;&nbsp;&nbsp;&nbsp;&nbsp;package nested model annotation</TD>
</TR>
<TR BGCOLOR="white" CLASS="TableRowColor">
<TD ALIGN="right" VALIGN="top" WIDTH="1%"><FONT SIZE="-1">
<CODE><FONT SIZE="-1">@Model
</FONT>private static&nbsp;interface</CODE></FONT></TD>
<TD><CODE><STRONG>tp.PVis.AMp_private</STRONG></CODE>

<BR>
&nbsp;&nbsp;&nbsp;&nbsp;&nbsp;&nbsp;&nbsp;&nbsp;&nbsp;&nbsp;private nested model annotation</TD>
</TR>
<TR BGCOLOR="white" CLASS="TableRowColor">
<TD ALIGN="right" VALIGN="top" WIDTH="1%"><FONT SIZE="-1">
<CODE><FONT SIZE="-1">@Model
</FONT>protected static&nbsp;interface</CODE></FONT></TD>
<TD><CODE><STRONG>tp.PVis.AMp_protected</STRONG></CODE>

<BR>
&nbsp;&nbsp;&nbsp;&nbsp;&nbsp;&nbsp;&nbsp;&nbsp;&nbsp;&nbsp;protected nested model annotation</TD>
</TR>
<TR BGCOLOR="white" CLASS="TableRowColor">
<TD ALIGN="right" VALIGN="top" WIDTH="1%"><FONT SIZE="-1">
<CODE><FONT SIZE="-1">@Model
</FONT>static&nbsp;interface</CODE></FONT></TD>
<TD><CODE><STRONG>tp.PVis.AMp_public</STRONG></CODE>

<BR>
&nbsp;&nbsp;&nbsp;&nbsp;&nbsp;&nbsp;&nbsp;&nbsp;&nbsp;&nbsp;public nested model annotation</TD>
</TR>
<TR BGCOLOR="white" CLASS="TableRowColor">
<TD ALIGN="right" VALIGN="top" WIDTH="1%"><FONT SIZE="-1">
<CODE><FONT SIZE="-1">@Model
</FONT>(package private) static&nbsp;class</CODE></FONT></TD>
<TD><CODE><STRONG>tp.PVis.Dp_package</STRONG></CODE>

<BR>
&nbsp;&nbsp;&nbsp;&nbsp;&nbsp;&nbsp;&nbsp;&nbsp;&nbsp;&nbsp;&nbsp;</TD>
</TR>
<TR BGCOLOR="white" CLASS="TableRowColor">
<TD ALIGN="right" VALIGN="top" WIDTH="1%"><FONT SIZE="-1">
<CODE><FONT SIZE="-1">@Model
</FONT>private static&nbsp;class</CODE></FONT></TD>
<TD><CODE><STRONG>tp.PVis.Dp_private</STRONG></CODE>

<BR>
&nbsp;&nbsp;&nbsp;&nbsp;&nbsp;&nbsp;&nbsp;&nbsp;&nbsp;&nbsp;&nbsp;</TD>
</TR>
<TR BGCOLOR="white" CLASS="TableRowColor">
<TD ALIGN="right" VALIGN="top" WIDTH="1%"><FONT SIZE="-1">
<CODE><FONT SIZE="-1">@Model
</FONT>protected static&nbsp;class</CODE></FONT></TD>
<TD><CODE><STRONG>tp.PVis.Dp_protected</STRONG></CODE>

<BR>
&nbsp;&nbsp;&nbsp;&nbsp;&nbsp;&nbsp;&nbsp;&nbsp;&nbsp;&nbsp;&nbsp;</TD>
</TR>
<TR BGCOLOR="white" CLASS="TableRowColor">
<TD ALIGN="right" VALIGN="top" WIDTH="1%"><FONT SIZE="-1">
<CODE><FONT SIZE="-1">@Model
</FONT>static&nbsp;class</CODE></FONT></TD>
<TD><CODE><STRONG>tp.PVis.Dp_public</STRONG></CODE>

<BR>
&nbsp;&nbsp;&nbsp;&nbsp;&nbsp;&nbsp;&nbsp;&nbsp;&nbsp;&nbsp;&nbsp;</TD>
</TR>
<TR BGCOLOR="white" CLASS="TableRowColor">
<TD ALIGN="right" VALIGN="top" WIDTH="1%"><FONT SIZE="-1">
<CODE><FONT SIZE="-1">@Model
</FONT>(package private) static&nbsp;class</CODE></FONT></TD>
<TD><CODE><STRONG>tp.PVis.EMp_package</STRONG></CODE>

<BR>
&nbsp;&nbsp;&nbsp;&nbsp;&nbsp;&nbsp;&nbsp;&nbsp;&nbsp;&nbsp;package nested model enum</TD>
</TR>
<TR BGCOLOR="white" CLASS="TableRowColor">
<TD ALIGN="right" VALIGN="top" WIDTH="1%"><FONT SIZE="-1">
<CODE><FONT SIZE="-1">@Model
</FONT>private static&nbsp;class</CODE></FONT></TD>
<TD><CODE><STRONG>tp.PVis.EMp_private</STRONG></CODE>

<BR>
&nbsp;&nbsp;&nbsp;&nbsp;&nbsp;&nbsp;&nbsp;&nbsp;&nbsp;&nbsp;private nested model enum</TD>
</TR>
<TR BGCOLOR="white" CLASS="TableRowColor">
<TD ALIGN="right" VALIGN="top" WIDTH="1%"><FONT SIZE="-1">
<CODE><FONT SIZE="-1">@Model
</FONT>protected static&nbsp;class</CODE></FONT></TD>
<TD><CODE><STRONG>tp.PVis.EMp_protected</STRONG></CODE>

<BR>
&nbsp;&nbsp;&nbsp;&nbsp;&nbsp;&nbsp;&nbsp;&nbsp;&nbsp;&nbsp;protected nested model enum</TD>
</TR>
<TR BGCOLOR="white" CLASS="TableRowColor">
<TD ALIGN="right" VALIGN="top" WIDTH="1%"><FONT SIZE="-1">
<CODE><FONT SIZE="-1">@Model
</FONT>static&nbsp;class</CODE></FONT></TD>
<TD><CODE><STRONG>tp.PVis.EMp_public</STRONG></CODE>

<BR>
&nbsp;&nbsp;&nbsp;&nbsp;&nbsp;&nbsp;&nbsp;&nbsp;&nbsp;&nbsp;public nested model enum</TD>
</TR>
<TR BGCOLOR="white" CLASS="TableRowColor">
<TD ALIGN="right" VALIGN="top" WIDTH="1%"><FONT SIZE="-1">
<CODE><FONT SIZE="-1">@Model
</FONT>(package private) static&nbsp;interface</CODE></FONT></TD>
<TD><CODE><STRONG>tp.PVis.IMp_package</STRONG></CODE>

<BR>
&nbsp;&nbsp;&nbsp;&nbsp;&nbsp;&nbsp;&nbsp;&nbsp;&nbsp;&nbsp;package nested model interface</TD>
</TR>
<TR BGCOLOR="white" CLASS="TableRowColor">
<TD ALIGN="right" VALIGN="top" WIDTH="1%"><FONT SIZE="-1">
<CODE><FONT SIZE="-1">@Model
</FONT>private static&nbsp;interface</CODE></FONT></TD>
<TD><CODE><STRONG>tp.PVis.IMp_private</STRONG></CODE>

<BR>
&nbsp;&nbsp;&nbsp;&nbsp;&nbsp;&nbsp;&nbsp;&nbsp;&nbsp;&nbsp;private nested model interface</TD>
</TR>
<TR BGCOLOR="white" CLASS="TableRowColor">
<TD ALIGN="right" VALIGN="top" WIDTH="1%"><FONT SIZE="-1">
<CODE><FONT SIZE="-1">@Model
</FONT>protected static&nbsp;interface</CODE></FONT></TD>
<TD><CODE><STRONG>tp.PVis.IMp_protected</STRONG></CODE>

<BR>
&nbsp;&nbsp;&nbsp;&nbsp;&nbsp;&nbsp;&nbsp;&nbsp;&nbsp;&nbsp;protected nested model interface</TD>
</TR>
<TR BGCOLOR="white" CLASS="TableRowColor">
<TD ALIGN="right" VALIGN="top" WIDTH="1%"><FONT SIZE="-1">
<CODE><FONT SIZE="-1">@Model
</FONT>static&nbsp;interface</CODE></FONT></TD>
<TD><CODE><STRONG>tp.PVis.IMp_public</STRONG></CODE>

<BR>
&nbsp;&nbsp;&nbsp;&nbsp;&nbsp;&nbsp;&nbsp;&nbsp;&nbsp;&nbsp;public nested model interface</TD>
</TR>
</TABLE>
&nbsp;<!-- =========== FIELD SUMMARY =========== -->

<A NAME="field_summary"><!-- --></A>
<TABLE BORDER="1" WIDTH="100%" CELLPADDING="3" CELLSPACING="0" SUMMARY="Field Summary table, listing fields, and an explanation">
<CAPTION CLASS="TableCaption">
Field Summary</CAPTION>
<TR>
<TH CLASS="TableHeader" SCOPE="col" NOWRAP>Modifier and Type</TH>
<TH CLASS="TableHeader" SCOPE="col" NOWRAP>Field and Description</TH>
</TR>
<TR BGCOLOR="white" CLASS="TableRowColor">
<TD ALIGN="right" VALIGN="top" WIDTH="1%"><FONT SIZE="-1">
<CODE>(package private) &nbsp;int</CODE></FONT></TD>
<TD><CODE><STRONG><A HREF="../tp/PVis.html#ip_package">ip_package</A></STRONG></CODE>

<BR>
&nbsp;&nbsp;&nbsp;&nbsp;&nbsp;&nbsp;&nbsp;&nbsp;&nbsp;&nbsp;&nbsp;</TD>
</TR>
<TR BGCOLOR="white" CLASS="TableRowColor">
<TD ALIGN="right" VALIGN="top" WIDTH="1%"><FONT SIZE="-1">
<CODE>private &nbsp;int</CODE></FONT></TD>
<TD><CODE><STRONG><A HREF="../tp/PVis.html#ip_private">ip_private</A></STRONG></CODE>

<BR>
&nbsp;&nbsp;&nbsp;&nbsp;&nbsp;&nbsp;&nbsp;&nbsp;&nbsp;&nbsp;&nbsp;</TD>
</TR>
<TR BGCOLOR="white" CLASS="TableRowColor">
<TD ALIGN="right" VALIGN="top" WIDTH="1%"><FONT SIZE="-1">
<CODE>protected &nbsp;int</CODE></FONT></TD>
<TD><CODE><STRONG><A HREF="../tp/PVis.html#ip_protected">ip_protected</A></STRONG></CODE>

<BR>
&nbsp;&nbsp;&nbsp;&nbsp;&nbsp;&nbsp;&nbsp;&nbsp;&nbsp;&nbsp;&nbsp;</TD>
</TR>
<TR BGCOLOR="white" CLASS="TableRowColor">
<TD ALIGN="right" VALIGN="top" WIDTH="1%"><FONT SIZE="-1">
<CODE>&nbsp;int</CODE></FONT></TD>
<TD><CODE><STRONG><A HREF="../tp/PVis.html#ip_public">ip_public</A></STRONG></CODE>

<BR>
&nbsp;&nbsp;&nbsp;&nbsp;&nbsp;&nbsp;&nbsp;&nbsp;&nbsp;&nbsp;&nbsp;</TD>
</TR>
</TABLE>
&nbsp;
<TABLE BORDER="1" WIDTH="100%" CELLPADDING="3" CELLSPACING="0" SUMMARY="">
<TR BGCOLOR="#CCCCFF" CLASS="TableHeadingColor">
<TH ALIGN="left" COLSPAN="2"><FONT SIZE="+2">
<CAPTION CLASS="TableCaption">
<STRONG>JML Ghost and Model Field Summary</STRONG></FONT></TH>
</TR>
</CAPTION>
<TR>
<TH CLASS="TableHeader" SCOPE="col" NOWRAP>Modifier and Type</TH>
<TH CLASS="TableHeader" SCOPE="col" NOWRAP>Field and Description</TH>
</TR>
<TR BGCOLOR="white" CLASS="TableRowColor">
<TD ALIGN="right" VALIGN="top" WIDTH="1%"><FONT SIZE="-1">
<CODE><FONT SIZE="-1">@Ghost
</FONT>(package private) &nbsp;int</CODE></FONT></TD>
<TD><CODE><STRONG><A HREF="../tp/PVis.html#gp_package">gp_package</A></STRONG></CODE>

<BR>
&nbsp;&nbsp;&nbsp;&nbsp;&nbsp;&nbsp;&nbsp;&nbsp;&nbsp;&nbsp;&nbsp;</TD>
</TR>
<TR BGCOLOR="white" CLASS="TableRowColor">
<TD ALIGN="right" VALIGN="top" WIDTH="1%"><FONT SIZE="-1">
<CODE><FONT SIZE="-1">@Ghost
</FONT>private &nbsp;int</CODE></FONT></TD>
<TD><CODE><STRONG><A HREF="../tp/PVis.html#gp_private">gp_private</A></STRONG></CODE>

<BR>
&nbsp;&nbsp;&nbsp;&nbsp;&nbsp;&nbsp;&nbsp;&nbsp;&nbsp;&nbsp;&nbsp;</TD>
</TR>
<TR BGCOLOR="white" CLASS="TableRowColor">
<TD ALIGN="right" VALIGN="top" WIDTH="1%"><FONT SIZE="-1">
<CODE><FONT SIZE="-1">@Ghost
</FONT>protected &nbsp;int</CODE></FONT></TD>
<TD><CODE><STRONG><A HREF="../tp/PVis.html#gp_protected">gp_protected</A></STRONG></CODE>

<BR>
&nbsp;&nbsp;&nbsp;&nbsp;&nbsp;&nbsp;&nbsp;&nbsp;&nbsp;&nbsp;&nbsp;</TD>
</TR>
<TR BGCOLOR="white" CLASS="TableRowColor">
<TD ALIGN="right" VALIGN="top" WIDTH="1%"><FONT SIZE="-1">
<CODE><FONT SIZE="-1">@Ghost
</FONT>&nbsp;int</CODE></FONT></TD>
<TD><CODE><STRONG><A HREF="../tp/PVis.html#gp_public">gp_public</A></STRONG></CODE>

<BR>
&nbsp;&nbsp;&nbsp;&nbsp;&nbsp;&nbsp;&nbsp;&nbsp;&nbsp;&nbsp;&nbsp;</TD>
</TR>
</TABLE>
&nbsp;
<!-- ======== CONSTRUCTOR SUMMARY ======== -->

<A NAME="constructor_summary"><!-- --></A>
<TABLE BORDER="1" WIDTH="100%" CELLPADDING="3" CELLSPACING="0" SUMMARY="Constructor Summary table, listing constructors, and an explanation">
<CAPTION CLASS="TableCaption">
Constructor Summary</CAPTION>
<TR>
<TH CLASS="TableHeader" SCOPE="col" NOWRAP>Modifier</TH>
<TH CLASS="TableHeader" SCOPE="col" NOWRAP>Constructor and Description</TH>
</TR>
<TR BGCOLOR="white" CLASS="TableRowColor">
<TD ALIGN="right" VALIGN="top" WIDTH="1%"><FONT SIZE="-1">
<CODE>&nbsp;</CODE></FONT></TD>
<TD><CODE><STRONG><A HREF="../tp/PVis.html#PVis()">PVis</A></STRONG>()</CODE>

<BR>
&nbsp;&nbsp;&nbsp;&nbsp;&nbsp;&nbsp;&nbsp;&nbsp;&nbsp;&nbsp;public constructor</TD>
</TR>
<TR BGCOLOR="white" CLASS="TableRowColor">
<TD ALIGN="right" VALIGN="top" WIDTH="1%"><FONT SIZE="-1">
<CODE>protected </CODE></FONT></TD>
<TD><CODE><STRONG><A HREF="../tp/PVis.html#PVis(int)">PVis</A></STRONG>(int&nbsp;i)</CODE>

<BR>
&nbsp;&nbsp;&nbsp;&nbsp;&nbsp;&nbsp;&nbsp;&nbsp;&nbsp;&nbsp;protected constructor</TD>
</TR>
<TR BGCOLOR="white" CLASS="TableRowColor">
<TD ALIGN="right" VALIGN="top" WIDTH="1%"><FONT SIZE="-1">
<CODE>(package private)</CODE></FONT></TD>
<TD><CODE><STRONG><A HREF="../tp/PVis.html#PVis(int, int)">PVis</A></STRONG>(int&nbsp;i,
     int&nbsp;j)</CODE>

<BR>
&nbsp;&nbsp;&nbsp;&nbsp;&nbsp;&nbsp;&nbsp;&nbsp;&nbsp;&nbsp;package constructor</TD>
</TR>
<TR BGCOLOR="white" CLASS="TableRowColor">
<TD ALIGN="right" VALIGN="top" WIDTH="1%"><FONT SIZE="-1">
<CODE>private </CODE></FONT></TD>
<TD><CODE><STRONG><A HREF="../tp/PVis.html#PVis(int, int, int)">PVis</A></STRONG>(int&nbsp;i,
     int&nbsp;j,
     int&nbsp;k)</CODE>

<BR>
&nbsp;&nbsp;&nbsp;&nbsp;&nbsp;&nbsp;&nbsp;&nbsp;&nbsp;&nbsp;private constructor</TD>
</TR>
</TABLE>
&nbsp;
<TABLE BORDER="1" WIDTH="100%" CELLPADDING="3" CELLSPACING="0" SUMMARY="">
<TR BGCOLOR="#CCCCFF" CLASS="TableHeadingColor">
<TH ALIGN="left" COLSPAN="1"><FONT SIZE="+2">
<CAPTION CLASS="TableCaption">
<STRONG>JML Model Constructor Summary</STRONG></FONT></TH>
</TR>
</CAPTION>
<TR>
<TH CLASS="TableHeader" SCOPE="col" NOWRAP>Modifier</TH>
<TH CLASS="TableHeader" SCOPE="col" NOWRAP>Constructor and Description</TH>
</TR>
<TR BGCOLOR="white" CLASS="TableRowColor">
<TD ALIGN="right" VALIGN="top" WIDTH="1%"><FONT SIZE="-1">
<CODE>protected </CODE></FONT></TD>
<TD><CODE><STRONG><A HREF="../tp/PVis.html#PVis(float)">PVis</A></STRONG>(float&nbsp;i)</CODE>

<BR>
&nbsp;&nbsp;&nbsp;&nbsp;&nbsp;&nbsp;&nbsp;&nbsp;&nbsp;&nbsp;protected model constructor</TD>
</TR>
<TR BGCOLOR="white" CLASS="TableRowColor">
<TD ALIGN="right" VALIGN="top" WIDTH="1%"><FONT SIZE="-1">
<CODE>(package private)</CODE></FONT></TD>
<TD><CODE><STRONG><A HREF="../tp/PVis.html#PVis(float, float)">PVis</A></STRONG>(float&nbsp;i,
     float&nbsp;j)</CODE>

<BR>
&nbsp;&nbsp;&nbsp;&nbsp;&nbsp;&nbsp;&nbsp;&nbsp;&nbsp;&nbsp;package model constructor</TD>
</TR>
<TR BGCOLOR="white" CLASS="TableRowColor">
<TD ALIGN="right" VALIGN="top" WIDTH="1%"><FONT SIZE="-1">
<CODE>private </CODE></FONT></TD>
<TD><CODE><STRONG><A HREF="../tp/PVis.html#PVis(float, float, float)">PVis</A></STRONG>(float&nbsp;i,
     float&nbsp;j,
     float&nbsp;k)</CODE>

<BR>
&nbsp;&nbsp;&nbsp;&nbsp;&nbsp;&nbsp;&nbsp;&nbsp;&nbsp;&nbsp;private model constructor</TD>
</TR>
<TR BGCOLOR="white" CLASS="TableRowColor">
<TD ALIGN="right" VALIGN="top" WIDTH="1%"><FONT SIZE="-1">
<CODE>&nbsp;</CODE></FONT></TD>
<TD><CODE><STRONG><A HREF="../tp/PVis.html#PVis(java.lang.Object)">PVis</A></STRONG>(java.lang.Object&nbsp;o)</CODE>

<BR>
&nbsp;&nbsp;&nbsp;&nbsp;&nbsp;&nbsp;&nbsp;&nbsp;&nbsp;&nbsp;public model constructor</TD>
</TR>
</TABLE>
&nbsp;
<!-- ========== METHOD SUMMARY =========== -->

<A NAME="method_summary"><!-- --></A>
<TABLE BORDER="1" WIDTH="100%" CELLPADDING="3" CELLSPACING="0" SUMMARY="Method Summary table, listing methods, and an explanation">
<CAPTION CLASS="TableCaption">
Method Summary</CAPTION>
<TR>
<TH CLASS="TableHeader" SCOPE="col" NOWRAP>Modifier and Type</TH>
<TH CLASS="TableHeader" SCOPE="col" NOWRAP>Method and Description</TH>
</TR>
<TR BGCOLOR="white" CLASS="TableRowColor">
<TD ALIGN="right" VALIGN="top" WIDTH="1%"><FONT SIZE="-1">
<CODE>(package private) &nbsp;void</CODE></FONT></TD>
<TD><CODE><STRONG><A HREF="../tp/PVis.html#mp_package()">mp_package</A></STRONG>()</CODE>

<BR>
&nbsp;&nbsp;&nbsp;&nbsp;&nbsp;&nbsp;&nbsp;&nbsp;&nbsp;&nbsp;&nbsp;</TD>
</TR>
<TR BGCOLOR="white" CLASS="TableRowColor">
<TD ALIGN="right" VALIGN="top" WIDTH="1%"><FONT SIZE="-1">
<CODE>private &nbsp;void</CODE></FONT></TD>
<TD><CODE><STRONG><A HREF="../tp/PVis.html#mp_private()">mp_private</A></STRONG>()</CODE>

<BR>
&nbsp;&nbsp;&nbsp;&nbsp;&nbsp;&nbsp;&nbsp;&nbsp;&nbsp;&nbsp;&nbsp;</TD>
</TR>
<TR BGCOLOR="white" CLASS="TableRowColor">
<TD ALIGN="right" VALIGN="top" WIDTH="1%"><FONT SIZE="-1">
<CODE>protected &nbsp;void</CODE></FONT></TD>
<TD><CODE><STRONG><A HREF="../tp/PVis.html#mp_protected()">mp_protected</A></STRONG>()</CODE>

<BR>
&nbsp;&nbsp;&nbsp;&nbsp;&nbsp;&nbsp;&nbsp;&nbsp;&nbsp;&nbsp;&nbsp;</TD>
</TR>
<TR BGCOLOR="white" CLASS="TableRowColor">
<TD ALIGN="right" VALIGN="top" WIDTH="1%"><FONT SIZE="-1">
<CODE>&nbsp;void</CODE></FONT></TD>
<TD><CODE><STRONG><A HREF="../tp/PVis.html#mp_public()">mp_public</A></STRONG>()</CODE>

<BR>
&nbsp;&nbsp;&nbsp;&nbsp;&nbsp;&nbsp;&nbsp;&nbsp;&nbsp;&nbsp;&nbsp;</TD>
</TR>
</TABLE>
&nbsp;
<TABLE BORDER="1" WIDTH="100%" CELLPADDING="3" CELLSPACING="0" SUMMARY="">
<TR BGCOLOR="#CCCCFF" CLASS="TableHeadingColor">
<TH ALIGN="left" COLSPAN="2"><FONT SIZE="+2">
<CAPTION CLASS="TableCaption">
<STRONG>JML Model Method Summary</STRONG></FONT></TH>
</TR>
</CAPTION>
<TR>
<TH CLASS="TableHeader" SCOPE="col" NOWRAP>Modifier and Type</TH>
<TH CLASS="TableHeader" SCOPE="col" NOWRAP>Method and Description</TH>
</TR>
<TR BGCOLOR="white" CLASS="TableRowColor">
<TD ALIGN="right" VALIGN="top" WIDTH="1%"><FONT SIZE="-1">
<CODE><FONT SIZE="-1">@Model
</FONT>(package private) &nbsp;void</CODE></FONT></TD>
<TD><CODE><STRONG><A HREF="../tp/PVis.html#qp_package()">qp_package</A></STRONG>()</CODE>

<BR>
&nbsp;&nbsp;&nbsp;&nbsp;&nbsp;&nbsp;&nbsp;&nbsp;&nbsp;&nbsp;&nbsp;</TD>
</TR>
<TR BGCOLOR="white" CLASS="TableRowColor">
<TD ALIGN="right" VALIGN="top" WIDTH="1%"><FONT SIZE="-1">
<CODE><FONT SIZE="-1">@Model
</FONT>private &nbsp;void</CODE></FONT></TD>
<TD><CODE><STRONG><A HREF="../tp/PVis.html#qp_private()">qp_private</A></STRONG>()</CODE>

<BR>
&nbsp;&nbsp;&nbsp;&nbsp;&nbsp;&nbsp;&nbsp;&nbsp;&nbsp;&nbsp;&nbsp;</TD>
</TR>
<TR BGCOLOR="white" CLASS="TableRowColor">
<TD ALIGN="right" VALIGN="top" WIDTH="1%"><FONT SIZE="-1">
<CODE><FONT SIZE="-1">@Model
</FONT>protected &nbsp;void</CODE></FONT></TD>
<TD><CODE><STRONG><A HREF="../tp/PVis.html#qp_protected()">qp_protected</A></STRONG>()</CODE>

<BR>
&nbsp;&nbsp;&nbsp;&nbsp;&nbsp;&nbsp;&nbsp;&nbsp;&nbsp;&nbsp;&nbsp;</TD>
</TR>
<TR BGCOLOR="white" CLASS="TableRowColor">
<TD ALIGN="right" VALIGN="top" WIDTH="1%"><FONT SIZE="-1">
<CODE><FONT SIZE="-1">@Model
</FONT>&nbsp;void</CODE></FONT></TD>
<TD><CODE><STRONG><A HREF="../tp/PVis.html#qp_public()">qp_public</A></STRONG>()</CODE>

<BR>
&nbsp;&nbsp;&nbsp;&nbsp;&nbsp;&nbsp;&nbsp;&nbsp;&nbsp;&nbsp;&nbsp;</TD>
</TR>
</TABLE>
&nbsp;<A NAME="methods_inherited_from_class_java.lang.Object"><!-- --></A>
<TABLE BORDER="1" WIDTH="100%" CELLPADDING="3" CELLSPACING="0" SUMMARY="">
<TR BGCOLOR="#EEEEFF" CLASS="TableSubHeadingColor">
<TH ALIGN="left"><STRONG>Methods inherited from class java.lang.Object</STRONG></TH>
</TR>
<TR BGCOLOR="white" CLASS="TableRowColor">
<TD><CODE>clone, equals, finalize, getClass, hashCode, notify, notifyAll, toString, wait, wait, wait</CODE></TD>
</TR>
</TABLE>
&nbsp;
<P>

<!-- ============ FIELD DETAIL =========== -->

<A NAME="field_detail"><!-- --></A>
<TABLE BORDER="1" WIDTH="100%" CELLPADDING="3" CELLSPACING="0" SUMMARY="">
<TR BGCOLOR="#CCCCFF" CLASS="TableHeadingColor">
<TH ALIGN="left" COLSPAN="1"><FONT SIZE="+2">
<STRONG>Field Detail</STRONG></FONT></TH>
</TR>
</TABLE>

<A NAME="ip_public"><!-- --></A><H3>
ip_public</H3>
<PRE>
public int <STRONG>ip_public</STRONG></PRE>
<HR>

<A NAME="ip_protected"><!-- --></A><H3>
ip_protected</H3>
<PRE>
protected int <STRONG>ip_protected</STRONG></PRE>
<HR>

<A NAME="ip_package"><!-- --></A><H3>
ip_package</H3>
<PRE>
int <STRONG>ip_package</STRONG></PRE>
<HR>

<A NAME="ip_private"><!-- --></A><H3>
ip_private</H3>
<PRE>
private int <STRONG>ip_private</STRONG></PRE>

<TABLE BORDER="1" WIDTH="100%" CELLPADDING="3" CELLSPACING="0" SUMMARY="">
<TR BGCOLOR="#CCCCFF" CLASS="TableHeadingColor">
<TH ALIGN="left" COLSPAN="1"><FONT SIZE="+2">
<STRONG>JML Ghost Field Detail</STRONG></FONT></TH>
</TR>
</TABLE>

<A NAME="gp_public"><!-- --></A><H3>
gp_public</H3>
<PRE>
<FONT SIZE="-1">@Ghost
</FONT>public int <STRONG>gp_public</STRONG></PRE>
<DD>&nbsp;
<P>
<STRONG>JML Specifications: </STRONG> @Ghost<DL>
<PRE></PRE>
</DL>
</DD>
<HR>

<A NAME="gp_protected"><!-- --></A><H3>
gp_protected</H3>
<PRE>
<FONT SIZE="-1">@Ghost
</FONT>protected int <STRONG>gp_protected</STRONG></PRE>
<DD>&nbsp;
<P>
<STRONG>JML Specifications: </STRONG> @Ghost<DL>
<PRE></PRE>
</DL>
</DD>
<HR>

<A NAME="gp_package"><!-- --></A><H3>
gp_package</H3>
<PRE>
<FONT SIZE="-1">@Ghost
</FONT>int <STRONG>gp_package</STRONG></PRE>
<DD>&nbsp;
<P>
<STRONG>JML Specifications: </STRONG> @Ghost<DL>
<PRE></PRE>
</DL>
</DD>
<HR>

<A NAME="gp_private"><!-- --></A><H3>
gp_private</H3>
<PRE>
<FONT SIZE="-1">@Ghost
</FONT>private int <STRONG>gp_private</STRONG></PRE>
<DD>&nbsp;
<P>
<STRONG>JML Specifications: </STRONG> @Ghost<DL>
<PRE></PRE>
</DL>
</DD>

<!-- ========= CONSTRUCTOR DETAIL ======== -->

<A NAME="constructor_detail"><!-- --></A>
<TABLE BORDER="1" WIDTH="100%" CELLPADDING="3" CELLSPACING="0" SUMMARY="">
<TR BGCOLOR="#CCCCFF" CLASS="TableHeadingColor">
<TH ALIGN="left" COLSPAN="1"><FONT SIZE="+2">
<STRONG>Constructor Detail</STRONG></FONT></TH>
</TR>
</TABLE>

<A NAME="PVis()"><!-- --></A><H3>
PVis</H3>
<PRE>
public <STRONG>PVis</STRONG>()</PRE>
<DL>
<DD>public constructor
<P>
</DD>

<BR>
</DL>
<HR>

<A NAME="PVis(int)"><!-- --></A><H3>
PVis</H3>
<PRE>
protected <STRONG>PVis</STRONG>(int&nbsp;i)</PRE>
<DL>
<DD>protected constructor
<P>
</DD>

<BR>
</DL>
<HR>

<A NAME="PVis(int, int)"><!-- --></A><H3>
PVis</H3>
<PRE>
<STRONG>PVis</STRONG>(int&nbsp;i,
     int&nbsp;j)</PRE>
<DL>
<DD>package constructor
<P>
</DD>

<BR>
</DL>
<HR>

<A NAME="PVis(int, int, int)"><!-- --></A><H3>
PVis</H3>
<PRE>
private <STRONG>PVis</STRONG>(int&nbsp;i,
             int&nbsp;j,
             int&nbsp;k)</PRE>
<DL>
<DD>private constructor
<P>
</DD>

<BR>
</DL>

<TABLE BORDER="1" WIDTH="100%" CELLPADDING="3" CELLSPACING="0" SUMMARY="">
<TR BGCOLOR="#CCCCFF" CLASS="TableHeadingColor">
<TH ALIGN="left" COLSPAN="1"><FONT SIZE="+2">
<STRONG>JML Model Constructor Detail</STRONG></FONT></TH>
</TR>
</TABLE>


<A NAME="PVis(java.lang.Object)"><!-- --></A><H3>
PVis</H3>
<PRE>
<FONT SIZE="-1">@Model
</FONT>public <STRONG>PVis</STRONG>(java.lang.Object&nbsp;o)</PRE>
<DL>
<DD>public model constructor
<P>
</DD>

<BR>
<STRONG>JML Constructor Specifications: </STRONG> @Model<PRE></PRE>
</DL>
<HR>

<A NAME="PVis(float)"><!-- --></A><H3>
PVis</H3>
<PRE>
<FONT SIZE="-1">@Model
</FONT>protected <STRONG>PVis</STRONG>(float&nbsp;i)</PRE>
<DL>
<DD>protected model constructor
<P>
</DD>

<BR>
<STRONG>JML Constructor Specifications: </STRONG> @Model<PRE></PRE>
</DL>
<HR>

<A NAME="PVis(float, float)"><!-- --></A><H3>
PVis</H3>
<PRE>
<FONT SIZE="-1">@Model
</FONT><STRONG>PVis</STRONG>(float&nbsp;i,
           float&nbsp;j)</PRE>
<DL>
<DD>package model constructor
<P>
</DD>

<BR>
<STRONG>JML Constructor Specifications: </STRONG> @Model<PRE></PRE>
</DL>
<HR>

<A NAME="PVis(float, float, float)"><!-- --></A><H3>
PVis</H3>
<PRE>
<FONT SIZE="-1">@Model
</FONT>private <STRONG>PVis</STRONG>(float&nbsp;i,
                   float&nbsp;j,
                   float&nbsp;k)</PRE>
<DL>
<DD>private model constructor
<P>
</DD>

<BR>
<STRONG>JML Constructor Specifications: </STRONG> @Model<PRE></PRE>
</DL>

<!-- ============ METHOD DETAIL ========== -->

<A NAME="method_detail"><!-- --></A>
<TABLE BORDER="1" WIDTH="100%" CELLPADDING="3" CELLSPACING="0" SUMMARY="">
<TR BGCOLOR="#CCCCFF" CLASS="TableHeadingColor">
<TH ALIGN="left" COLSPAN="1"><FONT SIZE="+2">
<STRONG>Method Detail</STRONG></FONT></TH>
</TR>
</TABLE>

<A NAME="mp_public()"><!-- --></A><H3>
mp_public</H3>
<PRE>
public void <STRONG>mp_public</STRONG>()</PRE>

<BR>
<HR>

<A NAME="mp_protected()"><!-- --></A><H3>
mp_protected</H3>
<PRE>
protected void <STRONG>mp_protected</STRONG>()</PRE>

<BR>
<HR>

<A NAME="mp_package()"><!-- --></A><H3>
mp_package</H3>
<PRE>
void <STRONG>mp_package</STRONG>()</PRE>

<BR>
<HR>

<A NAME="mp_private()"><!-- --></A><H3>
mp_private</H3>
<PRE>
private void <STRONG>mp_private</STRONG>()</PRE>

<BR>

<TABLE BORDER="1" WIDTH="100%" CELLPADDING="3" CELLSPACING="0" SUMMARY="">
<TR BGCOLOR="#CCCCFF" CLASS="TableHeadingColor">
<TH ALIGN="left" COLSPAN="1"><FONT SIZE="+2">
<STRONG>JML Model Method Detail</STRONG></FONT></TH>
</TR>
</TABLE>


<A NAME="qp_public()"><!-- --></A><H3>
qp_public</H3>
<PRE>
<FONT SIZE="-1">@Model
</FONT>public void <STRONG>qp_public</STRONG>()</PRE>

<BR>
<STRONG>JML Method Specifications: </STRONG> @Model<PRE></PRE>
<HR>

<A NAME="qp_protected()"><!-- --></A><H3>
qp_protected</H3>
<PRE>
<FONT SIZE="-1">@Model
</FONT>protected void <STRONG>qp_protected</STRONG>()</PRE>

<BR>
<STRONG>JML Method Specifications: </STRONG> @Model<PRE></PRE>
<HR>

<A NAME="qp_package()"><!-- --></A><H3>
qp_package</H3>
<PRE>
<FONT SIZE="-1">@Model
</FONT>void <STRONG>qp_package</STRONG>()</PRE>

<BR>
<STRONG>JML Method Specifications: </STRONG> @Model<PRE></PRE>
<HR>

<A NAME="qp_private()"><!-- --></A><H3>
qp_private</H3>
<PRE>
<FONT SIZE="-1">@Model
</FONT>private void <STRONG>qp_private</STRONG>()</PRE>

<BR>
<STRONG>JML Method Specifications: </STRONG> @Model<PRE></PRE>
<!-- ========= END OF CLASS DATA ========= -->
<HR>


<!-- ======= START OF BOTTOM NAVBAR ====== -->
<A NAME="navbar_bottom"><!-- --></A>
<A HREF="#skip-navbar_bottom" title="Skip navigation links"></A>
<TABLE BORDER="0" WIDTH="100%" CELLPADDING="1" CELLSPACING="0" SUMMARY="">
<TR>
<TD COLSPAN=2 BGCOLOR="#EEEEFF" CLASS="NavBarCell1">
<A NAME="navbar_bottom_firstrow"><!-- --></A>
<TABLE BORDER="0" CELLPADDING="0" CELLSPACING="3" SUMMARY="">
  <TR ALIGN="center" VALIGN="top">
  <TD BGCOLOR="#EEEEFF" CLASS="NavBarCell1">    <A HREF="../overview-summary.html"><FONT CLASS="NavBarFont1"><STRONG>Overview</STRONG></FONT></A>&nbsp;</TD>
  <TD BGCOLOR="#EEEEFF" CLASS="NavBarCell1">    <A HREF="package-summary.html"><FONT CLASS="NavBarFont1"><STRONG>Package</STRONG></FONT></A>&nbsp;</TD>
  <TD BGCOLOR="#FFFFFF" CLASS="NavBarCell1Rev"> &nbsp;<FONT CLASS="NavBarFont1Rev"><STRONG>Class</STRONG></FONT>&nbsp;</TD>
  <TD BGCOLOR="#EEEEFF" CLASS="NavBarCell1">    <A HREF="package-tree.html"><FONT CLASS="NavBarFont1"><STRONG>Tree</STRONG></FONT></A>&nbsp;</TD>
  <TD BGCOLOR="#EEEEFF" CLASS="NavBarCell1">    <A HREF="../deprecated-list.html"><FONT CLASS="NavBarFont1"><STRONG>Deprecated</STRONG></FONT></A>&nbsp;</TD>
  <TD BGCOLOR="#EEEEFF" CLASS="NavBarCell1">    <A HREF="../index-all.html"><FONT CLASS="NavBarFont1"><STRONG>Index</STRONG></FONT></A>&nbsp;</TD>
  <TD BGCOLOR="#EEEEFF" CLASS="NavBarCell1">    <A HREF="../help-doc.html"><FONT CLASS="NavBarFont1"><STRONG>Help</STRONG></FONT></A>&nbsp;</TD>
  </TR>
</TABLE>
</TD>
<TD ALIGN="right" VALIGN="top" ROWSPAN=3><EM>
</EM>
</TD>
</TR>

<TR>
<TD BGCOLOR="white" CLASS="NavBarCell2"><FONT SIZE="-2">
&nbsp;PREV CLASS&nbsp;
&nbsp;<A HREF="../tp/PVis.Ap_package.html" title="annotation in tp"><STRONG>NEXT CLASS</STRONG></A></FONT></TD>
<TD BGCOLOR="white" CLASS="NavBarCell2"><FONT SIZE="-2">
  <A HREF="../index.html?tp/PVis.html" target="_top"><STRONG>FRAMES</STRONG></A>  &nbsp;
&nbsp;<A HREF="PVis.html" target="_top"><STRONG>NO FRAMES</STRONG></A>  &nbsp;
&nbsp;<SCRIPT type="text/javascript">
  <!--
  if(window==top) {
    document.writeln('<A HREF="../allclasses-noframe.html"><STRONG>All Classes</STRONG></A>');
  }
  //-->
</SCRIPT>
<NOSCRIPT>
  <A HREF="../allclasses-noframe.html"><STRONG>All Classes</STRONG></A>
</NOSCRIPT>


</FONT></TD>
</TR>
<TR>
<TD VALIGN="top" CLASS="NavBarCell3"><FONT SIZE="-2">
  SUMMARY:&nbsp;<A HREF="#nested_class_summary">NESTED</A>&nbsp;|&nbsp;<A HREF="#field_summary">FIELD</A>&nbsp;|&nbsp;<A HREF="#constructor_summary">CONSTR</A>&nbsp;|&nbsp;<A HREF="#method_summary">METHOD</A></FONT></TD>
<TD VALIGN="top" CLASS="NavBarCell3"><FONT SIZE="-2">
DETAIL:&nbsp;<A HREF="#field_detail">FIELD</A>&nbsp;|&nbsp;<A HREF="#constructor_detail">CONSTR</A>&nbsp;|&nbsp;<A HREF="#method_detail">METHOD</A></FONT></TD>
</TR>
</TABLE>
<A NAME="skip-navbar_bottom"></A>
<!-- ======== END OF BOTTOM NAVBAR ======= -->

<HR>

</BODY>
</HTML>
