<!DOCTYPE HTML PUBLIC "-//W3C//DTD HTML 4.01 Transitional//EN" "http://www.w3.org/TR/html4/loose.dtd">
<!--NewPage-->
<HTML lang="en">
<HEAD>
<TITLE>
&lt;Unnamed&gt;
</TITLE>


<LINK REL ="stylesheet" TYPE="text/css" HREF="stylesheet.css" TITLE="Style">


</HEAD>

<BODY BGCOLOR="white">
<FONT size="+1" CLASS="FrameTitleFont">
<A HREF="package-summary.html" target="classFrame">&lt;Unnamed&gt;</A></FONT>
<TABLE BORDER="0" WIDTH="100%" SUMMARY="">
<TR>
<TD NOWRAP><FONT size="+1" CLASS="FrameHeadingFont">
Interfaces</FONT>&nbsp;
<FONT CLASS="FrameItemFont">
<BR>
<A HREF="A.BNInterface_nodoc.html" title="interface in &lt;Unnamed&gt;" target="classFrame"><I>A.BNInterface_nodoc</I></A></FONT></TD>
</TR>
</TABLE>


<TABLE BORDER="0" WIDTH="100%" SUMMARY="">
<TR>
<TD NOWRAP><FONT size="+1" CLASS="FrameHeadingFont">
Classes</FONT>&nbsp;
<FONT CLASS="FrameItemFont">
<BR>
<A HREF="A.html" title="class in &lt;Unnamed&gt;" target="classFrame">A</A>
<BR>
<A HREF="A.B.html" title="class in &lt;Unnamed&gt;" target="classFrame">A.B</A>
<BR>
<A HREF="AEnum.html" title="class in &lt;Unnamed&gt;" target="classFrame">AEnum</A>
<BR>
<A HREF="AEnum.B.html" title="class in &lt;Unnamed&gt;" target="classFrame">AEnum.B</A>
<BR>
<A HREF="Q.html" title="class in &lt;Unnamed&gt;" target="classFrame">Q</A></FONT></TD>
</TR>
</TABLE>


<TABLE BORDER="0" WIDTH="100%" SUMMARY="">
<TR>
<TD NOWRAP><FONT size="+1" CLASS="FrameHeadingFont">
Enums</FONT>&nbsp;
<FONT CLASS="FrameItemFont">
<BR>
<A HREF="A.consts.html" title="enum in &lt;Unnamed&gt;" target="classFrame">A.consts</A>
<BR>
<A HREF="AEnum.consts.html" title="enum in &lt;Unnamed&gt;" target="classFrame">AEnum.consts</A></FONT></TD>
</TR>
</TABLE>


<TABLE BORDER="0" WIDTH="100%" SUMMARY="">
<TR>
<TD NOWRAP><FONT size="+1" CLASS="FrameHeadingFont">
Annotation Types</FONT>&nbsp;
<FONT CLASS="FrameItemFont">
<BR>
<A HREF="A.Annot.html" title="annotation in &lt;Unnamed&gt;" target="classFrame">A.Annot</A>
<BR>
<A HREF="AEnum.Annot.html" title="annotation in &lt;Unnamed&gt;" target="classFrame">AEnum.Annot</A></FONT></TD>
</TR>
</TABLE>


</BODY>
</HTML>
