<!DOCTYPE HTML PUBLIC "-//W3C//DTD HTML 4.01 Transitional//EN" "http://www.w3.org/TR/html4/loose.dtd">
<!--NewPage-->
<HTML lang="en">
<HEAD>
<TITLE>
Index
</TITLE>


<LINK REL ="stylesheet" TYPE="text/css" HREF="./stylesheet.css" TITLE="Style">

<SCRIPT type="text/javascript">
function windowTitle()
{
    if (location.href.indexOf('is-external=true') == -1) {
        parent.document.title="Index";
    }
}
</SCRIPT>
<NOSCRIPT>
</NOSCRIPT>

</HEAD>

<BODY BGCOLOR="white" onload="windowTitle();">
<HR>


<!-- ========= START OF TOP NAVBAR ======= -->
<A NAME="navbar_top"><!-- --></A>
<A HREF="#skip-navbar_top" title="Skip navigation links"></A>
<TABLE BORDER="0" WIDTH="100%" CELLPADDING="1" CELLSPACING="0" SUMMARY="">
<TR>
<TD COLSPAN=2 BGCOLOR="#EEEEFF" CLASS="NavBarCell1">
<A NAME="navbar_top_firstrow"><!-- --></A>
<TABLE BORDER="0" CELLPADDING="0" CELLSPACING="3" SUMMARY="">
  <TR ALIGN="center" VALIGN="top">
  <TD BGCOLOR="#EEEEFF" CLASS="NavBarCell1">    <A HREF="./package-summary.html"><FONT CLASS="NavBarFont1"><STRONG>Package</STRONG></FONT></A>&nbsp;</TD>
  <TD BGCOLOR="#EEEEFF" CLASS="NavBarCell1">    <FONT CLASS="NavBarFont1">Class</FONT>&nbsp;</TD>
  <TD BGCOLOR="#EEEEFF" CLASS="NavBarCell1">    <A HREF="./overview-tree.html"><FONT CLASS="NavBarFont1"><STRONG>Tree</STRONG></FONT></A>&nbsp;</TD>
  <TD BGCOLOR="#EEEEFF" CLASS="NavBarCell1">    <A HREF="./deprecated-list.html"><FONT CLASS="NavBarFont1"><STRONG>Deprecated</STRONG></FONT></A>&nbsp;</TD>
  <TD BGCOLOR="#FFFFFF" CLASS="NavBarCell1Rev"> &nbsp;<FONT CLASS="NavBarFont1Rev"><STRONG>Index</STRONG></FONT>&nbsp;</TD>
  <TD BGCOLOR="#EEEEFF" CLASS="NavBarCell1">    <A HREF="./help-doc.html"><FONT CLASS="NavBarFont1"><STRONG>Help</STRONG></FONT></A>&nbsp;</TD>
  </TR>
</TABLE>
</TD>
<TD ALIGN="right" VALIGN="top" ROWSPAN=3><EM>
</EM>
</TD>
</TR>

<TR>
<TD BGCOLOR="white" CLASS="NavBarCell2"><FONT SIZE="-2">
&nbsp;PREV&nbsp;
&nbsp;NEXT</FONT></TD>
<TD BGCOLOR="white" CLASS="NavBarCell2"><FONT SIZE="-2">
  <A HREF="./index.html?index-all.html" target="_top"><STRONG>FRAMES</STRONG></A>  &nbsp;
&nbsp;<A HREF="index-all.html" target="_top"><STRONG>NO FRAMES</STRONG></A>  &nbsp;
&nbsp;<SCRIPT type="text/javascript">
  <!--
  if(window==top) {
    document.writeln('<A HREF="./allclasses-noframe.html"><STRONG>All Classes</STRONG></A>');
  }
  //-->
</SCRIPT>
<NOSCRIPT>
  <A HREF="./allclasses-noframe.html"><STRONG>All Classes</STRONG></A>
</NOSCRIPT>


</FONT></TD>
</TR>
</TABLE>
<A NAME="skip-navbar_top"></A>
<!-- ========= END OF TOP NAVBAR ========= -->

<A HREF="#_A_">A</A> <A HREF="#_B_">B</A> <A HREF="#_I_">I</A> <A HREF="#_L_">L</A> <A HREF="#_M_">M</A> <A HREF="#_O_">O</A> <A HREF="#_P_">P</A> <A HREF="#_Q_">Q</A> <A HREF="#_S_">S</A> <A HREF="#_Z_">Z</A> <HR>
<A NAME="_A_"><!-- --></A><H2>
<STRONG>A</STRONG></H2>
<DL>
<DT><A HREF="./PP.html#a"><STRONG>a</STRONG></A> - 
Variable in class <A HREF="./PP.html" title="class in &lt;Unnamed&gt;">PP</A>
</DT><DD>&nbsp;</DD>

</DL>
<HR>
<A NAME="_B_"><!-- --></A><H2>
<STRONG>B</STRONG></H2>
<DL>
<DT><A HREF="./PP.html#b"><STRONG>b</STRONG></A> - 
Variable in class <A HREF="./PP.html" title="class in &lt;Unnamed&gt;">PP</A>
</DT><DD>&nbsp;</DD>

<DT><A HREF="./QQ.html#bb()"><STRONG>bb()</STRONG></A> - 
Method in class <A HREF="./QQ.html" title="class in &lt;Unnamed&gt;">QQ</A>
</DT><DD>&nbsp;</DD>

</DL>
<HR>
<A NAME="_I_"><!-- --></A><H2>
<STRONG>I</STRONG></H2>
<DL>
<DT><A HREF="./PP.html#i"><STRONG>i</STRONG></A> - 
Variable in class <A HREF="./PP.html" title="class in &lt;Unnamed&gt;">PP</A>
</DT><DD>&nbsp;</DD>

</DL>
<HR>
<A NAME="_L_"><!-- --></A><H2>
<STRONG>L</STRONG></H2>
<DL>
<DT><A HREF="./PP.html#list"><STRONG>list</STRONG></A> - 
Variable in class <A HREF="./PP.html" title="class in &lt;Unnamed&gt;">PP</A>
</DT><DD>&nbsp;</DD>

</DL>
<HR>
<A NAME="_M_"><!-- --></A><H2>
<STRONG>M</STRONG></H2>
<DL>
<DT><A HREF="./PP.html#m()"><STRONG>m()</STRONG></A> - 
Method in class <A HREF="./PP.html" title="class in &lt;Unnamed&gt;">PP</A>
</DT><DD>&nbsp;</DD>

<DT><A HREF="./PP.html#mm()"><STRONG>mm()</STRONG></A> - 
Method in class <A HREF="./PP.html" title="class in &lt;Unnamed&gt;">PP</A>
</DT><DD>&nbsp;</DD>

<DT><A HREF="./PP.html#mq(int, boolean, java.lang.Object)"><STRONG>mq(int, boolean, Object)</STRONG></A> - 
Method in class <A HREF="./PP.html" title="class in &lt;Unnamed&gt;">PP</A>
</DT><DD>&nbsp;</DD>

</DL>
<HR>
<A NAME="_O_"><!-- --></A><H2>
<STRONG>O</STRONG></H2>
<DL>
<DT><A HREF="./PP.html#o"><STRONG>o</STRONG></A> - 
Variable in class <A HREF="./PP.html" title="class in &lt;Unnamed&gt;">PP</A>
</DT><DD>&nbsp;</DD>

</DL>
<HR>
<A NAME="_P_"><!-- --></A><H2>
<STRONG>P</STRONG></H2>
<DL>
<DT><A HREF="./PP.html#p"><STRONG>p</STRONG></A> - 
Variable in class <A HREF="./PP.html" title="class in &lt;Unnamed&gt;">PP</A>
</DT><DD>&nbsp;</DD>

<DT><A HREF="./PP.html" title="class in &lt;Unnamed&gt;"><STRONG>PP</STRONG></A> - Class in <A HREF="./package-summary.html">&lt;Unnamed&gt;</A></DT><DD>&nbsp;</DD>
<DT><A HREF="./PP.html#PP()"><STRONG>PP()</STRONG></A> - 
Constructor for class <A HREF="./PP.html" title="class in &lt;Unnamed&gt;">PP</A>
</DT><DD>&nbsp;</DD>

</DL>
<HR>
<A NAME="_Q_"><!-- --></A><H2>
<STRONG>Q</STRONG></H2>
<DL>
<DT><A HREF="./PP.html#q0(int)"><STRONG>q0(int)</STRONG></A> - 
Method in class <A HREF="./PP.html" title="class in &lt;Unnamed&gt;">PP</A>
</DT><DD>&nbsp;</DD>

<DT><A HREF="./PP.html#q1(int)"><STRONG>q1(int)</STRONG></A> - 
Method in class <A HREF="./PP.html" title="class in &lt;Unnamed&gt;">PP</A>
</DT><DD>Javadoc comment only.</DD>

<DT><A HREF="./PP.html#q2(int)"><STRONG>q2(int)</STRONG></A> - 
Method in class <A HREF="./PP.html" title="class in &lt;Unnamed&gt;">PP</A>
</DT><DD>&nbsp;</DD>

<DT><A HREF="./PP.html#q3(int)"><STRONG>q3(int)</STRONG></A> - 
Method in class <A HREF="./PP.html" title="class in &lt;Unnamed&gt;">PP</A>
</DT><DD>Javadoc comment and tag.</DD>

<DT><A HREF="./PP.html#q4(int)"><STRONG>q4(int)</STRONG></A> - 
Method in class <A HREF="./PP.html" title="class in &lt;Unnamed&gt;">PP</A>
</DT><DD>&nbsp;</DD>

<DT><A HREF="./PP.html#q5(int)"><STRONG>q5(int)</STRONG></A> - 
Method in class <A HREF="./PP.html" title="class in &lt;Unnamed&gt;">PP</A>
</DT><DD>Javadoc comment and JML.</DD>

<DT><A HREF="./PP.html#q6(int)"><STRONG>q6(int)</STRONG></A> - 
Method in class <A HREF="./PP.html" title="class in &lt;Unnamed&gt;">PP</A>
</DT><DD>&nbsp;</DD>

<DT><A HREF="./PP.html#q7(int)"><STRONG>q7(int)</STRONG></A> - 
Method in class <A HREF="./PP.html" title="class in &lt;Unnamed&gt;">PP</A>
</DT><DD>Javadoc comment and tag and JML.</DD>

<DT><A HREF="./PP.html#qq()"><STRONG>qq()</STRONG></A> - 
Method in class <A HREF="./PP.html" title="class in &lt;Unnamed&gt;">PP</A>
</DT><DD>&nbsp;</DD>

<DT><A HREF="./QQ.html" title="class in &lt;Unnamed&gt;"><STRONG>QQ</STRONG></A> - Class in <A HREF="./package-summary.html">&lt;Unnamed&gt;</A></DT><DD>&nbsp;</DD>
<DT><A HREF="./QQ.html#QQ()"><STRONG>QQ()</STRONG></A> - 
Constructor for class <A HREF="./QQ.html" title="class in &lt;Unnamed&gt;">QQ</A>
</DT><DD>&nbsp;</DD>

<DT><A HREF="./QQ.html#qq"><STRONG>qq</STRONG></A> - 
Variable in class <A HREF="./QQ.html" title="class in &lt;Unnamed&gt;">QQ</A>
</DT><DD>&nbsp;</DD>

<DT><A HREF="./PP.html#qq1()"><STRONG>qq1()</STRONG></A> - 
Method in class <A HREF="./PP.html" title="class in &lt;Unnamed&gt;">PP</A>
</DT><DD>&nbsp;</DD>

<DT><A HREF="./PP.html#qq2()"><STRONG>qq2()</STRONG></A> - 
Method in class <A HREF="./PP.html" title="class in &lt;Unnamed&gt;">PP</A>
</DT><DD>&nbsp;</DD>

</DL>
<HR>
<A NAME="_S_"><!-- --></A><H2>
<STRONG>S</STRONG></H2>
<DL>
<DT><A HREF="./PP.html#sp()"><STRONG>sp()</STRONG></A> - 
Method in class <A HREF="./PP.html" title="class in &lt;Unnamed&gt;">PP</A>
</DT><DD>&nbsp;</DD>

</DL>
<HR>
<A NAME="_Z_"><!-- --></A><H2>
<STRONG>Z</STRONG></H2>
<DL>
<DT><A HREF="./PP.html#z(int)"><STRONG>z(int)</STRONG></A> - 
Method in class <A HREF="./PP.html" title="class in &lt;Unnamed&gt;">PP</A>
</DT><DD>&nbsp;</DD>

</DL>
<HR>
<A HREF="#_A_">A</A> <A HREF="#_B_">B</A> <A HREF="#_I_">I</A> <A HREF="#_L_">L</A> <A HREF="#_M_">M</A> <A HREF="#_O_">O</A> <A HREF="#_P_">P</A> <A HREF="#_Q_">Q</A> <A HREF="#_S_">S</A> <A HREF="#_Z_">Z</A> 

<!-- ======= START OF BOTTOM NAVBAR ====== -->
<A NAME="navbar_bottom"><!-- --></A>
<A HREF="#skip-navbar_bottom" title="Skip navigation links"></A>
<TABLE BORDER="0" WIDTH="100%" CELLPADDING="1" CELLSPACING="0" SUMMARY="">
<TR>
<TD COLSPAN=2 BGCOLOR="#EEEEFF" CLASS="NavBarCell1">
<A NAME="navbar_bottom_firstrow"><!-- --></A>
<TABLE BORDER="0" CELLPADDING="0" CELLSPACING="3" SUMMARY="">
  <TR ALIGN="center" VALIGN="top">
  <TD BGCOLOR="#EEEEFF" CLASS="NavBarCell1">    <A HREF="./package-summary.html"><FONT CLASS="NavBarFont1"><STRONG>Package</STRONG></FONT></A>&nbsp;</TD>
  <TD BGCOLOR="#EEEEFF" CLASS="NavBarCell1">    <FONT CLASS="NavBarFont1">Class</FONT>&nbsp;</TD>
  <TD BGCOLOR="#EEEEFF" CLASS="NavBarCell1">    <A HREF="./overview-tree.html"><FONT CLASS="NavBarFont1"><STRONG>Tree</STRONG></FONT></A>&nbsp;</TD>
  <TD BGCOLOR="#EEEEFF" CLASS="NavBarCell1">    <A HREF="./deprecated-list.html"><FONT CLASS="NavBarFont1"><STRONG>Deprecated</STRONG></FONT></A>&nbsp;</TD>
  <TD BGCOLOR="#FFFFFF" CLASS="NavBarCell1Rev"> &nbsp;<FONT CLASS="NavBarFont1Rev"><STRONG>Index</STRONG></FONT>&nbsp;</TD>
  <TD BGCOLOR="#EEEEFF" CLASS="NavBarCell1">    <A HREF="./help-doc.html"><FONT CLASS="NavBarFont1"><STRONG>Help</STRONG></FONT></A>&nbsp;</TD>
  </TR>
</TABLE>
</TD>
<TD ALIGN="right" VALIGN="top" ROWSPAN=3><EM>
</EM>
</TD>
</TR>

<TR>
<TD BGCOLOR="white" CLASS="NavBarCell2"><FONT SIZE="-2">
&nbsp;PREV&nbsp;
&nbsp;NEXT</FONT></TD>
<TD BGCOLOR="white" CLASS="NavBarCell2"><FONT SIZE="-2">
  <A HREF="./index.html?index-all.html" target="_top"><STRONG>FRAMES</STRONG></A>  &nbsp;
&nbsp;<A HREF="index-all.html" target="_top"><STRONG>NO FRAMES</STRONG></A>  &nbsp;
&nbsp;<SCRIPT type="text/javascript">
  <!--
  if(window==top) {
    document.writeln('<A HREF="./allclasses-noframe.html"><STRONG>All Classes</STRONG></A>');
  }
  //-->
</SCRIPT>
<NOSCRIPT>
  <A HREF="./allclasses-noframe.html"><STRONG>All Classes</STRONG></A>
</NOSCRIPT>


</FONT></TD>
</TR>
</TABLE>
<A NAME="skip-navbar_bottom"></A>
<!-- ======== END OF BOTTOM NAVBAR ======= -->

<HR>

</BODY>
</HTML>
