<!DOCTYPE HTML PUBLIC "-//W3C//DTD HTML 4.01 Transitional//EN" "http://www.w3.org/TR/html4/loose.dtd">
<!--NewPage-->
<HTML lang="en">
<HEAD>
<TITLE>
All Classes
</TITLE>


<LINK REL ="stylesheet" TYPE="text/css" HREF="stylesheet.css" TITLE="Style">


</HEAD>

<BODY BGCOLOR="white">
<FONT size="+1" CLASS="FrameHeadingFont">
<STRONG>All Classes</STRONG></FONT>
<BR>

<TABLE BORDER="0" WIDTH="100%" SUMMARY="">
<TR>
<TD NOWRAP><FONT CLASS="FrameItemFont"><A HREF="tp/PVis.html" title="class in tp" target="classFrame">PVis</A>
<BR>
<A HREF="tp/PVis.Ap_public.html" title="annotation in tp" target="classFrame">PVis.Ap_public</A>
<BR>
<A HREF="tp/PVis.Cp_public.html" title="class in tp" target="classFrame">PVis.Cp_public</A>
<BR>
<A HREF="tp/PVis.EP_public.html" title="enum in tp" target="classFrame">PVis.EP_public</A>
<BR>
<A HREF="tp/PVis.Ip_public.html" title="interface in tp" target="classFrame"><I>PVis.Ip_public</I></A>
<BR>
<A HREF="Vis.html" title="class in &lt;Unnamed&gt;" target="classFrame">Vis</A>
<BR>
<A HREF="Vis.A_public.html" title="annotation in &lt;Unnamed&gt;" target="classFrame">Vis.A_public</A>
<BR>
<A HREF="Vis.C_public.html" title="class in &lt;Unnamed&gt;" target="classFrame">Vis.C_public</A>
<BR>
<A HREF="Vis.E_public.html" title="enum in &lt;Unnamed&gt;" target="classFrame">Vis.E_public</A>
<BR>
<A HREF="Vis.I_public.html" title="interface in &lt;Unnamed&gt;" target="classFrame"><I>Vis.I_public</I></A>
<BR>
</FONT></TD>
</TR>
</TABLE>

</BODY>
</HTML>
