<!DOCTYPE HTML PUBLIC "-//W3C//DTD HTML 4.01 Transitional//EN" "http://www.w3.org/TR/html4/loose.dtd">
<!--NewPage-->
<HTML lang="en">
<HEAD>
<TITLE>
All Classes
</TITLE>


<LINK REL ="stylesheet" TYPE="text/css" HREF="stylesheet.css" TITLE="Style">


</HEAD>

<BODY BGCOLOR="white">
<FONT size="+1" CLASS="FrameHeadingFont">
<STRONG>All Classes</STRONG></FONT>
<BR>

<TABLE BORDER="0" WIDTH="100%" SUMMARY="">
<TR>
<TD NOWRAP><FONT CLASS="FrameItemFont"><A HREF="tp/PVis.html" title="class in tp" target="classFrame">PVis</A>
<BR>
<A HREF="tp/PVis.Ap_package.html" title="annotation in tp" target="classFrame">PVis.Ap_package</A>
<BR>
<A HREF="tp/PVis.Ap_protected.html" title="annotation in tp" target="classFrame">PVis.Ap_protected</A>
<BR>
<A HREF="tp/PVis.Ap_public.html" title="annotation in tp" target="classFrame">PVis.Ap_public</A>
<BR>
<A HREF="tp/PVis.Cp_package.html" title="class in tp" target="classFrame">PVis.Cp_package</A>
<BR>
<A HREF="tp/PVis.Cp_protected.html" title="class in tp" target="classFrame">PVis.Cp_protected</A>
<BR>
<A HREF="tp/PVis.Cp_public.html" title="class in tp" target="classFrame">PVis.Cp_public</A>
<BR>
<A HREF="tp/PVis.EP_package.html" title="enum in tp" target="classFrame">PVis.EP_package</A>
<BR>
<A HREF="tp/PVis.EP_protected.html" title="enum in tp" target="classFrame">PVis.EP_protected</A>
<BR>
<A HREF="tp/PVis.EP_public.html" title="enum in tp" target="classFrame">PVis.EP_public</A>
<BR>
<A HREF="tp/PVis.Ip_package.html" title="interface in tp" target="classFrame"><I>PVis.Ip_package</I></A>
<BR>
<A HREF="tp/PVis.Ip_protected.html" title="interface in tp" target="classFrame"><I>PVis.Ip_protected</I></A>
<BR>
<A HREF="tp/PVis.Ip_public.html" title="interface in tp" target="classFrame"><I>PVis.Ip_public</I></A>
<BR>
<A HREF="SVis.html" title="class in &lt;Unnamed&gt;" target="classFrame">SVis</A>
<BR>
<A HREF="SVis.As_package.html" title="annotation in &lt;Unnamed&gt;" target="classFrame">SVis.As_package</A>
<BR>
<A HREF="SVis.As_protected.html" title="annotation in &lt;Unnamed&gt;" target="classFrame">SVis.As_protected</A>
<BR>
<A HREF="SVis.As_public.html" title="annotation in &lt;Unnamed&gt;" target="classFrame">SVis.As_public</A>
<BR>
<A HREF="SVis.Cs_package.html" title="class in &lt;Unnamed&gt;" target="classFrame">SVis.Cs_package</A>
<BR>
<A HREF="SVis.Cs_protected.html" title="class in &lt;Unnamed&gt;" target="classFrame">SVis.Cs_protected</A>
<BR>
<A HREF="SVis.Cs_public.html" title="class in &lt;Unnamed&gt;" target="classFrame">SVis.Cs_public</A>
<BR>
<A HREF="SVis.ES_package.html" title="enum in &lt;Unnamed&gt;" target="classFrame">SVis.ES_package</A>
<BR>
<A HREF="SVis.ES_protected.html" title="enum in &lt;Unnamed&gt;" target="classFrame">SVis.ES_protected</A>
<BR>
<A HREF="SVis.ES_public.html" title="enum in &lt;Unnamed&gt;" target="classFrame">SVis.ES_public</A>
<BR>
<A HREF="SVis.Is_package.html" title="interface in &lt;Unnamed&gt;" target="classFrame"><I>SVis.Is_package</I></A>
<BR>
<A HREF="SVis.Is_protected.html" title="interface in &lt;Unnamed&gt;" target="classFrame"><I>SVis.Is_protected</I></A>
<BR>
<A HREF="SVis.Is_public.html" title="interface in &lt;Unnamed&gt;" target="classFrame"><I>SVis.Is_public</I></A>
<BR>
<A HREF="Vis.html" title="class in &lt;Unnamed&gt;" target="classFrame">Vis</A>
<BR>
<A HREF="Vis.A_package.html" title="annotation in &lt;Unnamed&gt;" target="classFrame">Vis.A_package</A>
<BR>
<A HREF="Vis.A_protected.html" title="annotation in &lt;Unnamed&gt;" target="classFrame">Vis.A_protected</A>
<BR>
<A HREF="Vis.A_public.html" title="annotation in &lt;Unnamed&gt;" target="classFrame">Vis.A_public</A>
<BR>
<A HREF="Vis.C_package.html" title="class in &lt;Unnamed&gt;" target="classFrame">Vis.C_package</A>
<BR>
<A HREF="Vis.C_protected.html" title="class in &lt;Unnamed&gt;" target="classFrame">Vis.C_protected</A>
<BR>
<A HREF="Vis.C_public.html" title="class in &lt;Unnamed&gt;" target="classFrame">Vis.C_public</A>
<BR>
<A HREF="Vis.E_package.html" title="enum in &lt;Unnamed&gt;" target="classFrame">Vis.E_package</A>
<BR>
<A HREF="Vis.E_protected.html" title="enum in &lt;Unnamed&gt;" target="classFrame">Vis.E_protected</A>
<BR>
<A HREF="Vis.E_public.html" title="enum in &lt;Unnamed&gt;" target="classFrame">Vis.E_public</A>
<BR>
<A HREF="Vis.I_package.html" title="interface in &lt;Unnamed&gt;" target="classFrame"><I>Vis.I_package</I></A>
<BR>
<A HREF="Vis.I_protected.html" title="interface in &lt;Unnamed&gt;" target="classFrame"><I>Vis.I_protected</I></A>
<BR>
<A HREF="Vis.I_public.html" title="interface in &lt;Unnamed&gt;" target="classFrame"><I>Vis.I_public</I></A>
<BR>
</FONT></TD>
</TR>
</TABLE>

</BODY>
</HTML>
